================================================================================
GEOREFERENCING REPORT
================================================================================
Date: 2026-07-05 23:21:07
Source Raster: atlas/2_general/5_aeronomy_and_physics_of_the_earth/15_ionosphere_p_25-30/maps/P_26_II_I/P_26_II_I.tiff
Target Raster: atlas/2_general/5_aeronomy_and_physics_of_the_earth/15_ionosphere_p_25-30/maps/P_26_II_I.tiff
Tie Points: atlas/2_general/5_aeronomy_and_physics_of_the_earth/15_ionosphere_p_25-30/maps/P_26_II_I/P_26_II_I.gpkg

Target CRS: EPSG:3031
Number of tie points: 17
Source dimensions: 1594 x 1821 pixels
Source bands: 3

--------------------------------------------------------------------------------
CONTROL POINTS
--------------------------------------------------------------------------------
ID    Pixel X    Pixel Y    Map X        Map Y        Target X     Target Y    
--------------------------------------------------------------------------------
1     830.8      896.0      130053       55643        0            0           
2     544.7      897.4      -969993      50247        -2194494     0           
3     830.9      609.2      130412       1158088      0            2194494     
4     1119.5     894.6      1239692      61280        2194494      0           
5     831.7      1183.9     133530       -1051118     0            -2194494    
6     831.2      1039.9     131611       -497558      0            -1089179    
7     975.0      895.3      684213       58401        1089179      0           
8     689.0      896.8      -415234      52645        -1089179     0           
9     830.9      753.7      130292       602848       0            1089179     
10    829.6      182.3      125376       2799102      0            5791904     
11    832.2      1611.7     135449       -2695251     0            -5791904    
12    1546.0     890.4      2879268      77349        5791904      0           
13    117.3      899.1      -2612687     44011        -5791904     0           
14    527.9      594.9      -1034332     1213372      -2356882     2356882     
15    1134.8     590.9      1298334      1228602      2356882      2356882     
16    528.1      1201.9     -1033552     -1120074     -2356882     -2356882    
17    1136.8     1197.2     1306249      -1102205     2356882      -2356882    

--------------------------------------------------------------------------------
RESIDUAL ANALYSIS
--------------------------------------------------------------------------------
ID    dX (m)       dY (m)       Residual (m)   
--------------------------------------------------------------------------------
1     -5822.37     1322.41      5970.65        
2     -90651.37    4218.17      90749.46       
3     -1014.88     91417.40     91423.03       
4     98885.89     -1199.11     98893.16       
5     -2694.41     -97768.22    97805.34       
6     -4630.45     -55915.50    56106.90       
7     53232.57     -54.17       53232.60       
8     -46490.70    2088.37      46537.58       
9     -3309.19     46111.57     46230.15       
10    -5404.57     -105255.29   105393.95      
11    -4776.68     92482.99     92606.27       
12    -101251.44   11117.76     101859.99      
13    103061.72    12319.39     103795.40      
14    -57287.62    58502.11     81880.21       
15    62306.08     60208.88     86643.85       
16    -64270.28    -63339.76    90236.32       
17    70117.69     -56256.99    89896.27       
--------------------------------------------------------------------------------

TRANSFORMATION STATISTICS
--------------------------------------------------------------------------------
Transformation type: Affine (1st-order polynomial, 6 parameters)
Number of GCPs used: 17
Degrees of freedom:  14

Residual Errors:
  Mean error:       78780.07 m
  RMSE (total):     83146.89 m
  RMSE X:           59508.99 m
  RMSE Y:           58069.66 m
  Std deviation:    26591.48 m
  Maximum error:   105393.95 m
  Minimum error:     5970.65 m

Transformation Matrix:
  a (scale X):        7964.883087
  b (rotation):        -14.163688
  c (translation X):     -6610612.93
  d (rotation):        -49.197879
  e (scale Y):       -7966.001942
  f (translation Y):      7179932.95

Derived Parameters:
  Pixel size X:      7964.88 m/pixel
  Pixel size Y:      7966.00 m/pixel
  Rotation:          -0.1019 degrees

QUALITY ASSESSMENT
--------------------------------------------------------------------------------
Overall quality: POOR (RMSE: 83146.89 m)

================================================================================