================================================================================
GEOREFERENCING REPORT
================================================================================
Date: 2026-09-09 22:37:09
Source Raster: atlas/2_general/8_glaciation/29_ice_sheet_morphology_p_94-95/maps/P_94-95_I/P_94-95_I.tiff
Target Raster: atlas/2_general/8_glaciation/29_ice_sheet_morphology_p_94-95/maps/P_94-95_I.tiff
Tie Points: atlas/2_general/8_glaciation/29_ice_sheet_morphology_p_94-95/maps/P_94-95_I/P_94-95_I.gpkg

Source CRS (pixel lookup): EPSG:3031 — WGS 84 / Antarctic Polar Stereographic
Target CRS (output):       EPSG:3031 — WGS 84 / Antarctic Polar Stereographic
Number of tie points: 15
Source dimensions: 4840 x 3578 pixels
Source bands: 3
Source declared CRS: EPSG:3031

--------------------------------------------------------------------------------
CONTROL POINTS
--------------------------------------------------------------------------------
ID    Pixel X    Pixel Y    Src X        Src Y        Target X     Target Y    
--------------------------------------------------------------------------------
1     2417.9     1864.8     -3044        -109664      0            0           
2     692.1      1860.5     -2499078     -103462      -2194494     0           
3     2421.3     135.4      1936         2391539      0            2194494     
4     4146.3     1869.0     2496749      -115678      2194494      0           
5     2415.5     2729.6     -6521        -1360312     0            -1089179    
6     3282.3     1867.2     1247134      -113141      1089179      0           
7     1556.3     1863.1     -1249088     -107127      -1089179     0           
8     2419.7     1001.1     -413         1139481      0            1089179     
9     3743.9     757.6      1914698      1491681      1681080      1410594     
10    1095.2     751.3      -1916041     1500749      -1681080     1410594     
11    1090.6     2973.1     -1922619     -1712559     -1681080     -1410594    
12    3737.6     2981.4     1905630      -1724587     1681080      -1410594    
13    4652.1     3165.4     3228259      -1990617     2886579      -1666567    
14    4659.5     580.2      3238972      1748266      2886579      1666567     
15    178.8      565.3      -3241395     1769880      -2886579     1666567     

--------------------------------------------------------------------------------
RESIDUAL ANALYSIS
--------------------------------------------------------------------------------
ID    dX (m)       dY (m)       Residual (m)   
--------------------------------------------------------------------------------
1     2448.60      1535.45      2890.20        
2     -10327.39    3087.87      10779.14       
3     -2366.60     11253.27     11499.43       
4     18547.81     154.55       18548.45       
5     3983.84      -11434.08    12108.22       
6     18816.90     431.38       18821.84       
7     -10259.93    1817.88      10419.73       
8     171.01       13178.66     13179.77       
9     11328.62     5145.82      12442.55       
10    -14073.46    7131.51      15777.22       
11    -8046.12     -3444.18     8752.28        
12    15164.78     -8042.35     17165.37       
13    -19749.81    15564.03     25145.46       
14    -24058.11    -22633.46    33031.29       
15    18419.86     -13746.35    22983.76       
--------------------------------------------------------------------------------

TRANSFORMATION STATISTICS
--------------------------------------------------------------------------------
Transformation type: Affine (1st-order polynomial, 6 parameters)
Number of GCPs used: 15
Observations:        30 (2 per GCP)
Degrees of freedom:  24

Residual Errors:
  Mean error:       15569.65 m
  RMSE (total):     17147.55 m
  RMSE X:           13824.53 m
  RMSE Y:           10144.99 m
  Std deviation:     7185.02 m
  Maximum error:    33031.29 m  (point 14)
  Minimum error:     2890.20 m
  RMSE excl. worst point:   15398.31 m (10% lower)

Map scale: 1:20,000,000
  RMSE on the sheet:     0.86 mm
  Max error on sheet:    1.65 mm
  (0.5 mm is the conventional plotting accuracy)

Transformation Matrix:
  a (scale X):        1278.948731
  b (rotation):          5.330967
  c (translation X):     -3099856.73
  d (rotation):          2.267412
  e (scale Y):       -1274.546342
  f (translation Y):      2372858.54

Derived Parameters:
  Pixel size X:      1278.95 m/pixel
  Pixel size Y:      1274.55 m/pixel
  Rotation:           0.2388 degrees

QUALITY ASSESSMENT
--------------------------------------------------------------------------------
Overall quality: ACCEPTABLE (RMSE 17148 m = 0.86 mm at 1:20,000,000)

================================================================================