================================================================================
GEOREFERENCING REPORT
================================================================================
Date: 2026-09-08 22:48:25
Source Raster: atlas/3_regional/13_southern_ocean/50_indian_sector_and_davis_sea_p_190-207/maps/P_203_VII/P_203_VII.tiff
Target Raster: atlas/3_regional/13_southern_ocean/50_indian_sector_and_davis_sea_p_190-207/maps/P_203_VII.tiff
Tie Points: atlas/3_regional/13_southern_ocean/50_indian_sector_and_davis_sea_p_190-207/maps/P_203_VII/P_203_VII.gpkg

Target CRS: EPSG:9354
Number of tie points: 3
Source dimensions: 2755 x 1551 pixels
Source bands: 3

--------------------------------------------------------------------------------
CONTROL POINTS
--------------------------------------------------------------------------------
ID    Pixel X    Pixel Y    Map X        Map Y        Target X     Target Y    
--------------------------------------------------------------------------------
1     678.8      620.1      -1775392     394830       2692673      235578      
2     1405.9     592.7      72245        464441       2702959      0           
3     2133.3     621.5      1920343      391239       2692673      -235578     

--------------------------------------------------------------------------------
RESIDUAL ANALYSIS
--------------------------------------------------------------------------------
ID    dX (m)       dY (m)       Residual (m)   
--------------------------------------------------------------------------------
1     0.00         -0.00        0.00           
2     0.00         -0.00        0.00           
3     0.00         0.00         0.00           
--------------------------------------------------------------------------------

TRANSFORMATION STATISTICS
--------------------------------------------------------------------------------
Transformation type: Affine (1st-order polynomial, 6 parameters)
Number of GCPs used: 3
Degrees of freedom:  0

Residual Errors:
  Mean error:           0.00 m
  RMSE (total):         0.00 m
  RMSE X:               0.00 m
  RMSE Y:               0.00 m
  Std deviation:        0.00 m
  Maximum error:        0.00 m
  Minimum error:        0.00 m

Transformation Matrix:
  a (scale X):           0.355622
  b (rotation):       -365.989504
  c (translation X):      2919384.25
  d (rotation):       -323.923465
  e (scale Y):           1.044241
  f (translation Y):       454795.93

Derived Parameters:
  Pixel size X:         0.36 m/pixel
  Pixel size Y:         1.04 m/pixel
  Rotation:         -89.9443 degrees

QUALITY ASSESSMENT
--------------------------------------------------------------------------------
Overall quality: EXCELLENT (RMSE: 0.00 m)
WARNING: Less than 4 GCPs used. Consider adding more points.

================================================================================