================================================================================
GEOREFERENCING REPORT
================================================================================
Date: 2026-09-11 22:47:11
Source Raster: atlas/3_regional/12_continent_and_islands/48_oceanic_islands_p_178-180/maps/P_180_VIII/P_180_VIII.tiff
Target Raster: atlas/3_regional/12_continent_and_islands/48_oceanic_islands_p_178-180/maps/P_180_VIII.tiff
Tie Points: atlas/3_regional/12_continent_and_islands/48_oceanic_islands_p_178-180/maps/P_180_VIII/P_180_VIII.gpkg

Source CRS (pixel lookup): EPSG:3031 — WGS 84 / Antarctic Polar Stereographic
Target CRS (output):       EPSG:3031 — WGS 84 / Antarctic Polar Stereographic
Number of tie points: 3
Source dimensions: 2477 x 1189 pixels
Source bands: 3
Source declared CRS: EPSG:3031

--------------------------------------------------------------------------------
CONTROL POINTS
--------------------------------------------------------------------------------
ID    Pixel X    Pixel Y    Src X        Src Y        Target X     Target Y    
--------------------------------------------------------------------------------
1     368.2      501.7      -2459329     262364       -2893        -2486598    
2     1110.5     503.0      -361728      258605       -3617        -2486597    
3     1860.2     503.5      1756922      257102       -4340        -2486596    

--------------------------------------------------------------------------------
RESIDUAL ANALYSIS
--------------------------------------------------------------------------------
ID    dX (m)       dY (m)       Residual (m)   
--------------------------------------------------------------------------------
1     -0.00        0.00         0.00           
2     -0.00        0.00         0.00           
3     -0.00        0.00         0.00           
--------------------------------------------------------------------------------

TRANSFORMATION STATISTICS
--------------------------------------------------------------------------------
Transformation type: Affine (1st-order polynomial, 6 parameters)
Number of GCPs used: 3
Observations:        6 (2 per GCP)
Degrees of freedom:  0

Residual Errors:
  Mean error:           0.00 m
  RMSE (total):         0.00 m
  RMSE X:               0.00 m
  RMSE Y:               0.00 m
  Std deviation:        0.00 m
  Maximum error:        0.00 m  (point 1)
  Minimum error:        0.00 m
  RMSE excl. worst point:       0.00 m (33% lower)

Map scale: 1:15,000
  RMSE on the sheet:     0.00 mm
  Max error on sheet:    0.00 mm
  (0.5 mm is the conventional plotting accuracy)

Transformation Matrix:
  a (scale X):          -0.958524
  b (rotation):         -8.892226
  c (translation X):         1920.55
  d (rotation):          0.001719
  e (scale Y):          -0.247677
  f (translation Y):     -2486474.06

Derived Parameters:
  Pixel size X:         0.96 m/pixel
  Pixel size Y:         0.25 m/pixel
  Rotation:         -96.1524 degrees

QUALITY ASSESSMENT
--------------------------------------------------------------------------------
Overall quality: EXCELLENT (RMSE 0 m = 0.00 mm at 1:15,000)
WARNING: Only 3 GCP(s) used, so the fit has 0 degree(s) of freedom and the residuals below understate the true error. Add more points.

================================================================================