================================================================================
GEOREFERENCING REPORT
================================================================================
Date: 2026-09-11 22:47:10
Source Raster: atlas/3_regional/12_continent_and_islands/48_oceanic_islands_p_178-180/maps/P_180_VII/P_180_VII.tiff
Target Raster: atlas/3_regional/12_continent_and_islands/48_oceanic_islands_p_178-180/maps/P_180_VII.tiff
Tie Points: atlas/3_regional/12_continent_and_islands/48_oceanic_islands_p_178-180/maps/P_180_VII/P_180_VII.gpkg

Source CRS (pixel lookup): EPSG:3031 — WGS 84 / Antarctic Polar Stereographic
Target CRS (output):       EPSG:3031 — WGS 84 / Antarctic Polar Stereographic
Number of tie points: 2
Source dimensions: 4818 x 2436 pixels
Source bands: 3
Source declared CRS: EPSG:3031

--------------------------------------------------------------------------------
CONTROL POINTS
--------------------------------------------------------------------------------
ID    Pixel X    Pixel Y    Src X        Src Y        Target X     Target Y    
--------------------------------------------------------------------------------
1     1620.8     823.8      -1145127     572702       3978503      1216350     
2     3384.8     819.3      1417738      579324       3988966      1181585     
WARNING: P_180_VII.tiff: 2 tie point(s) — using Similarity (conformal: scale + rotation + translation, 4 parameters) instead of a full affine

--------------------------------------------------------------------------------
RESIDUAL ANALYSIS
--------------------------------------------------------------------------------
ID    dX (m)       dY (m)       Residual (m)   
--------------------------------------------------------------------------------
1     -0.00        -0.00        0.00           
2     -0.00        -0.00        0.00           
--------------------------------------------------------------------------------

TRANSFORMATION STATISTICS
--------------------------------------------------------------------------------
Transformation type: Similarity (conformal: scale + rotation + translation, 4 parameters) — only 2 tie points available
Number of GCPs used: 2
Observations:        4 (2 per GCP)
Degrees of freedom:  0

Residual Errors:
  Mean error:           0.00 m
  RMSE (total):         0.00 m
  RMSE X:               0.00 m
  RMSE Y:               0.00 m
  Std deviation:        0.00 m
  Maximum error:        0.00 m  (point 2)
  Minimum error:        0.00 m
  RMSE excl. worst point:       0.00 m (5% lower)

Map scale: 1:300,000
  RMSE on the sheet:     0.00 mm
  Max error on sheet:    0.00 mm
  (0.5 mm is the conventional plotting accuracy)

Transformation Matrix:
  a (scale X):           5.880526
  b (rotation):        -19.723349
  c (translation X):      3985219.89
  d (rotation):        -19.723349
  e (scale Y):          -5.880526
  f (translation Y):      1253162.95

Derived Parameters:
  Pixel size X:         5.88 m/pixel
  Pixel size Y:         5.88 m/pixel
  Rotation:         -73.3980 degrees

QUALITY ASSESSMENT
--------------------------------------------------------------------------------
Overall quality: EXCELLENT (RMSE 0 m = 0.00 mm at 1:300,000)
WARNING: Only 2 GCP(s) used, so the fit has 0 degree(s) of freedom and the residuals below understate the true error. Add more points.

================================================================================