================================================================================
GEOREFERENCING REPORT
================================================================================
Date: 2026-09-09 22:37:04
Source Raster: atlas/1_introductory/2_history_of_exploration/5_main_expeditions_by_periods_p_7-12/maps/P_8_III_B/P_8_III_B.tiff
Target Raster: atlas/1_introductory/2_history_of_exploration/5_main_expeditions_by_periods_p_7-12/maps/P_8_III_B.tiff
Tie Points: atlas/1_introductory/2_history_of_exploration/5_main_expeditions_by_periods_p_7-12/maps/P_8_III_B/P_8_III_B.gpkg

Source CRS (pixel lookup): EPSG:3031 — WGS 84 / Antarctic Polar Stereographic
Target CRS (output):       EPSG:3031 — WGS 84 / Antarctic Polar Stereographic
Number of tie points: 9
Source dimensions: 1100 x 1869 pixels
Source bands: 3
Source declared CRS: EPSG:3031

--------------------------------------------------------------------------------
CONTROL POINTS
--------------------------------------------------------------------------------
ID    Pixel X    Pixel Y    Src X        Src Y        Target X     Target Y    
--------------------------------------------------------------------------------
1     546.2      85.6       -14379       3179453      0            0           
2     552.3      946.7      8558         -45561       0            -1089179    
3     557.9      1808.9     29771        -3274886     0            -2194494    
4     855.3      1781.6     1143521      -3172789     381070       -2161155    
5     845.6      893.7      1106960      152941       372521       -1023494    
6     258.0      895.3      -1093638     146733       -372521      -1023494    
7     120.6      833.7      -1608261     377485       -544590      -943257     
8     981.7      829.8      1616926      391972       544590       -943257     
9     701.1      932.8      565778       6350         189134       -1072632    

--------------------------------------------------------------------------------
RESIDUAL ANALYSIS
--------------------------------------------------------------------------------
ID    dX (m)       dY (m)       Residual (m)   
--------------------------------------------------------------------------------
1     -864.93      6472.66      6530.19        
2     662.00       -2571.19     2655.04        
3     1597.12      3054.86      3447.17        
4     -2467.27     2725.24      3676.19        
5     139.63       -2394.70     2398.77        
6     656.05       -1038.37     1228.26        
7     -938.50      -1887.43     2107.89        
8     1066.79      -2040.72     2302.73        
9     149.10       -2320.34     2325.13        
--------------------------------------------------------------------------------

TRANSFORMATION STATISTICS
--------------------------------------------------------------------------------
Transformation type: Affine (1st-order polynomial, 6 parameters)
Number of GCPs used: 9
Observations:        18 (2 per GCP)
Degrees of freedom:  12

Residual Errors:
  Mean error:        2963.48 m
  RMSE (total):      3291.48 m
  RMSE X:            1169.78 m
  RMSE Y:            3076.60 m
  Std deviation:     1432.34 m
  Maximum error:     6530.19 m  (point 1)
  Minimum error:     1228.26 m
  RMSE excl. worst point:    2618.71 m (20% lower)

Map scale: 1:20,000,000
  RMSE on the sheet:     0.16 mm
  Max error on sheet:    0.33 mm
  (0.5 mm is the conventional plotting accuracy)

Transformation Matrix:
  a (scale X):        1267.129724
  b (rotation):         -7.238929
  c (translation X):      -692301.85
  d (rotation):         -5.906603
  e (scale Y):       -1275.362100
  f (translation Y):       118851.77

Derived Parameters:
  Pixel size X:      1267.13 m/pixel
  Pixel size Y:      1275.36 m/pixel
  Rotation:          -0.3273 degrees

QUALITY ASSESSMENT
--------------------------------------------------------------------------------
Overall quality: EXCELLENT (RMSE 3291 m = 0.16 mm at 1:20,000,000)

================================================================================