================================================================================
GEOREFERENCING REPORT
================================================================================
Date: 2026-09-09 22:31:57
Source Raster: atlas/2_general/9_waters_of_the_southern_ocean/35_physical_and_chemical_properties_p_109-117/maps/P_112_IX/P_112_IX.tiff
Target Raster: atlas/2_general/9_waters_of_the_southern_ocean/35_physical_and_chemical_properties_p_109-117/maps/P_112_IX.tiff
Tie Points: atlas/2_general/9_waters_of_the_southern_ocean/35_physical_and_chemical_properties_p_109-117/maps/P_112_IX/P_112_IX.gpkg

Source CRS (pixel lookup): EPSG:3031 — WGS 84 / Antarctic Polar Stereographic
Target CRS (output):       EPSG:3031 — WGS 84 / Antarctic Polar Stereographic
Number of tie points: 13
Source dimensions: 4118 x 4825 pixels
Source bands: 3
Source declared CRS: EPSG:3031

--------------------------------------------------------------------------------
CONTROL POINTS
--------------------------------------------------------------------------------
ID    Pixel X    Pixel Y    Src X        Src Y        Target X     Target Y    
--------------------------------------------------------------------------------
1     87.6       438.7      -2860096     2863546      -2553329     2142497     
2     4050.1     456.4      2888687      2837927      2553329      2142497     
3     4036.8     4314.1     2869304      -2758760     2553329      -2142497    
4     -173.4     3864.6     -3238728     -2106642     -2886579     -1666567    
5     2059.8     2376.4     1147         52347        0            0           
6     340.7      2367.6     -2492877     65103        -2194494     0           
7     2075.2     368.4      23551        2965583      0            2194494     
8     3787.8     2384.2     2508174      41032        2194494      0           
9     2058.8     4379.3     -285         -2853438     0            -2194494    
10    2060.6     3381.8     2389         -1406298     0            -1089179    
11    2924.6     2380.3     1255775      46768        1089179      0           
12    1202.4     2372.0     -1242710     58770        -1089179     0           
13    2063.6     1375.0     6667         1505155      0            1089179     

--------------------------------------------------------------------------------
RESIDUAL ANALYSIS
--------------------------------------------------------------------------------
ID    dX (m)       dY (m)       Residual (m)   
--------------------------------------------------------------------------------
1     7128.10      -15321.06    16898.07       
2     -9364.03     -14538.82    17293.42       
3     -11986.97    15032.29     19226.47       
4     18039.92     13403.10     22474.03       
5     -5490.22     -191.54      5493.57        
6     -19293.39    717.87       19306.74       
7     6778.99      20427.36     21522.82       
8     19821.94     41.43        19821.98       
9     790.08       -15070.82    15091.51       
10    -601.57      -20065.66    20074.68       
11    16219.97     -11.56       16219.98       
12    -17665.75    308.75       17668.45       
13    -4377.08     15268.66     15883.66       
--------------------------------------------------------------------------------

TRANSFORMATION STATISTICS
--------------------------------------------------------------------------------
Transformation type: Affine (1st-order polynomial, 6 parameters)
Number of GCPs used: 13
Observations:        26 (2 per GCP)
Degrees of freedom:  20

Residual Errors:
  Mean error:       17459.64 m
  RMSE (total):     17924.45 m
  RMSE X:           12539.70 m
  RMSE Y:           12807.88 m
  Std deviation:     4055.46 m
  Maximum error:    22474.03 m  (point 4)
  Minimum error:     5493.57 m
  RMSE excl. worst point:   17491.99 m (2% lower)

Map scale: 1:40,000,000
  RMSE on the sheet:     0.45 mm
  Max error on sheet:    0.56 mm
  (0.5 mm is the conventional plotting accuracy)

Transformation Matrix:
  a (scale X):        1284.550178
  b (rotation):          3.768752
  c (translation X):     -2660350.80
  d (rotation):          5.113112
  e (scale Y):       -1103.076088
  f (translation Y):      2610646.66

Derived Parameters:
  Pixel size X:      1284.55 m/pixel
  Pixel size Y:      1103.08 m/pixel
  Rotation:           0.1681 degrees

QUALITY ASSESSMENT
--------------------------------------------------------------------------------
Overall quality: GOOD (RMSE 17924 m = 0.45 mm at 1:40,000,000)

================================================================================