================================================================================
GEOREFERENCING REPORT
================================================================================
Date: 2026-08-26 23:53:27
Source Raster: atlas/2_general/5_aeronomy_and_physics_of_the_earth/15_ionosphere_p_25-30/maps/P_28_IV_Zh/P_28_IV_Zh.tiff
Target Raster: atlas/2_general/5_aeronomy_and_physics_of_the_earth/15_ionosphere_p_25-30/maps/P_28_IV_Zh.tiff
Tie Points: atlas/2_general/5_aeronomy_and_physics_of_the_earth/15_ionosphere_p_25-30/maps/P_28_IV_Zh/P_28_IV_Zh.gpkg

Target CRS: EPSG:3031
Number of tie points: 13
Source dimensions: 1539 x 1793 pixels
Source bands: 3

--------------------------------------------------------------------------------
CONTROL POINTS
--------------------------------------------------------------------------------
ID    Pixel X    Pixel Y    Map X        Map Y        Target X     Target Y    
--------------------------------------------------------------------------------
1     769.2      905.7      -1142        -36097       0            0           
2     481.6      904.0      -1123973     -29262       -2194494     0           
3     770.3      618.4      3295         1085535      0            2194494     
4     1055.4     905.8      1116172      -36217       2194494      0           
5     768.0      1191.9     -5819        -1153412     0            -2194494    
6     768.9      1048.2     -2461        -592176      0            -1089179    
7     912.0      905.8      556376       -36217       1089179      0           
8     625.7      903.9      -561539      -29022       -1089179     0           
9     769.2      762.1      -1262        524539       0            1089179     
10    767.0      1618.4     -9657        -2818411     0            -5791904    
11    1482.4     906.9      2783090      -40534       5791904      0           
12    771.2      190.7      6653         2755571      0            5791904     
13    55.2       903.2      -2788853     -26264       -5791904     0           

--------------------------------------------------------------------------------
RESIDUAL ANALYSIS
--------------------------------------------------------------------------------
ID    dX (m)       dY (m)       Residual (m)   
--------------------------------------------------------------------------------
1     2277.44      -5898.20     6322.62        
2     -114583.33   1791.36      114597.34      
3     4468.04      108041.06    108133.41      
4     107741.27    202.22       107741.46      
5     -433.59      -110953.69   110954.54      
6     3004.24      -61181.42    61255.14       
7     60732.26     -2977.87     60805.23       
8     -62144.98    5480.06      62386.13       
9     -1439.84     58755.60     58773.24       
10    1973.61      59732.45     59765.04       
11    -58343.26    786.49       58348.56       
12    1042.23      -52281.81    52292.20       
13    55705.91     -1496.23     55726.00       
--------------------------------------------------------------------------------

TRANSFORMATION STATISTICS
--------------------------------------------------------------------------------
Transformation type: Affine (1st-order polynomial, 6 parameters)
Number of GCPs used: 13
Degrees of freedom:  10

Residual Errors:
  Mean error:       70546.22 m
  RMSE (total):     76659.37 m
  RMSE X:           54657.28 m
  RMSE Y:           53751.66 m
  Std deviation:    29998.14 m
  Maximum error:   114597.34 m
  Minimum error:     6322.62 m

Transformation Matrix:
  a (scale X):        8036.408542
  b (rotation):         24.166800
  c (translation X):     -6201276.46
  d (rotation):         22.178209
  e (scale Y):       -8034.891495
  f (translation Y):      7254613.32

Derived Parameters:
  Pixel size X:      8036.41 m/pixel
  Pixel size Y:      8034.89 m/pixel
  Rotation:           0.1723 degrees

QUALITY ASSESSMENT
--------------------------------------------------------------------------------
Overall quality: POOR (RMSE: 76659.37 m)

================================================================================