================================================================================
GEOREFERENCING REPORT
================================================================================
Date: 2026-09-08 22:48:26
Source Raster: atlas/3_regional/13_southern_ocean/50_indian_sector_and_davis_sea_p_190-207/maps/P_205-206_XIV_A/P_205-206_XIV_A.tiff
Target Raster: atlas/3_regional/13_southern_ocean/50_indian_sector_and_davis_sea_p_190-207/maps/P_205-206_XIV_A.tiff
Tie Points: atlas/3_regional/13_southern_ocean/50_indian_sector_and_davis_sea_p_190-207/maps/P_205-206_XIV_A/P_205-206_XIV_A.gpkg

Target CRS: EPSG:9354
Number of tie points: 2
Source dimensions: 2087 x 1948 pixels
Source bands: 3

--------------------------------------------------------------------------------
CONTROL POINTS
--------------------------------------------------------------------------------
ID    Pixel X    Pixel Y    Map X        Map Y        Target X     Target Y    
--------------------------------------------------------------------------------
1     1953.6     1819.1     3052626      -2834530     2525317      -213536     
2     136.9      100.8      -3040728     2928817      2537339      -202664     

--------------------------------------------------------------------------------
RESIDUAL ANALYSIS
--------------------------------------------------------------------------------
ID    dX (m)       dY (m)       Residual (m)   
--------------------------------------------------------------------------------
1     0.00         0.00         0.00           
2     0.00         0.00         0.00           
--------------------------------------------------------------------------------

TRANSFORMATION STATISTICS
--------------------------------------------------------------------------------
Transformation type: Affine (1st-order polynomial, 6 parameters)
Number of GCPs used: 2
Degrees of freedom:  0

Residual Errors:
  Mean error:           0.00 m
  RMSE (total):         0.00 m
  RMSE X:               0.00 m
  RMSE Y:               0.00 m
  Std deviation:        0.00 m
  Maximum error:        0.00 m
  Minimum error:        0.00 m

Transformation Matrix:
  a (scale X):          -6.617291
  b (rotation):          0.000000
  c (translation X):      2538244.63
  d (rotation):          0.000000
  e (scale Y):          -6.327532
  f (translation Y):      -202026.00

Derived Parameters:
  Pixel size X:         6.62 m/pixel
  Pixel size Y:         6.33 m/pixel
  Rotation:         180.0000 degrees

QUALITY ASSESSMENT
--------------------------------------------------------------------------------
Overall quality: EXCELLENT (RMSE: 0.00 m)
WARNING: Less than 4 GCPs used. Consider adding more points.

================================================================================