================================================================================
GEOREFERENCING REPORT
================================================================================
Date: 2026-09-06 23:14:55
Source Raster: atlas/2_general/8_glaciation/30_nourishment_and_physical_properties_p_96/maps/P_96_I_V/P_96_I_V.tiff
Target Raster: atlas/2_general/8_glaciation/30_nourishment_and_physical_properties_p_96/maps/P_96_I_V.tiff
Tie Points: atlas/2_general/8_glaciation/30_nourishment_and_physical_properties_p_96/maps/P_96_I_V/P_96_I_V.gpkg

Target CRS: EPSG:3031
Number of tie points: 2
Source dimensions: 1801 x 872 pixels
Source bands: 3

--------------------------------------------------------------------------------
CONTROL POINTS
--------------------------------------------------------------------------------
ID    Pixel X    Pixel Y    Map X        Map Y        Target X     Target Y    
--------------------------------------------------------------------------------
1     853.8      80.4       -181435      1382151      2194494      0           
2     1717.9     83.3       3177112      1371010      2758502      0           

--------------------------------------------------------------------------------
RESIDUAL ANALYSIS
--------------------------------------------------------------------------------
ID    dX (m)       dY (m)       Residual (m)   
--------------------------------------------------------------------------------
1     0.00         0.00         0.00           
2     0.00         -0.00        0.00           
--------------------------------------------------------------------------------

TRANSFORMATION STATISTICS
--------------------------------------------------------------------------------
Transformation type: Affine (1st-order polynomial, 6 parameters)
Number of GCPs used: 2
Degrees of freedom:  0

Residual Errors:
  Mean error:           0.00 m
  RMSE (total):         0.00 m
  RMSE X:               0.00 m
  RMSE Y:               0.00 m
  Std deviation:        0.00 m
  Maximum error:        0.00 m
  Minimum error:        0.00 m

Transformation Matrix:
  a (scale X):         652.706431
  b (rotation):          0.000000
  c (translation X):      1637200.89
  d (rotation):          0.000000
  e (scale Y):           0.000000
  f (translation Y):           -0.00

Derived Parameters:
  Pixel size X:       652.71 m/pixel
  Pixel size Y:         0.00 m/pixel
  Rotation:           0.0000 degrees

QUALITY ASSESSMENT
--------------------------------------------------------------------------------
Overall quality: EXCELLENT (RMSE: 0.00 m)
WARNING: Less than 4 GCPs used. Consider adding more points.

================================================================================