================================================================================
GEOREFERENCING REPORT
================================================================================
Date: 2026-09-09 22:32:40
Source Raster: atlas/3_regional/12_continent_and_islands/43_queen_maud_land_and_enderby_land_p_136-141/maps/P_138_II_A/P_138_II_A.tiff
Target Raster: atlas/3_regional/12_continent_and_islands/43_queen_maud_land_and_enderby_land_p_136-141/maps/P_138_II_A.tiff
Tie Points: atlas/3_regional/12_continent_and_islands/43_queen_maud_land_and_enderby_land_p_136-141/maps/P_138_II_A/P_138_II_A.gpkg

Source CRS (pixel lookup): EPSG:3031 — WGS 84 / Antarctic Polar Stereographic
Target CRS (output):       EPSG:3031 — WGS 84 / Antarctic Polar Stereographic
Number of tie points: 7
Source dimensions: 2340 x 1163 pixels
Source bands: 3
Source declared CRS: EPSG:3031

--------------------------------------------------------------------------------
CONTROL POINTS
--------------------------------------------------------------------------------
ID    Pixel X    Pixel Y    Src X        Src Y        Target X     Target Y    
--------------------------------------------------------------------------------
1     1999.4     607.1      2481009      -76445       432823       2065809     
2     1356.4     602.6      557502       -63171       426814       2067058     
3     713.0      601.1      -1366994     -58512       420799       2068291     
4     1999.6     212.2      2481856      1104602      433586       2069448     
5     1358.8     212.2      564844       1104602      427566       2070700     
6     715.7      212.2      -1358875     1104814      421540       2071935     
7     72.9       212.2      -3281817     1104672      415510       2073153     

--------------------------------------------------------------------------------
RESIDUAL ANALYSIS
--------------------------------------------------------------------------------
ID    dX (m)       dY (m)       Residual (m)   
--------------------------------------------------------------------------------
1     10.77        -17.90       20.89          
2     0.37         3.23         3.26           
3     -11.30       14.93        18.73          
4     -9.51        19.47        21.67          
5     2.72         -7.07        7.58           
6     1.30         -11.89       11.96          
7     5.65         -0.77        5.71           
--------------------------------------------------------------------------------

TRANSFORMATION STATISTICS
--------------------------------------------------------------------------------
Transformation type: Affine (1st-order polynomial, 6 parameters)
Number of GCPs used: 7
Observations:        14 (2 per GCP)
Degrees of freedom:  8

Residual Errors:
  Mean error:          12.83 m
  RMSE (total):        14.64 m
  RMSE X:               7.32 m
  RMSE Y:              12.68 m
  Std deviation:        7.06 m
  Maximum error:       21.67 m  (point 4)
  Minimum error:        3.26 m
  RMSE excl. worst point:      13.11 m (10% lower)

Map scale: 1:150,000
  RMSE on the sheet:     0.10 mm
  Max error on sheet:    0.14 mm
  (0.5 mm is the conventional plotting accuracy)

Transformation Matrix:
  a (scale X):           9.373735
  b (rotation):         -1.873197
  c (translation X):       415229.45
  d (rotation):         -1.912292
  e (scale Y):          -9.313744
  f (translation Y):      2075267.93

Derived Parameters:
  Pixel size X:         9.37 m/pixel
  Pixel size Y:         9.31 m/pixel
  Rotation:         -11.3008 degrees

QUALITY ASSESSMENT
--------------------------------------------------------------------------------
Overall quality: EXCELLENT (RMSE 15 m = 0.10 mm at 1:150,000)

================================================================================