================================================================================
GEOREFERENCING REPORT
================================================================================
Date: 2026-09-11 22:47:09
Source Raster: atlas/3_regional/12_continent_and_islands/48_oceanic_islands_p_178-180/maps/P_179_VI/P_179_VI.tiff
Target Raster: atlas/3_regional/12_continent_and_islands/48_oceanic_islands_p_178-180/maps/P_179_VI.tiff
Tie Points: atlas/3_regional/12_continent_and_islands/48_oceanic_islands_p_178-180/maps/P_179_VI/P_179_VI.gpkg

Source CRS (pixel lookup): EPSG:3031 — WGS 84 / Antarctic Polar Stereographic
Target CRS (output):       EPSG:3031 — WGS 84 / Antarctic Polar Stereographic
Number of tie points: 13
Source dimensions: 4832 x 5728 pixels
Source bands: 3
Source declared CRS: EPSG:3031

--------------------------------------------------------------------------------
CONTROL POINTS
--------------------------------------------------------------------------------
ID    Pixel X    Pixel Y    Src X        Src Y        Target X     Target Y    
--------------------------------------------------------------------------------
1     1108.2     5574.7     -1598187     -3312635     4224020      1621449     
2     2236.2     5568.8     -219739      -3305494     4238009      1584527     
3     3364.9     5576.2     1159648      -3314515     4251675      1547483     
4     1102.7     3826.9     -1604953     -1176694     4281296      1643435     
5     2241.7     3822.9     -213067      -1171808     4295474      1606012     
6     3383.8     3827.9     1182765      -1178010     4309325      1568466     
7     4526.2     3842.1     2578785      -1195301     4322849      1530801     
8     4550.8     2087.7     2608855      948722       4380861      1551344     
9     3398.6     2076.0     1200807      963005       4367156      1589515     
10    2245.2     2070.3     -208745      969959       4353119      1627565     
11    1095.2     2075.5     -1614162     963569       4338750      1665490     
12    1087.3     324.5      -1623747     3103457      4396388      1687615     
13    2247.3     319.3      -206114      3109753      4410947      1649186     

--------------------------------------------------------------------------------
RESIDUAL ANALYSIS
--------------------------------------------------------------------------------
ID    dX (m)       dY (m)       Residual (m)   
--------------------------------------------------------------------------------
1     -71.16       164.38       179.12         
2     -19.19       39.15        43.60          
3     -70.04       -154.68      169.80         
4     70.88        28.38        76.35          
5     7.47         19.06        20.47          
6     12.40        -86.72       87.61          
7     48.96        -190.61      196.80         
8     41.76        206.17       210.36         
9     -15.09       98.00        99.15          
10    48.26        77.01        90.88          
11    125.53       -66.75       142.18         
12    -15.91       -225.52      226.08         
13    -163.86      92.13        187.98         
--------------------------------------------------------------------------------

TRANSFORMATION STATISTICS
--------------------------------------------------------------------------------
Transformation type: Affine (1st-order polynomial, 6 parameters)
Number of GCPs used: 13
Observations:        26 (2 per GCP)
Degrees of freedom:  20

Residual Errors:
  Mean error:         133.11 m
  RMSE (total):       147.93 m
  RMSE X:              70.78 m
  RMSE Y:             129.89 m
  Std deviation:       64.54 m
  Maximum error:      226.08 m  (point 12)
  Minimum error:       20.47 m
  RMSE excl. worst point:     139.45 m (6% lower)

Map scale: 1:500,000
  RMSE on the sheet:     0.30 mm
  Max error on sheet:    0.45 mm
  (0.5 mm is the conventional plotting accuracy)

Transformation Matrix:
  a (scale X):          12.277480
  b (rotation):        -32.890142
  c (translation X):      4393694.54
  d (rotation):        -32.909274
  e (scale Y):         -12.397164
  f (translation Y):      1727194.86

Derived Parameters:
  Pixel size X:        12.28 m/pixel
  Pixel size Y:        12.40 m/pixel
  Rotation:         -69.5300 degrees

QUALITY ASSESSMENT
--------------------------------------------------------------------------------
Overall quality: GOOD (RMSE 148 m = 0.30 mm at 1:500,000)

================================================================================