================================================================================
GEOREFERENCING REPORT
================================================================================
Date: 2026-09-09 22:34:47
Source Raster: atlas/3_regional/13_southern_ocean/50_indian_sector_and_davis_sea_p_190-207/maps/P_203_V/P_203_V.tiff
Target Raster: atlas/3_regional/13_southern_ocean/50_indian_sector_and_davis_sea_p_190-207/maps/P_203_V.tiff
Tie Points: atlas/3_regional/13_southern_ocean/50_indian_sector_and_davis_sea_p_190-207/maps/P_203_V/P_203_V.gpkg

Source CRS (pixel lookup): EPSG:3031 — WGS 84 / Antarctic Polar Stereographic
Target CRS (output):       EPSG:9354 — WGS 84 / IBCSO Polar Stereographic
Number of tie points: 13
Source dimensions: 2721 x 1619 pixels
Source bands: 3
Source declared CRS: EPSG:3031

--------------------------------------------------------------------------------
CONTROL POINTS
--------------------------------------------------------------------------------
ID    Pixel X    Pixel Y    Src X        Src Y        Target X     Target Y    
--------------------------------------------------------------------------------
1     248.7      -303.6     -2860096     2863546      -2501917     2099358     
2     2483.4     -293.6     2888687      2837927      2501917      2099358     
3     2475.8     1881.9     2869304      -2758760     2501917      -2099358    
4     101.6      1628.4     -3238728     -2106642     -2828457     -1633010    
5     1360.9     789.2      1147         52347        0            0           
6     391.5      784.2      -2492877     65103        -2150308     0           
7     1369.7     -343.3     23551        2965583      0            2150308     
8     2335.5     793.6      2508174      41032        2150308      0           
9     1360.4     1918.7     -285         -2853438     0            -2150308    
10    1361.4     1356.1     2389         -1406298     0            -1067249    
11    1848.6     791.3      1255775      46768        1067249      0           
12    877.4      786.7      -1242710     58770        -1067249     0           
13    1363.1     224.4      6667         1505155      0            1067249     

--------------------------------------------------------------------------------
RESIDUAL ANALYSIS
--------------------------------------------------------------------------------
ID    dX (m)       dY (m)       Residual (m)   
--------------------------------------------------------------------------------
1     6984.58      -15012.56    16557.82       
2     -9175.48     -14246.08    16945.21       
3     -11745.61    14729.61     18839.34       
4     17676.68     13133.22     22021.51       
5     -5379.68     -187.68      5382.95        
6     -18904.92    703.41       18918.00       
7     6642.50      20016.05     21089.46       
8     19422.82     40.60        19422.86       
9     774.17       -14767.36    14787.64       
10    -589.45      -19661.64    19670.47       
11    15893.38     -11.33       15893.38       
12    -17310.04    302.53       17312.69       
13    -4288.94     14961.22     15563.84       
--------------------------------------------------------------------------------

TRANSFORMATION STATISTICS
--------------------------------------------------------------------------------
Transformation type: Affine (1st-order polynomial, 6 parameters)
Number of GCPs used: 13
Observations:        26 (2 per GCP)
Degrees of freedom:  20

Residual Errors:
  Mean error:       17108.09 m
  RMSE (total):     17563.54 m
  RMSE X:           12287.21 m
  RMSE Y:           12549.99 m
  Std deviation:     3973.81 m
  Maximum error:    22021.51 m  (point 4)
  Minimum error:     5382.95 m
  RMSE excl. worst point:   17139.78 m (2% lower)

Map scale: 1:5,000,000
  RMSE on the sheet:     3.51 mm
  Max error on sheet:    4.40 mm
  (0.5 mm is the conventional plotting accuracy)

Transformation Matrix:
  a (scale X):        2231.957826
  b (rotation):          6.548360
  c (translation X):     -3048121.13
  d (rotation):          8.884238
  e (scale Y):       -1916.639264
  f (translation Y):      1500241.31

Derived Parameters:
  Pixel size X:      2231.96 m/pixel
  Pixel size Y:      1916.64 m/pixel
  Rotation:           0.1681 degrees

QUALITY ASSESSMENT
--------------------------------------------------------------------------------
Overall quality: POOR (RMSE 17564 m = 3.51 mm at 1:5,000,000)

================================================================================