================================================================================
GEOREFERENCING REPORT
================================================================================
Date: 2026-08-27 23:43:33
Source Raster: atlas/2_general/5_aeronomy_and_physics_of_the_earth/15_ionosphere_p_25-30/maps/P_28_IV_G/P_28_IV_G.tiff
Target Raster: atlas/2_general/5_aeronomy_and_physics_of_the_earth/15_ionosphere_p_25-30/maps/P_28_IV_G.tiff
Tie Points: atlas/2_general/5_aeronomy_and_physics_of_the_earth/15_ionosphere_p_25-30/maps/P_28_IV_G/P_28_IV_G.gpkg

Target CRS: EPSG:3031
Number of tie points: 13
Source dimensions: 1541 x 1853 pixels
Source bands: 3

--------------------------------------------------------------------------------
CONTROL POINTS
--------------------------------------------------------------------------------
ID    Pixel X    Pixel Y    Map X        Map Y        Target X     Target Y    
--------------------------------------------------------------------------------
1     767.2      958.4      -12655       -120642      0            0           
2     482.4      957.9      -1088357     -118484      -2194494     0           
3     768.1      671.7      -9177        962495       0            2194494     
4     1056.2     959.1      1079356      -123281      2194494      0           
5     766.2      1246.2     -16133       -1207737     0            -2194494    
6     766.9      1101.7     -13614       -661971      0            -1089179    
7     912.2      958.7      535389       -121602      1089179      0           
8     626.3      958.1      -544869      -119443      -1089179     0           
9     767.7      815.8      -10736       418288       0            1089179     
10    770.1      244.4      -1502        2576647      0            5791904     
11    1483.0     960.3      2691470      -127838      5791904      0           
12    764.5      1672.8     -22608       -2819371     0            -5791904    
13    54.8       957.0      -2703588     -115366      -5791904     0           

--------------------------------------------------------------------------------
RESIDUAL ANALYSIS
--------------------------------------------------------------------------------
ID    dX (m)       dY (m)       Residual (m)   
--------------------------------------------------------------------------------
1     -7773.44     1609.69      7938.36        
2     -100529.54   953.66       100534.06      
3     -9077.64     109482.52    109858.21      
4     119664.73    1325.60      119672.07      
5     -6437.47     -114675.18   114855.72      
6     -5465.86     -59880.77    60129.71       
7     68345.20     2242.32      68381.97       
8     -50235.74    1564.07      50260.08       
9     -8021.87     58006.63     58558.68       
10    -5721.95     -56796.61    57084.11       
11    -49918.63    -501.38      49921.15       
12    -7263.51     56962.92     57424.15       
13    62435.72     -293.48      62436.41       
--------------------------------------------------------------------------------

TRANSFORMATION STATISTICS
--------------------------------------------------------------------------------
Transformation type: Affine (1st-order polynomial, 6 parameters)
Number of GCPs used: 13
Degrees of freedom:  10

Residual Errors:
  Mean error:       70542.67 m
  RMSE (total):     76934.34 m
  RMSE X:           54331.33 m
  RMSE Y:           54470.17 m
  Std deviation:    30702.20 m
  Maximum error:   119672.07 m
  Minimum error:     7938.36 m

Transformation Matrix:
  a (scale X):        8032.322913
  b (rotation):         30.338878
  c (translation X):     -6198848.46
  d (rotation):         18.417386
  e (scale Y):       -8029.909154
  f (translation Y):      7683632.77

Derived Parameters:
  Pixel size X:      8032.32 m/pixel
  Pixel size Y:      8029.91 m/pixel
  Rotation:           0.2164 degrees

QUALITY ASSESSMENT
--------------------------------------------------------------------------------
Overall quality: POOR (RMSE: 76934.34 m)

================================================================================