================================================================================
GEOREFERENCING REPORT
================================================================================
Date: 2026-09-06 23:14:54
Source Raster: atlas/2_general/8_glaciation/29_ice_sheet_morphology_p_94-95/maps/P_94-95_II_B/P_94-95_II_B.tiff
Target Raster: atlas/2_general/8_glaciation/29_ice_sheet_morphology_p_94-95/maps/P_94-95_II_B.tiff
Tie Points: atlas/2_general/8_glaciation/29_ice_sheet_morphology_p_94-95/maps/P_94-95_II_B/P_94-95_II_B.gpkg

Target CRS: EPSG:3031
Number of tie points: 5
Source dimensions: 2442 x 1599 pixels
Source bands: 3

--------------------------------------------------------------------------------
CONTROL POINTS
--------------------------------------------------------------------------------
ID    Pixel X    Pixel Y    Map X        Map Y        Target X     Target Y    
--------------------------------------------------------------------------------
1     273.3      1143.8     -2716525     -986969      2630438      -276470     
2     745.7      1120.9     -1362416     -921190      2619187      -368103     
3     1218.1     1113.4     -8306        -899765      2604745      -459287     
4     1692.3     1122.2     1351065      -924949      2587129      -549911     
5     2165.6     1146.4     2707712      -994298      2566362      -639866     

--------------------------------------------------------------------------------
RESIDUAL ANALYSIS
--------------------------------------------------------------------------------
ID    dX (m)       dY (m)       Residual (m)   
--------------------------------------------------------------------------------
1     6.43         16.20        17.43          
2     -26.28       -55.38       61.29          
3     40.84        69.97        81.02          
4     -28.65       -38.71       48.16          
5     7.65         7.92         11.01          
--------------------------------------------------------------------------------

TRANSFORMATION STATISTICS
--------------------------------------------------------------------------------
Transformation type: Affine (1st-order polynomial, 6 parameters)
Number of GCPs used: 5
Degrees of freedom:  2

Residual Errors:
  Mean error:          43.78 m
  RMSE (total):        51.12 m
  RMSE X:              25.61 m
  RMSE Y:              44.24 m
  Std deviation:       26.38 m
  Maximum error:       81.02 m
  Minimum error:       11.01 m

Transformation Matrix:
  a (scale X):         -33.591361
  b (rotation):       -199.781065
  c (translation X):      2868137.53
  d (rotation):       -192.101498
  e (scale Y):          41.710549
  f (translation Y):      -271657.65

Derived Parameters:
  Pixel size X:        33.59 m/pixel
  Pixel size Y:        41.71 m/pixel
  Rotation:         -99.5445 degrees

QUALITY ASSESSMENT
--------------------------------------------------------------------------------
Overall quality: EXCELLENT (RMSE: 51.12 m)

================================================================================