================================================================================
GEOREFERENCING REPORT
================================================================================
Date: 2026-09-08 22:48:26
Source Raster: atlas/3_regional/13_southern_ocean/50_indian_sector_and_davis_sea_p_190-207/maps/P_203_XI/P_203_XI.tiff
Target Raster: atlas/3_regional/13_southern_ocean/50_indian_sector_and_davis_sea_p_190-207/maps/P_203_XI.tiff
Tie Points: atlas/3_regional/13_southern_ocean/50_indian_sector_and_davis_sea_p_190-207/maps/P_203_XI/P_203_XI.gpkg

Target CRS: EPSG:9354
Number of tie points: 3
Source dimensions: 2697 x 1560 pixels
Source bands: 3

--------------------------------------------------------------------------------
CONTROL POINTS
--------------------------------------------------------------------------------
ID    Pixel X    Pixel Y    Map X        Map Y        Target X     Target Y    
--------------------------------------------------------------------------------
1     618.0      597.5      -1896015     473649       2692673      235578      
2     1343.6     570.6      -12651       543444       2702959      0           
3     2071.4     600.7      1876237      465362       2692673      -235578     

--------------------------------------------------------------------------------
RESIDUAL ANALYSIS
--------------------------------------------------------------------------------
ID    dX (m)       dY (m)       Residual (m)   
--------------------------------------------------------------------------------
1     0.00         0.00         0.00           
2     0.00         0.00         0.00           
3     0.00         0.00         0.00           
--------------------------------------------------------------------------------

TRANSFORMATION STATISTICS
--------------------------------------------------------------------------------
Transformation type: Affine (1st-order polynomial, 6 parameters)
Number of GCPs used: 3
Degrees of freedom:  0

Residual Errors:
  Mean error:           0.00 m
  RMSE (total):         0.00 m
  RMSE X:               0.00 m
  RMSE Y:               0.00 m
  Std deviation:        0.00 m
  Maximum error:        0.00 m
  Minimum error:        0.00 m

Transformation Matrix:
  a (scale X):           0.793245
  b (rotation):       -361.085318
  c (translation X):      2907935.10
  d (rotation):       -324.203349
  e (scale Y):          12.112205
  f (translation Y):       428696.51

Derived Parameters:
  Pixel size X:         0.79 m/pixel
  Pixel size Y:        12.11 m/pixel
  Rotation:         -89.8741 degrees

QUALITY ASSESSMENT
--------------------------------------------------------------------------------
Overall quality: EXCELLENT (RMSE: 0.00 m)
WARNING: Less than 4 GCPs used. Consider adding more points.

================================================================================