================================================================================
GEOREFERENCING REPORT
================================================================================
Date: 2026-09-09 22:37:10
Source Raster: atlas/2_general/8_glaciation/29_ice_sheet_morphology_p_94-95/maps/P_94-95_II_D/P_94-95_II_D.tiff
Target Raster: atlas/2_general/8_glaciation/29_ice_sheet_morphology_p_94-95/maps/P_94-95_II_D.tiff
Tie Points: atlas/2_general/8_glaciation/29_ice_sheet_morphology_p_94-95/maps/P_94-95_II_D/P_94-95_II_D.gpkg

Source CRS (pixel lookup): EPSG:3031 — WGS 84 / Antarctic Polar Stereographic
Target CRS (output):       EPSG:3031 — WGS 84 / Antarctic Polar Stereographic
Number of tie points: 3
Source dimensions: 1284 x 1213 pixels
Source bands: 3
Source declared CRS: EPSG:3031

--------------------------------------------------------------------------------
CONTROL POINTS
--------------------------------------------------------------------------------
ID    Pixel X    Pixel Y    Src X        Src Y        Target X     Target Y    
--------------------------------------------------------------------------------
1     85.9       897.5      -3031607     -1586592     1421838      -1956992    
2     514.5      886.8      -694852      -1528237     1352674      -2005421    
3     945.2      891.0      1653179      -1550790     1281861      -2051407    

--------------------------------------------------------------------------------
RESIDUAL ANALYSIS
--------------------------------------------------------------------------------
ID    dX (m)       dY (m)       Residual (m)   
--------------------------------------------------------------------------------
1     0.00         0.00         0.00           
2     0.00         0.00         0.00           
3     0.00         0.00         0.00           
--------------------------------------------------------------------------------

TRANSFORMATION STATISTICS
--------------------------------------------------------------------------------
Transformation type: Affine (1st-order polynomial, 6 parameters)
Number of GCPs used: 3
Observations:        6 (2 per GCP)
Degrees of freedom:  0

Residual Errors:
  Mean error:           0.00 m
  RMSE (total):         0.00 m
  RMSE X:               0.00 m
  RMSE Y:               0.00 m
  Std deviation:        0.00 m
  Maximum error:        0.00 m  (point 1)
  Minimum error:        0.00 m
  RMSE excl. worst point:       0.00 m (100% lower)

Map scale: 1:3,000,000
  RMSE on the sheet:     0.00 mm
  Max error on sheet:    0.00 mm
  (0.5 mm is the conventional plotting accuracy)

Transformation Matrix:
  a (scale X):        -163.565759
  b (rotation):        -88.249585
  c (translation X):      1515097.12
  d (rotation):       -108.497848
  e (scale Y):         179.754424
  f (translation Y):     -2109004.37

Derived Parameters:
  Pixel size X:       163.57 m/pixel
  Pixel size Y:       179.75 m/pixel
  Rotation:        -151.6515 degrees

QUALITY ASSESSMENT
--------------------------------------------------------------------------------
Overall quality: EXCELLENT (RMSE 0 m = 0.00 mm at 1:3,000,000)
WARNING: Only 3 GCP(s) used, so the fit has 0 degree(s) of freedom and the residuals below understate the true error. Add more points.

================================================================================