================================================================================
GEOREFERENCING REPORT
================================================================================
Date: 2026-09-20 23:53:49
Source Raster: atlas/2_general/6_geology_and_relief/22_geology_p_58-63/maps/P_61-62_IVb/P_61-62_IVb.tiff
Target Raster: maps/6_geology_and_relief/22_geology_p_58-63/P_61-62_IVb.tiff
Tie Points: atlas/2_general/6_geology_and_relief/22_geology_p_58-63/maps/P_61-62_IVb/P_61-62_IVb.gpkg

Source CRS (pixel lookup): EPSG:3031 — WGS 84 / Antarctic Polar Stereographic
Target CRS (output):       EPSG:3031 — WGS 84 / Antarctic Polar Stereographic
Number of tie points: 21
Source dimensions: 5192 x 8268 pixels
Source bands: 3
Source declared CRS: EPSG:3031

--------------------------------------------------------------------------------
CONTROL POINTS
--------------------------------------------------------------------------------
ID    Pixel X    Pixel Y    Src X        Src Y        Target X     Target Y    
--------------------------------------------------------------------------------
1     902.3      4132.7     -1433927     1127         543593       0           
2     1763.7     4132.2     -704625      1550         1089179      0           
3     2627.5     4132.1     26650        1597         1638783      0           
4     3489.6     4130.8     756587       2678         2194494      0           
5     4352.9     4130.3     1487475      3112         2758502      0           
6     3279.8     2950.5     578901       1001991      2062150      750561      
7     2680.2     1916.9     71321        1877088      1681080      1410594     
8     2254.0     1491.8     -289524      2236993      1410594      1681080     
9     636.4      739.4      -1659044     2874017      381070       2161155     
10    1762.3     1148.9     -705811      2527267      1097247      1900488     
11    3998.3     809.2      1187264      2814863      2553329      2142497     
12    637.4      7531.8     -1658246     -2876720     381070       -2161155    
13    337.7      5833.9     -1911965     -1439212     189134       -1072632    
14    195.1      4983.0     -2032669     -718790      94394        -535335     
15    924.7      6566.1     -1415004     -2059086     560497       -1539953    
16    3769.2     6286.4     993262       -1822281     2388933      -1379251    
17    2808.1     7432.7     179575       -2792804     1773131      -2113135    
18    2679.8     6345.2     70946        -1872085     1681080      -1410594    
19    1762.4     7119.4     -705717      -2527527     1097247      -1900488    
20    2191.2     7864.2     -342711      -3158160     1379251      -2388933    
21    4087.6     5606.0     1262863      -1246244     2592144      -943463     

--------------------------------------------------------------------------------
RESIDUAL ANALYSIS
--------------------------------------------------------------------------------
ID    dX (m)       dY (m)       Residual (m)   
--------------------------------------------------------------------------------
1     2506.14      3261.47      4113.14        
2     9309.76      2239.75      9575.39        
3     13590.46     931.06       13622.31       
4     10749.60     404.02       10757.19       
5     332.75       -611.76      696.40         
6     8427.05      3469.28      9113.24        
7     4971.60      4032.90      6401.65        
8     2115.60      5512.81      5904.81        
9     -5719.52     8154.57      9960.42        
10    132.30       5683.68      5685.22        
11    -22115.81    -23010.82    31915.62       
12    -4633.66     -4542.16     6488.61        
13    -4990.69     -8979.92     10273.56       
14    -1735.28     -2988.96     3456.17        
15    107.71       -9844.94     9845.53        
16    -4272.98     3534.54      5545.39        
17    -4694.97     7316.82      8693.60        
18    5000.40      -970.71      5093.75        
19    626.16       -3732.39     3784.55        
20    -6375.62     8662.90      10756.13       
21    -3331.00     1477.85      3644.12        
--------------------------------------------------------------------------------

TRANSFORMATION STATISTICS
--------------------------------------------------------------------------------
Transformation type: Affine (1st-order polynomial, 6 parameters)
Number of GCPs used: 21
Observations:        42 (2 per GCP)
Degrees of freedom:  36

Residual Errors:
  Mean error:        8348.89 m
  RMSE (total):     10354.46 m
  RMSE X:            7503.04 m
  RMSE Y:            7135.78 m
  Std deviation:     6124.61 m
  Maximum error:    31915.62 m  (point 11)
  Minimum error:      696.40 m
  RMSE excl. worst point:    7851.45 m (24% lower)

Map scale: 1:10,000,000
  RMSE on the sheet:     1.04 mm
  Max error on sheet:    3.19 mm
  (0.5 mm is the conventional plotting accuracy)

Transformation Matrix:
  a (scale X):         641.262389
  b (rotation):          0.070795
  c (translation X):       -32821.64
  d (rotation):         -1.556151
  e (scale Y):        -638.210185
  f (translation Y):      2642176.98

Derived Parameters:
  Pixel size X:       641.26 m/pixel
  Pixel size Y:       638.21 m/pixel
  Rotation:           0.0063 degrees

QUALITY ASSESSMENT
--------------------------------------------------------------------------------
Overall quality: POOR (RMSE 10354 m = 1.04 mm at 1:10,000,000)
WARNING: Point 11 has an unusually high residual (31916 m vs 8349 m mean).
         Consider checking this control point.

================================================================================