================================================================================
GEOREFERENCING REPORT
================================================================================
Date: 2026-09-09 22:35:20
Source Raster: atlas/3_regional/13_southern_ocean/51_pacific_sector_ross_sea_and_bellingshausen_sea_p_208-225/maps/P_218_VIII_V/P_218_VIII_V.tiff
Target Raster: atlas/3_regional/13_southern_ocean/51_pacific_sector_ross_sea_and_bellingshausen_sea_p_208-225/maps/P_218_VIII_V.tiff
Tie Points: atlas/3_regional/13_southern_ocean/51_pacific_sector_ross_sea_and_bellingshausen_sea_p_208-225/maps/P_218_VIII_V/P_218_VIII_V.gpkg

Source CRS (pixel lookup): EPSG:3031 — WGS 84 / Antarctic Polar Stereographic
Target CRS (output):       EPSG:9354 — WGS 84 / IBCSO Polar Stereographic
Number of tie points: 13
Source dimensions: 4127 x 2378 pixels
Source bands: 3
Source declared CRS: EPSG:3031

--------------------------------------------------------------------------------
CONTROL POINTS
--------------------------------------------------------------------------------
ID    Pixel X    Pixel Y    Src X        Src Y        Target X     Target Y    
--------------------------------------------------------------------------------
1     377.3      -499.3     -2860096     2863546      -2501917     2099358     
2     3766.6     -484.2     2888687      2837927      2501917      2099358     
3     3755.2     2815.5     2869304      -2758760     2501917      -2099358    
4     154.0      2431.0     -3238728     -2106642     -2828457     -1633010    
5     2064.2     1158.1     1147         52347        0            0           
6     593.8      1150.6     -2492877     65103        -2150308     0           
7     2077.4     -559.4     23551        2965583      0            2150308     
8     3542.2     1164.8     2508174      41032        2150308      0           
9     2063.3     2871.3     -285         -2853438     0            -2150308    
10    2064.9     2018.1     2389         -1406298     0            -1067249    
11    2803.9     1161.4     1255775      46768        1067249      0           
12    1330.8     1154.4     -1242710     58770        -1067249     0           
13    2067.4     301.6      6667         1505155      0            1067249     

--------------------------------------------------------------------------------
RESIDUAL ANALYSIS
--------------------------------------------------------------------------------
ID    dX (m)       dY (m)       Residual (m)   
--------------------------------------------------------------------------------
1     6984.58      -15012.56    16557.82       
2     -9175.48     -14246.08    16945.21       
3     -11745.61    14729.61     18839.34       
4     17676.68     13133.22     22021.51       
5     -5379.68     -187.68      5382.95        
6     -18904.92    703.41       18918.00       
7     6642.50      20016.05     21089.46       
8     19422.82     40.60        19422.86       
9     774.17       -14767.36    14787.64       
10    -589.45      -19661.64    19670.47       
11    15893.38     -11.33       15893.38       
12    -17310.04    302.53       17312.69       
13    -4288.94     14961.22     15563.84       
--------------------------------------------------------------------------------

TRANSFORMATION STATISTICS
--------------------------------------------------------------------------------
Transformation type: Affine (1st-order polynomial, 6 parameters)
Number of GCPs used: 13
Observations:        26 (2 per GCP)
Degrees of freedom:  20

Residual Errors:
  Mean error:       17108.09 m
  RMSE (total):     17563.54 m
  RMSE X:           12287.21 m
  RMSE Y:           12549.99 m
  Std deviation:     3973.81 m
  Maximum error:    22021.51 m  (point 4)
  Minimum error:     5382.95 m
  RMSE excl. worst point:   17139.78 m (2% lower)

Map scale: 1:40,000,000
  RMSE on the sheet:     0.44 mm
  Max error on sheet:    0.55 mm
  (0.5 mm is the conventional plotting accuracy)

Transformation Matrix:
  a (scale X):        1471.567057
  b (rotation):          4.317443
  c (translation X):     -3047953.67
  d (rotation):          5.857526
  e (scale Y):       -1263.672265
  f (translation Y):      1451228.15

Derived Parameters:
  Pixel size X:      1471.57 m/pixel
  Pixel size Y:      1263.67 m/pixel
  Rotation:           0.1681 degrees

QUALITY ASSESSMENT
--------------------------------------------------------------------------------
Overall quality: GOOD (RMSE 17564 m = 0.44 mm at 1:40,000,000)

================================================================================