================================================================================
GEOREFERENCING REPORT
================================================================================
Date: 2026-09-09 22:37:10
Source Raster: atlas/2_general/8_glaciation/29_ice_sheet_morphology_p_94-95/maps/P_94-95_II_Ye/P_94-95_II_Ye.tiff
Target Raster: atlas/2_general/8_glaciation/29_ice_sheet_morphology_p_94-95/maps/P_94-95_II_Ye.tiff
Tie Points: atlas/2_general/8_glaciation/29_ice_sheet_morphology_p_94-95/maps/P_94-95_II_Ye/P_94-95_II_Ye.gpkg

Source CRS (pixel lookup): EPSG:3031 — WGS 84 / Antarctic Polar Stereographic
Target CRS (output):       EPSG:3031 — WGS 84 / Antarctic Polar Stereographic
Number of tie points: 9
Source dimensions: 4416 x 994 pixels
Source bands: 3
Source declared CRS: EPSG:3031

--------------------------------------------------------------------------------
CONTROL POINTS
--------------------------------------------------------------------------------
ID    Pixel X    Pixel Y    Src X        Src Y        Target X     Target Y    
--------------------------------------------------------------------------------
1     312.1      703.5      -3005248     -327346      272037       -1279831    
2     1723.3     465.0      -768290      50743        0            -1308424    
3     2199.2     446.0      -13898       80908        -91271       -1305236    
4     775.9      594.4      -2270120     -154394      182097       -1295690    
5     1247.0     514.0      -1523246     -26970       91271        -1305236    
6     2677.5     461.7      744253       55912        -182097      -1295690    
7     3153.2     508.4      1498269      -18137       -272037      -1279831    
8     3624.5     589.8      2245332      -147064      -360650      -1257738    
9     4088.1     702.3      2980178      -325419      -447507      -1229516    

--------------------------------------------------------------------------------
RESIDUAL ANALYSIS
--------------------------------------------------------------------------------
ID    dX (m)       dY (m)       Residual (m)   
--------------------------------------------------------------------------------
1     -0.97        -387.95      387.95         
2     -180.66      291.24       342.72         
3     141.00       -197.55      242.71         
4     53.52        238.08       244.02         
5     -17.94       316.99       317.49         
6     49.44        -149.82      157.77         
7     -2.46        -346.56      346.57         
8     -62.97       -9.69        63.71          
9     21.04        245.27       246.17         
--------------------------------------------------------------------------------

TRANSFORMATION STATISTICS
--------------------------------------------------------------------------------
Transformation type: Affine (1st-order polynomial, 6 parameters)
Number of GCPs used: 9
Observations:        18 (2 per GCP)
Degrees of freedom:  12

Residual Errors:
  Mean error:         261.01 m
  RMSE (total):       278.26 m
  RMSE X:              83.38 m
  RMSE Y:             265.48 m
  Std deviation:       96.45 m
  Maximum error:      387.95 m  (point 1)
  Minimum error:       63.71 m
  RMSE excl. worst point:     261.34 m (6% lower)

Map scale: 1:3,000,000
  RMSE on the sheet:     0.09 mm
  Max error on sheet:    0.13 mm
  (0.5 mm is the conventional plotting accuracy)

Transformation Matrix:
  a (scale X):        -190.549421
  b (rotation):         13.888429
  c (translation X):       321738.80
  d (rotation):         13.556408
  e (scale Y):         197.232236
  f (translation Y):     -1423205.11

Derived Parameters:
  Pixel size X:       190.55 m/pixel
  Pixel size Y:       197.23 m/pixel
  Rotation:         175.8313 degrees

QUALITY ASSESSMENT
--------------------------------------------------------------------------------
Overall quality: EXCELLENT (RMSE 278 m = 0.09 mm at 1:3,000,000)

================================================================================