================================================================================
GEOREFERENCING REPORT
================================================================================
Date: 2026-09-09 22:34:27
Source Raster: atlas/3_regional/13_southern_ocean/50_indian_sector_and_davis_sea_p_190-207/maps/P_193-194_IIIc/P_193-194_IIIc.tiff
Target Raster: atlas/3_regional/13_southern_ocean/50_indian_sector_and_davis_sea_p_190-207/maps/P_193-194_IIIc.tiff
Tie Points: atlas/3_regional/13_southern_ocean/50_indian_sector_and_davis_sea_p_190-207/maps/P_193-194_IIIc/P_193-194_IIIc.gpkg

Source CRS (pixel lookup): EPSG:3031 — WGS 84 / Antarctic Polar Stereographic
Target CRS (output):       EPSG:9354 — WGS 84 / IBCSO Polar Stereographic
Number of tie points: 17
Source dimensions: 8427 x 8273 pixels
Source bands: 3
Source declared CRS: EPSG:3031

--------------------------------------------------------------------------------
CONTROL POINTS
--------------------------------------------------------------------------------
ID    Pixel X    Pixel Y    Src X        Src Y        Target X     Target Y    
--------------------------------------------------------------------------------
1     1412.1     682.4      -2326981     2869178      5675282      0           
2     4028.4     1510.2     -153729      2181545      5333021      -1941061    
3     6282.6     711.6      1718764      2844938      6079514      -3510009    
4     603.9      5792.9     -2998348     -1375904     2150308      0           
5     1179.5     5926.5     -2520258     -1486895     2117640      -373397     
6     1727.2     6145.7     -2065291     -1669009     2020628      -735448     
7     3389.5     7763.9     -684444      -3013179     1075154      -1862221    
8     3074.9     7267.3     -945814      -2600631     1382191      -1647231    
9     7668.9     6859.7     2870294      -2262077     1724958      -4739283    
10    7941.5     5298.9     3096741      -965589      2837641      -4914939    
11    4705.0     2944.3     408242       990306       4367747      -2521720    
12    3214.3     5053.0     -830039      -761308      2828457      -1633010    
13    4895.2     6952.4     566277       -2339101     1633010      -2828457    
14    1137.0     2415.6     -2555501     1429486      4433435      0           
15    2865.4     3853.1     -1119796     235377       3610253      -1314025    
16    2725.2     5749.5     -1236288     -1339864     2340831      -1351479    
17    5797.5     5198.3     1315784      -882027      2849757      -3396208    

--------------------------------------------------------------------------------
RESIDUAL ANALYSIS
--------------------------------------------------------------------------------
ID    dX (m)       dY (m)       Residual (m)   
--------------------------------------------------------------------------------
1     48044.31     -113904.48   123622.36      
2     -38937.50    -8537.07     39862.40       
3     -121435.47   78648.50     144679.51      
4     36175.21     98651.38     105074.93      
5     7573.76      71421.08     71821.53       
6     -16689.30    46138.05     49063.76       
7     -90810.05    -65617.64    112036.33      
8     -74690.36    -33599.15    81899.65       
9     101491.60    -41959.38    109823.20      
10    70341.50     51238.31     87024.66       
11    -18917.95    16834.72     25323.84       
12    474.41       3593.36      3624.55        
13    -15020.26    -70746.35    72323.27       
14    90341.83     -41137.21    99266.89       
15    20913.31     1338.22      20956.09       
16    -13746.56    8971.62      16415.17       
17    14891.53     -1333.95     14951.15       
--------------------------------------------------------------------------------

TRANSFORMATION STATISTICS
--------------------------------------------------------------------------------
Transformation type: Affine (1st-order polynomial, 6 parameters)
Number of GCPs used: 17
Observations:        34 (2 per GCP)
Degrees of freedom:  28

Residual Errors:
  Mean error:       69280.55 m
  RMSE (total):     81158.98 m
  RMSE X:           58853.03 m
  RMSE Y:           55884.71 m
  Std deviation:    42272.76 m
  Maximum error:   144679.51 m  (point 3)
  Minimum error:     3624.55 m
  RMSE excl. worst point:   75433.37 m (7% lower)

Map scale: 1:20,000,000
  RMSE on the sheet:     4.06 mm
  Max error on sheet:    7.23 mm
  (0.5 mm is the conventional plotting accuracy)

Transformation Matrix:
  a (scale X):          52.295712
  b (rotation):       -683.807138
  c (translation X):      6116121.24
  d (rotation):       -680.736988
  e (scale Y):         -66.067537
  f (translation Y):       892482.39

Derived Parameters:
  Pixel size X:        52.30 m/pixel
  Pixel size Y:        66.07 m/pixel
  Rotation:         -85.6267 degrees

QUALITY ASSESSMENT
--------------------------------------------------------------------------------
Overall quality: POOR (RMSE 81159 m = 4.06 mm at 1:20,000,000)

================================================================================