================================================================================
GEOREFERENCING REPORT
================================================================================
Date: 2026-09-20 23:20:43
Source Raster: atlas/2_general/6_geology_and_relief/22_geology_p_58-63/maps/P_61-62_IVa/P_61-62_IVa.tiff
Target Raster: maps/6_geology_and_relief/22_geology_p_58-63/P_61-62_IVa.tiff
Tie Points: atlas/2_general/6_geology_and_relief/22_geology_p_58-63/maps/P_61-62_IVa/P_61-62_IVa.gpkg

Source CRS (pixel lookup): EPSG:3031 — WGS 84 / Antarctic Polar Stereographic
Target CRS (output):       EPSG:3031 — WGS 84 / Antarctic Polar Stereographic
Number of tie points: 18
Source dimensions: 5213 x 8314 pixels
Source bands: 3
Source declared CRS: EPSG:3031

--------------------------------------------------------------------------------
CONTROL POINTS
--------------------------------------------------------------------------------
ID    Pixel X    Pixel Y    Src X        Src Y        Target X     Target Y    
--------------------------------------------------------------------------------
1     4273.3     4167.3     1403337      -8708        -543593      0           
2     1681.3     4160.8     -779012      -3172        -2194494     0           
3     820.5      4158.2     -1503734     -1005        -2758502     0           
4     3407.7     4164.9     674557       -6610        -1089179     0           
5     2541.8     4162.7     -54437       -4771        -1638783     0           
6     2497.4     1943.6     -91861       1863569      -1681080     1410594     
7     3156.8     2498.3     463321       1396562      -1255381     1053390     
8     3814.8     3055.2     1017299      927663       -834360      700111      
9     1838.9     1389.1     -646286      2330439      -2113135     1773131     
10    1403.3     2002.7     -1013015     1813842      -2290574     1322464     
11    1894.4     2980.4     -599517      990629       -2062150     750561      
12    2693.8     5049.5     73483        -751467      -1539953     -560497     
13    4526.9     7569.6     1616878      -2873291     -381070      -2161155    
14    4240.2     6603.3     1375464      -2059638     -560497      -1539953    
15    3461.1     6152.0     719522       -1679670     -1053390     -1255381    
16    4836.9     4981.3     1877893      -694037      -185920      -510811     
17    4578.2     4829.5     1660105      -566211      -349415      -416417     
18    4323.5     4462.4     1445653      -257120      -510811      -185920     

--------------------------------------------------------------------------------
RESIDUAL ANALYSIS
--------------------------------------------------------------------------------
ID    dX (m)       dY (m)       Residual (m)   
--------------------------------------------------------------------------------
1     1325.74      1348.94      1891.35        
2     7236.74      -3879.16     8210.86        
3     24971.08     -5368.62     25541.67       
4     -2420.26     -209.74      2429.33        
5     -2310.78     -1963.40     3032.27        
6     12745.77     -7005.03     14543.90       
7     5284.60      1218.80      5423.33        
8     1593.59      4088.72      4388.30        
9     27132.78     -20662.11    34104.41       
10    -72125.33    39746.06     82351.76       
11    10706.42     -5945.51     12246.49       
12    -5106.42     -2719.91     5785.63        
13    -1722.34     8150.58      8330.57        
14    -3843.93     -1910.15     4292.37        
15    -5185.21     -3422.58     6212.93        
16    1003.74      -1429.45     1746.66        
17    402.91       -586.92      711.91         
18    310.90       549.49       631.35         
--------------------------------------------------------------------------------

TRANSFORMATION STATISTICS
--------------------------------------------------------------------------------
Transformation type: Affine (1st-order polynomial, 6 parameters)
Number of GCPs used: 18
Observations:        36 (2 per GCP)
Degrees of freedom:  30

Residual Errors:
  Mean error:       12326.39 m
  RMSE (total):     22678.20 m
  RMSE X:           19729.63 m
  RMSE Y:           11182.24 m
  Std deviation:    19035.78 m
  Maximum error:    82351.76 m  (point 10)
  Minimum error:      631.35 m
  RMSE excl. worst point:   12067.47 m (47% lower)

Map scale: 1:10,000,000
  RMSE on the sheet:     2.27 mm
  Max error on sheet:    8.24 mm
  (0.5 mm is the conventional plotting accuracy)

Transformation Matrix:
  a (scale X):         634.640561
  b (rotation):         -0.436667
  c (translation X):     -3252434.00
  d (rotation):          3.624150
  e (scale Y):        -633.474138
  f (translation Y):      2625765.94

Derived Parameters:
  Pixel size X:       634.64 m/pixel
  Pixel size Y:       633.47 m/pixel
  Rotation:          -0.0394 degrees

QUALITY ASSESSMENT
--------------------------------------------------------------------------------
Overall quality: POOR (RMSE 22678 m = 2.27 mm at 1:10,000,000)
WARNING: Point 10 has an unusually high residual (82352 m vs 12326 m mean).
         Dropping it would reduce RMSE to 12067 m. Check that point's lon/lat against its plotted position.

================================================================================