================================================================================
GEOREFERENCING REPORT
================================================================================
Date: 2026-09-07 23:57:29
Source Raster: atlas/3_regional/13_southern_ocean/50_indian_sector_and_davis_sea_p_190-207/maps/P_207_XV_A/P_207_XV_A.tiff
Target Raster: atlas/3_regional/13_southern_ocean/50_indian_sector_and_davis_sea_p_190-207/maps/P_207_XV_A.tiff
Tie Points: atlas/3_regional/13_southern_ocean/50_indian_sector_and_davis_sea_p_190-207/maps/P_207_XV_A/P_207_XV_A.gpkg

Target CRS: EPSG:9354
Number of tie points: 3
Source dimensions: 4889 x 2917 pixels
Source bands: 3

--------------------------------------------------------------------------------
CONTROL POINTS
--------------------------------------------------------------------------------
ID    Pixel X    Pixel Y    Map X        Map Y        Target X     Target Y    
--------------------------------------------------------------------------------
1     1019.7     1393.5     -2040025     93090        2692673      235578      
2     2474.8     1335.3     43332        176329       2702959      0           
3     3924.6     1390.2     2119231      97832        2692673      -235578     

--------------------------------------------------------------------------------
RESIDUAL ANALYSIS
--------------------------------------------------------------------------------
ID    dX (m)       dY (m)       Residual (m)   
--------------------------------------------------------------------------------
1     0.00         0.00         0.00           
2     0.00         0.00         0.00           
3     0.00         -0.00        0.00           
--------------------------------------------------------------------------------

TRANSFORMATION STATISTICS
--------------------------------------------------------------------------------
Transformation type: Affine (1st-order polynomial, 6 parameters)
Number of GCPs used: 3
Degrees of freedom:  0

Residual Errors:
  Mean error:           0.00 m
  RMSE (total):         0.00 m
  RMSE X:               0.00 m
  RMSE Y:               0.00 m
  Std deviation:        0.00 m
  Maximum error:        0.00 m
  Minimum error:        0.00 m

Transformation Matrix:
  a (scale X):          -0.207636
  b (rotation):       -182.119024
  c (translation X):      2946664.76
  d (rotation):       -162.199926
  e (scale Y):          -7.479757
  f (translation Y):       411394.71

Derived Parameters:
  Pixel size X:         0.21 m/pixel
  Pixel size Y:         7.48 m/pixel
  Rotation:         -90.0653 degrees

QUALITY ASSESSMENT
--------------------------------------------------------------------------------
Overall quality: EXCELLENT (RMSE: 0.00 m)
WARNING: Less than 4 GCPs used. Consider adding more points.

================================================================================