================================================================================
GEOREFERENCING REPORT
================================================================================
Date: 2026-07-05 23:21:07
Source Raster: atlas/2_general/5_aeronomy_and_physics_of_the_earth/15_ionosphere_p_25-30/maps/P_26_II_K/P_26_II_K.tiff
Target Raster: atlas/2_general/5_aeronomy_and_physics_of_the_earth/15_ionosphere_p_25-30/maps/P_26_II_K.tiff
Tie Points: atlas/2_general/5_aeronomy_and_physics_of_the_earth/15_ionosphere_p_25-30/maps/P_26_II_K/P_26_II_K.gpkg

Target CRS: EPSG:3031
Number of tie points: 17
Source dimensions: 1594 x 1821 pixels
Source bands: 3

--------------------------------------------------------------------------------
CONTROL POINTS
--------------------------------------------------------------------------------
ID    Pixel X    Pixel Y    Map X        Map Y        Target X     Target Y    
--------------------------------------------------------------------------------
1     765.2      898.5      -122389      46024        0            0           
2     478.9      899.2      -1222980     43361        -2194494     0           
3     764.1      611.8      -126466      1148030      0            2194494     
4     1051.5     898.2      978285       47439        2194494      0           
5     766.6      1185.1     -116814      -1055649     0            -2194494    
6     765.4      1041.6     -121474      -503772      0            -1089179    
7     908.3      898.2      427740       47439        1089179      0           
8     621.9      899.0      -673184      44110        -1089179     0           
9     764.6      755.2      -124636      596985       0            1089179     
10    259.5      396.8      -2066189     1974679      -4095495     4095495     
11    1268.5     393.5      1812424      1987328      4095495      4095495     
12    261.8      1404.1     -2057369     -1897277     -4095495     -4095495    
13    1272.3     1400.8     1826904      -1884628     4095495      -4095495    
14    767.1      1612.2     -114983      -2697298     0            -5791904    
15    763.5      185.5      -128963      2787016      0            5791904     
16    1478.9     897.2      2621100      51267        5791904      0           
17    52.4       901.9      -2862383     32959        -5791904     0           

--------------------------------------------------------------------------------
RESIDUAL ANALYSIS
--------------------------------------------------------------------------------
ID    dX (m)       dY (m)       Residual (m)   
--------------------------------------------------------------------------------
1     -1136.04     1783.96      2114.97        
2     -118280.40   3546.73      118333.56      
3     -2978.60     124121.66    124157.40      
4     116175.49    -2603.55     116204.66      
5     3854.58      -119863.97   119925.93      
6     -2566.90     -64908.33    64959.07       
7     65154.76     1078.64      65163.69       
8     -68828.11    1444.07      68843.26       
9     -2494.52     70934.40     70978.25       
10    23467.75     -25995.59    35021.51       
11    -21011.44    -25344.99    32921.87       
12    18377.63     24715.33     30799.11       
13    -14216.62    25328.08     29045.21       
14    -2313.39     26206.48     26308.39       
15    1774.89      -27542.59    27599.72       
16    -30730.77    -5543.60     31226.78       
17    35751.69     -7356.73     36500.75       
--------------------------------------------------------------------------------

TRANSFORMATION STATISTICS
--------------------------------------------------------------------------------
Transformation type: Affine (1st-order polynomial, 6 parameters)
Number of GCPs used: 17
Degrees of freedom:  14

Residual Errors:
  Mean error:       58829.65 m
  RMSE (total):     70048.41 m
  RMSE X:           48670.81 m
  RMSE Y:           50377.90 m
  Std deviation:    38024.36 m
  Maximum error:   124157.40 m
  Minimum error:     2114.97 m

Transformation Matrix:
  a (scale X):        8073.819631
  b (rotation):        -23.446391
  c (translation X):     -6157844.06
  d (rotation):        -25.709911
  e (scale Y):       -8081.532343
  f (translation Y):      7282932.55

Derived Parameters:
  Pixel size X:      8073.82 m/pixel
  Pixel size Y:      8081.53 m/pixel
  Rotation:          -0.1664 degrees

QUALITY ASSESSMENT
--------------------------------------------------------------------------------
Overall quality: POOR (RMSE: 70048.41 m)

================================================================================