================================================================================
GEOREFERENCING REPORT
================================================================================
Date: 2026-09-09 23:15:17
Source Raster: atlas/3_regional/12_continent_and_islands/47_ellsworth_land_and_antarctic_peninsula_p_172-177/maps/P_172_I_A/P_172_I_A.tiff
Target Raster: atlas/3_regional/12_continent_and_islands/47_ellsworth_land_and_antarctic_peninsula_p_172-177/maps/P_172_I_A.tiff
Tie Points: atlas/3_regional/12_continent_and_islands/47_ellsworth_land_and_antarctic_peninsula_p_172-177/maps/P_172_I_A/P_172_I_A.gpkg

Source CRS (pixel lookup): EPSG:3031 — WGS 84 / Antarctic Polar Stereographic
Target CRS (output):       EPSG:3031 — WGS 84 / Antarctic Polar Stereographic
Number of tie points: 5
Source dimensions: 1950 x 2200 pixels
Source bands: 3
Source declared CRS: EPSG:3031

--------------------------------------------------------------------------------
CONTROL POINTS
--------------------------------------------------------------------------------
ID    Pixel X    Pixel Y    Src X        Src Y        Target X     Target Y    
--------------------------------------------------------------------------------
1     578.6      601.9      -1261398     1584711      -1303445     114037      
2     602.7      1298.0     -1184718     -629976      -1194152     104475      
3     1264.0     1302.5     919461       -644260      -1180502     208154      
4     1231.8     1996.8     817221       -2853309     -1072632     189134      
5     627.2      1991.3     -1106535     -2836019     -1085035     94928       

--------------------------------------------------------------------------------
RESIDUAL ANALYSIS
--------------------------------------------------------------------------------
ID    dX (m)       dY (m)       Residual (m)   
--------------------------------------------------------------------------------
1     -5.22        141.64       141.73         
2     77.80        -44.55       89.66          
3     -67.19       -238.78      248.05         
4     73.51        261.06       271.21         
5     -78.89       -119.37      143.08         
--------------------------------------------------------------------------------

TRANSFORMATION STATISTICS
--------------------------------------------------------------------------------
Transformation type: Affine (1st-order polynomial, 6 parameters)
Number of GCPs used: 5
Observations:        10 (2 per GCP)
Degrees of freedom:  4

Residual Errors:
  Mean error:         178.75 m
  RMSE (total):       191.67 m
  RMSE X:              66.67 m
  RMSE Y:             179.70 m
  Std deviation:       69.18 m
  Maximum error:      271.21 m  (point 4)
  Minimum error:       89.66 m
  RMSE excl. worst point:     165.93 m (13% lower)

Map scale: 1:2,500,000
  RMSE on the sheet:     0.08 mm
  Max error on sheet:    0.11 mm
  (0.5 mm is the conventional plotting accuracy)

Transformation Matrix:
  a (scale X):          19.358868
  b (rotation):        156.469225
  c (translation X):     -1408836.52
  d (rotation):        156.616523
  e (scale Y):         -19.427548
  f (translation Y):        35260.49

Derived Parameters:
  Pixel size X:        19.36 m/pixel
  Pixel size Y:        19.43 m/pixel
  Rotation:          82.9470 degrees

QUALITY ASSESSMENT
--------------------------------------------------------------------------------
Overall quality: EXCELLENT (RMSE 192 m = 0.08 mm at 1:2,500,000)

================================================================================