================================================================================
GEOREFERENCING REPORT
================================================================================
Date: 2026-09-09 23:15:17
Source Raster: atlas/3_regional/12_continent_and_islands/47_ellsworth_land_and_antarctic_peninsula_p_172-177/maps/P_173_II/P_173_II.tiff
Target Raster: atlas/3_regional/12_continent_and_islands/47_ellsworth_land_and_antarctic_peninsula_p_172-177/maps/P_173_II.tiff
Tie Points: atlas/3_regional/12_continent_and_islands/47_ellsworth_land_and_antarctic_peninsula_p_172-177/maps/P_173_II/P_173_II.gpkg

Source CRS (pixel lookup): EPSG:3031 — WGS 84 / Antarctic Polar Stereographic
Target CRS (output):       EPSG:3031 — WGS 84 / Antarctic Polar Stereographic
Number of tie points: 8
Source dimensions: 8245 x 4797 pixels
Source bands: 3
Source declared CRS: EPSG:3031

--------------------------------------------------------------------------------
CONTROL POINTS
--------------------------------------------------------------------------------
ID    Pixel X    Pixel Y    Src X        Src Y        Target X     Target Y    
--------------------------------------------------------------------------------
1     852.5      1386.0     -2776243     859638       -1874855     -609177     
2     1031.5     3134.7     -2624247     -624996      -1769169     -574838     
3     3019.8     1244.7     -936167      979544       -1912782     -476910     
4     5193.8     1244.4     909500       979826       -1941390     -342320     
5     7358.0     1390.3     2746968      855926       -1960540     -206061     
6     3080.0     3001.1     -885071      -511597      -1804958     -450027     
7     5133.9     3000.8     858685       -511363      -1831954     -323023     
8     7181.0     3137.9     2596663      -627792      -1850024     -194445     

--------------------------------------------------------------------------------
RESIDUAL ANALYSIS
--------------------------------------------------------------------------------
ID    dX (m)       dY (m)       Residual (m)   
--------------------------------------------------------------------------------
1     -327.31      61.84        333.10         
2     -184.92      -229.90      295.04         
3     269.25       106.00       289.36         
4     177.43       84.78        196.65         
5     -195.73      -281.08      342.52         
6     315.77       13.85        316.08         
7     198.30       149.62       248.41         
8     -252.79      94.89        270.01         
--------------------------------------------------------------------------------

TRANSFORMATION STATISTICS
--------------------------------------------------------------------------------
Transformation type: Affine (1st-order polynomial, 6 parameters)
Number of GCPs used: 8
Observations:        16 (2 per GCP)
Degrees of freedom:  10

Residual Errors:
  Mean error:         286.40 m
  RMSE (total):       289.88 m
  RMSE X:             246.61 m
  RMSE Y:             152.35 m
  Std deviation:       44.81 m
  Maximum error:      342.52 m  (point 5)
  Minimum error:      196.65 m
  RMSE excl. worst point:     281.56 m (3% lower)

Map scale: 1:1,000,000
  RMSE on the sheet:     0.29 mm
  Max error on sheet:    0.34 mm
  (0.5 mm is the conventional plotting accuracy)

Transformation Matrix:
  a (scale X):         -13.192410
  b (rotation):         61.869360
  c (translation X):     -1949685.34
  d (rotation):         61.903413
  e (scale Y):          13.132769
  f (translation Y):      -680088.73

Derived Parameters:
  Pixel size X:        13.19 m/pixel
  Pixel size Y:        13.13 m/pixel
  Rotation:         102.0369 degrees

QUALITY ASSESSMENT
--------------------------------------------------------------------------------
Overall quality: GOOD (RMSE 290 m = 0.29 mm at 1:1,000,000)

================================================================================