================================================================================
GEOREFERENCING REPORT
================================================================================
Date: 2026-08-23 22:25:01
Source Raster: atlas/2_general/5_aeronomy_and_physics_of_the_earth/15_ionosphere_p_25-30/maps/P_26_II_Ye/P_26_II_Ye.tiff
Target Raster: atlas/2_general/5_aeronomy_and_physics_of_the_earth/15_ionosphere_p_25-30/maps/P_26_II_Ye.tiff
Tie Points: atlas/2_general/5_aeronomy_and_physics_of_the_earth/15_ionosphere_p_25-30/maps/P_26_II_Ye/P_26_II_Ye.gpkg

Target CRS: EPSG:3031
Number of tie points: 17
Source dimensions: 1595 x 1851 pixels
Source bands: 3

--------------------------------------------------------------------------------
CONTROL POINTS
--------------------------------------------------------------------------------
ID    Pixel X    Pixel Y    Map X        Map Y        Target X     Target Y    
--------------------------------------------------------------------------------
1     823.3      913.5      97713        45275        0            0           
2     536.6      913.6      -986735      45109        -2194494     0           
3     822.6      627.4      94883        1127309      0            2194494     
4     1110.8     912.5      1184823      49103        2194494      0           
5     823.9      1201.1     99959        -1042251     0            -2194494    
6     823.6      1057.0     98878        -497115      0            -1089179    
7     966.9      913.1      640602       47023        1089179      0           
8     680.4      913.7      -442847      44609        -1089179     0           
9     822.9      770.5      95965        586001       0            1089179     
10    825.4      1629.1     105368       -2660684     0            -5791904    
11    821.8      199.3      92054        2746242      0            5791904     
12    1538.5     911.0      2802174      54762        5791904      0           
13    115.1      911.6      -2580786     52432        -5791904     0           
14    520.2      611.1      -1048646     1188805      -2356882     2356882     
15    1126.1     609.2      1242657      1196127      2356882      2356882     
16    520.3      1218.8     -1048147     -1109155     -2356882     -2356882    
17    1128.8     1215.2     1252892      -1095508     2356882      -2356882    

--------------------------------------------------------------------------------
RESIDUAL ANALYSIS
--------------------------------------------------------------------------------
ID    dX (m)       dY (m)       Residual (m)   
--------------------------------------------------------------------------------
1     -4932.99     -1033.49     5040.09        
2     -100427.26   2260.32      100452.70      
3     -5463.25     83584.53     83762.89       
4     96202.75     3375.85      96261.96       
5     -5660.41     -97217.72    97382.37       
6     -5201.94     -54301.38    54549.97       
7     52295.95     822.86       52302.42       
8     -57236.32    -619.11      57239.67       
9     -5902.47     48730.84     49087.01       
10    -2381.71     91247.35     91278.42       
11    -3292.11     -103837.55   103889.73      
12    -85877.57    9859.33      86441.67       
13    130920.07    23041.46     132932.21      
14    -63021.30    54568.36     83363.00       
15    61712.21     62292.48     87685.51       
16    -73529.12    -71893.22    102835.63      
17    71795.48     -50880.91    87996.92       
--------------------------------------------------------------------------------

TRANSFORMATION STATISTICS
--------------------------------------------------------------------------------
Transformation type: Affine (1st-order polynomial, 6 parameters)
Number of GCPs used: 17
Degrees of freedom:  14

Residual Errors:
  Mean error:       80735.42 m
  RMSE (total):     85578.98 m
  RMSE X:           63418.46 m
  RMSE Y:           57461.81 m
  Std deviation:    28382.26 m
  Maximum error:   132932.21 m
  Minimum error:     5040.09 m

Transformation Matrix:
  a (scale X):        7985.760392
  b (rotation):        -19.027757
  c (translation X):     -6562530.81
  d (rotation):        -12.708817
  e (scale Y):       -7965.527597
  f (translation Y):      7286162.32

Derived Parameters:
  Pixel size X:      7985.76 m/pixel
  Pixel size Y:      7965.53 m/pixel
  Rotation:          -0.1365 degrees

QUALITY ASSESSMENT
--------------------------------------------------------------------------------
Overall quality: POOR (RMSE: 85578.98 m)

================================================================================