================================================================================
GEOREFERENCING REPORT
================================================================================
Date: 2026-08-23 23:17:17
Source Raster: atlas/2_general/9_waters_of_the_southern_ocean/31_oceanographic_coverage_and_boundaries_p_97-99/maps/P_97-98_Ib/P_97-98_Ib.tiff
Target Raster: atlas/2_general/9_waters_of_the_southern_ocean/31_oceanographic_coverage_and_boundaries_p_97-99/maps/P_97-98_Ib.tiff
Tie Points: atlas/2_general/9_waters_of_the_southern_ocean/31_oceanographic_coverage_and_boundaries_p_97-99/maps/P_97-98_Ib/P_97-98_Ib.gpkg

Target CRS: EPSG:3031
Number of tie points: 18
Source dimensions: 8262 x 5191 pixels
Source bands: 3

--------------------------------------------------------------------------------
CONTROL POINTS
--------------------------------------------------------------------------------
ID    Pixel X    Pixel Y    Map X        Map Y        Target X     Target Y    
--------------------------------------------------------------------------------
1     3923.3     157.0      -175989      2066018      0            0           
2     3064.0     155.2      -903976      2067517      -1089179     0           
3     2205.5     153.5      -1631424     2068956      -2194494     0           
4     492.4      148.9      -3082842     2072914      -4524538     0           
5     1349.1     151.7      -2357013     2070515      -3333134     0           
6     4780.9     157.6      550620       2065539      1089179      0           
7     5641.7     158.4      1279926      2064879      2194494      0           
8     6496.9     159.4      2004556      2063980      3333134      0           
9     7353.0     160.3      2729845      2063260      4524538      0           
10    3920.7     1002.6     -178207      1349603      0            -1089179    
11    3918.0     4442.3     -180426      -1564745     0            -5791904    
12    3918.8     3586.0     -179826      -839216      0            -4524538    
13    3919.5     2727.2     -179167      -111588      0            -3333134    
14    6901.5     1866.8     2347353      617419       3918365      -2262269    
15    935.0      1856.4     -2707785     626173       -3918365     -2262269    
16    3919.5     1866.5     -179167      617658       0            -2194494    
17    5582.4     2124.9     1229679      398681       2142497      -2553329    
18    6070.0     3867.6     1642811      -1077801     2895952      -5015936    

--------------------------------------------------------------------------------
RESIDUAL ANALYSIS
--------------------------------------------------------------------------------
ID    dX (m)       dY (m)       Residual (m)   
--------------------------------------------------------------------------------
1     -2215.66     13097.85     13283.93       
2     -37198.32    14509.48     39927.93       
3     -55211.86    15827.31     57435.64       
4     33536.98     20168.66     39134.44       
5     -37030.99    17336.59     40888.28       
6     30629.61     13291.05     33388.99       
7     51507.52     13204.25     53173.08       
8     31840.16     12733.32     34291.88       
9     -39573.98    12546.76     41515.31       
10    -165.96      -26908.55    26909.06       
11    18682.58     82340.58     84433.47       
12    14063.26     -41476.62    43795.95       
13    9520.49      -86023.47    86548.70       
14    -12990.01    -4558.25     13766.55       
15    17579.76     2635.72      17776.24       
16    3946.84      -75255.56    75358.99       
17    38647.81     -59724.07    71138.02       
18    -65568.22    76254.94     100568.42      
--------------------------------------------------------------------------------

TRANSFORMATION STATISTICS
--------------------------------------------------------------------------------
Transformation type: Affine (1st-order polynomial, 6 parameters)
Number of GCPs used: 18
Degrees of freedom:  15

Residual Errors:
  Mean error:       48518.60 m
  RMSE (total):     54637.98 m
  RMSE X:           33356.48 m
  RMSE Y:           43274.17 m
  Std deviation:    25124.76 m
  Maximum error:   100568.42 m
  Minimum error:    13283.93 m

Transformation Matrix:
  a (scale X):        1308.318479
  b (rotation):          6.475566
  c (translation X):     -5136135.88
  d (rotation):          1.106882
  e (scale Y):       -1335.403516
  f (translation Y):       218424.48

Derived Parameters:
  Pixel size X:      1308.32 m/pixel
  Pixel size Y:      1335.40 m/pixel
  Rotation:           0.2836 degrees

QUALITY ASSESSMENT
--------------------------------------------------------------------------------
Overall quality: POOR (RMSE: 54637.98 m)

================================================================================