================================================================================
GEOREFERENCING REPORT
================================================================================
Date: 2026-09-09 22:37:05
Source Raster: atlas/1_introductory/2_history_of_exploration/5_main_expeditions_by_periods_p_7-12/maps/P_8_IV_A/P_8_IV_A.tiff
Target Raster: atlas/1_introductory/2_history_of_exploration/5_main_expeditions_by_periods_p_7-12/maps/P_8_IV_A.tiff
Tie Points: atlas/1_introductory/2_history_of_exploration/5_main_expeditions_by_periods_p_7-12/maps/P_8_IV_A/P_8_IV_A.gpkg

Source CRS (pixel lookup): EPSG:3031 — WGS 84 / Antarctic Polar Stereographic
Target CRS (output):       EPSG:3031 — WGS 84 / Antarctic Polar Stereographic
Number of tie points: 7
Source dimensions: 1711 x 1469 pixels
Source bands: 3
Source declared CRS: EPSG:3031

--------------------------------------------------------------------------------
CONTROL POINTS
--------------------------------------------------------------------------------
ID    Pixel X    Pixel Y    Src X        Src Y        Target X     Target Y    
--------------------------------------------------------------------------------
1     661.1      1217.4     -795458      -1975777     -2161155     381070      
2     1549.8     1219.3     2840539      -1983590     -1023494     372521      
3     866.1      656.2      43412        320491       -1900488     1097247     
4     120.8      227.5      -3005963     2074108      -2886579     1666567     
5     738.6      927.6      -478064      -789868      -2062150     750561      
6     1701.5     960.7      3460968      -925588      -834360      700111      
7     1613.0     1083.9     3099058      -1429293     -943257      544590      

--------------------------------------------------------------------------------
RESIDUAL ANALYSIS
--------------------------------------------------------------------------------
ID    dX (m)       dY (m)       Residual (m)   
--------------------------------------------------------------------------------
1     2268.27      -463.70      2315.18        
2     4021.35      -3414.76     5275.59        
3     -11250.95    5104.12      12354.59       
4     7298.02      -3861.37     8256.59        
5     -5396.32     3078.57      6212.72        
6     2060.67      957.15       2272.12        
7     998.95       -1400.02     1719.87        
--------------------------------------------------------------------------------

TRANSFORMATION STATISTICS
--------------------------------------------------------------------------------
Transformation type: Affine (1st-order polynomial, 6 parameters)
Number of GCPs used: 7
Observations:        14 (2 per GCP)
Degrees of freedom:  8

Residual Errors:
  Mean error:        5486.66 m
  RMSE (total):      6554.36 m
  RMSE X:            5800.56 m
  RMSE Y:            3051.73 m
  Std deviation:     3585.54 m
  Maximum error:    12354.59 m  (point 3)
  Minimum error:     1719.87 m
  RMSE excl. worst point:    4967.92 m (24% lower)

Map scale: 1:20,000,000
  RMSE on the sheet:     0.33 mm
  Max error on sheet:    0.62 mm
  (0.5 mm is the conventional plotting accuracy)

Transformation Matrix:
  a (scale X):        1281.993061
  b (rotation):         28.002307
  c (translation X):     -3040461.34
  d (rotation):        -10.168133
  e (scale Y):       -1289.620697
  f (translation Y):      1957359.17

Derived Parameters:
  Pixel size X:      1281.99 m/pixel
  Pixel size Y:      1289.62 m/pixel
  Rotation:           1.2513 degrees

QUALITY ASSESSMENT
--------------------------------------------------------------------------------
Overall quality: GOOD (RMSE 6554 m = 0.33 mm at 1:20,000,000)

================================================================================