================================================================================
GEOREFERENCING REPORT
================================================================================
Date: 2026-09-09 22:34:23
Source Raster: atlas/3_regional/13_southern_ocean/50_indian_sector_and_davis_sea_p_190-207/maps/P_193-194_IIIa/P_193-194_IIIa.tiff
Target Raster: atlas/3_regional/13_southern_ocean/50_indian_sector_and_davis_sea_p_190-207/maps/P_193-194_IIIa.tiff
Tie Points: atlas/3_regional/13_southern_ocean/50_indian_sector_and_davis_sea_p_190-207/maps/P_193-194_IIIa/P_193-194_IIIa.gpkg

Source CRS (pixel lookup): EPSG:3031 — WGS 84 / Antarctic Polar Stereographic
Target CRS (output):       EPSG:9354 — WGS 84 / IBCSO Polar Stereographic
Number of tie points: 9
Source dimensions: 5613 x 8256 pixels
Source bands: 3
Source declared CRS: EPSG:3031

--------------------------------------------------------------------------------
CONTROL POINTS
--------------------------------------------------------------------------------
ID    Pixel X    Pixel Y    Src X        Src Y        Target X     Target Y    
--------------------------------------------------------------------------------
1     1714.1     695.0      -926254      2910724      4512381      5377646     
2     3860.5     7355.1     893666       -2736176     469364       2661895     
3     2766.1     7733.8     -34289       -3057225     0            3266021     
4     1153.4     7166.3     -1401648     -2576097     0            4433435     
5     4787.3     5049.1     1679444      -780986      2099358      2501917     
6     3798.5     3650.7     841089       404729       2849757      3396208     
7     803.6      4131.6     -1698171     -3055        1941061      5333021     
8     4980.2     111.3      1842999      3405617      5484291      3166357     
9     3570.5     6232.3     647746       -1784211     1117045      3069055     

--------------------------------------------------------------------------------
RESIDUAL ANALYSIS
--------------------------------------------------------------------------------
ID    dX (m)       dY (m)       Residual (m)   
--------------------------------------------------------------------------------
1     -55132.07    -40443.14    68375.38       
2     -46528.28    -22153.36    51533.02       
3     -42280.07    39901.39     58135.40       
4     24376.24     65575.43     69959.55       
5     43979.29     -53246.06    69060.27       
6     36438.17     -18638.78    40928.53       
7     43381.45     -28192.51    51737.49       
8     -4070.05     80146.03     80249.31       
9     -164.68      -22949.00    22949.59       
--------------------------------------------------------------------------------

TRANSFORMATION STATISTICS
--------------------------------------------------------------------------------
Transformation type: Affine (1st-order polynomial, 6 parameters)
Number of GCPs used: 9
Observations:        18 (2 per GCP)
Degrees of freedom:  12

Residual Errors:
  Mean error:       56992.06 m
  RMSE (total):     59341.55 m
  RMSE X:           37633.75 m
  RMSE Y:           45881.59 m
  Std deviation:    16532.54 m
  Maximum error:    80249.31 m  (point 8)
  Minimum error:    22949.59 m
  RMSE excl. worst point:   56183.65 m (5% lower)

Map scale: 1:20,000,000
  RMSE on the sheet:     2.97 mm
  Max error on sheet:    4.01 mm
  (0.5 mm is the conventional plotting accuracy)

Transformation Matrix:
  a (scale X):         193.789288
  b (rotation):       -668.213012
  c (translation X):      4589498.50
  d (rotation):       -673.693054
  e (scale Y):        -187.895144
  f (translation Y):      6622535.55

Derived Parameters:
  Pixel size X:       193.79 m/pixel
  Pixel size Y:       187.90 m/pixel
  Rotation:         -73.8272 degrees

QUALITY ASSESSMENT
--------------------------------------------------------------------------------
Overall quality: POOR (RMSE 59342 m = 2.97 mm at 1:20,000,000)

================================================================================