================================================================================
GEOREFERENCING REPORT
================================================================================
Date: 2026-08-26 23:13:58
Source Raster: atlas/2_general/5_aeronomy_and_physics_of_the_earth/15_ionosphere_p_25-30/maps/P_28_IV_Ye/P_28_IV_Ye.tiff
Target Raster: atlas/2_general/5_aeronomy_and_physics_of_the_earth/15_ionosphere_p_25-30/maps/P_28_IV_Ye.tiff
Tie Points: atlas/2_general/5_aeronomy_and_physics_of_the_earth/15_ionosphere_p_25-30/maps/P_28_IV_Ye/P_28_IV_Ye.gpkg

Target CRS: EPSG:3031
Number of tie points: 15
Source dimensions: 1605 x 1826 pixels
Source bands: 3

--------------------------------------------------------------------------------
CONTROL POINTS
--------------------------------------------------------------------------------
ID    Pixel X    Pixel Y    Map X        Map Y        Target X     Target Y    
--------------------------------------------------------------------------------
1     830.3      894.3      106548       71713        0            0           
2     544.7      892.8      -988342      77469        -2194494     0           
3     830.9      608.4      108706       1167561      0            2194494     
4     1117.2     894.7      1206234      70274        2194494      0           
5     829.6      1182.1     103909       -1031571     0            -2194494    
6     829.7      1038.0     104389       -479210      0            -1089179    
7     973.8      894.9      656511       69314        1089179      0           
8     687.7      893.3      -440057      75550        -1089179     0           
9     830.3      751.5      106548       619038       0            1089179     
10    829.5      1467.8     103430       -2126940     0            -4524538    
11    324.0      1397.2     -1834272     -1856156     -4095495     -4095495    
12    1335.4     1400.7     2042691      -1869587     4095495      -4095495    
13    831.6      322.4      111704       2264130      0            4524538     
14    327.6      388.5      -1820481     2010614      -4095495     4095495     
15    1335.5     391.8      2043411      1997902      4095495      4095495     

--------------------------------------------------------------------------------
RESIDUAL ANALYSIS
--------------------------------------------------------------------------------
ID    dX (m)       dY (m)       Residual (m)   
--------------------------------------------------------------------------------
1     -1780.72     2160.33      2799.64        
2     -102596.75   6311.81      102790.72      
3     -1634.40     91900.50     91915.04       
4     109074.09    7042.12      109301.18      
5     -2902.93     -103081.38   103122.25      
6     -4104.50     -57034.40    57181.90       
7     61972.47     1102.51      61982.27       
8     -58500.43    6241.84      58832.48       
9     -3967.77     53840.50     53986.51       
10    468.45       -56260.44    56262.39       
11    32750.38     65239.45     72998.45       
12    -30655.66    65029.00     71892.56       
13    268.85       47597.30     47598.06       
14    46210.25     -65642.41    80276.48       
15    -44601.32    -64446.73    78375.12       
--------------------------------------------------------------------------------

TRANSFORMATION STATISTICS
--------------------------------------------------------------------------------
Transformation type: Affine (1st-order polynomial, 6 parameters)
Number of GCPs used: 15
Degrees of freedom:  12

Residual Errors:
  Mean error:       69954.34 m
  RMSE (total):     74657.34 m
  RMSE X:           48901.47 m
  RMSE Y:           56412.45 m
  Std deviation:    26078.92 m
  Maximum error:   109301.18 m
  Minimum error:     2799.64 m

Transformation Matrix:
  a (scale X):        8036.447499
  b (rotation):         15.318317
  c (translation X):     -6688091.88
  d (rotation):         27.474715
  e (scale Y):       -7990.692462
  f (translation Y):      7125370.18

Derived Parameters:
  Pixel size X:      8036.45 m/pixel
  Pixel size Y:      7990.69 m/pixel
  Rotation:           0.1092 degrees

QUALITY ASSESSMENT
--------------------------------------------------------------------------------
Overall quality: POOR (RMSE: 74657.34 m)

================================================================================