================================================================================
GEOREFERENCING REPORT
================================================================================
Date: 2026-08-23 22:25:01
Source Raster: atlas/2_general/6_geology_and_relief/23_relief_and_bottom_sediments_p_64-72/maps/P_64-65_Ia/P_64-65_Ia.tiff
Target Raster: atlas/2_general/6_geology_and_relief/23_relief_and_bottom_sediments_p_64-72/maps/P_64-65_Ia.tiff
Tie Points: atlas/2_general/6_geology_and_relief/23_relief_and_bottom_sediments_p_64-72/maps/P_64-65_Ia/P_64-65_Ia.gpkg

Target CRS: EPSG:3031
Number of tie points: 12
Source dimensions: 8264 x 5189 pixels
Source bands: 3

--------------------------------------------------------------------------------
CONTROL POINTS
--------------------------------------------------------------------------------
ID    Pixel X    Pixel Y    Map X        Map Y        Target X     Target Y    
--------------------------------------------------------------------------------
1     3905.3     4417.2     -191990      -1543927     0            1089179     
2     3923.8     980.4      -176394      1367199      0            5791904     
3     7296.6     4701.7     2680605      -1784874     4455800      785678      
4     515.0      4662.9     -3063751     -1752014     -4455800     785678      
5     612.3      1312.6     -2981350     1085803      -4605106     5488152     
6     7235.4     1349.0     2628729      1055028      4605106      5488152     
7     3909.3     3555.5     -188654      -813998      0            2194494     
8     3913.5     2694.6     -185068      -84778       0            3333134     
9     7948.6     3833.2     3232806      -1049273     5442609      1980948     
10    1669.6     3976.4     -2085786     -1170539     -2886579     1666567     
11    3242.4     4723.1     -753532      -1803055     -834360      700111      
12    5597.4     4989.2     1241263      -2028406     2161155      381070      

--------------------------------------------------------------------------------
RESIDUAL ANALYSIS
--------------------------------------------------------------------------------
ID    dX (m)       dY (m)       Residual (m)   
--------------------------------------------------------------------------------
1     4489.27      20031.79     20528.67       
2     8874.89      72321.57     72864.07       
3     101682.22    -29926.22    105994.59      
4     -88247.25    -56409.36    104735.83      
5     171800.71    -122675.10   211103.45      
6     -149642.54   -94660.07    177068.96      
7     4678.74      106970.38    107072.66      
8     5269.57      159429.60    159516.67      
9     -15361.70    -16021.25    22196.00       
10    -112050.10   26080.77     115045.35      
11    -49042.77    -21974.20    53740.66       
12    117548.96    -43167.91    125224.70      
--------------------------------------------------------------------------------

TRANSFORMATION STATISTICS
--------------------------------------------------------------------------------
Transformation type: Affine (1st-order polynomial, 6 parameters)
Number of GCPs used: 12
Degrees of freedom:  9

Residual Errors:
  Mean error:      106257.63 m
  RMSE (total):    120090.46 m
  RMSE X:           90920.28 m
  RMSE Y:           78455.23 m
  Std deviation:    55955.65 m
  Maximum error:   211103.45 m
  Minimum error:    20528.67 m

Transformation Matrix:
  a (scale X):        1342.053422
  b (rotation):          5.913837
  c (translation X):     -5262811.05
  d (rotation):         11.819331
  e (scale Y):       -1383.498224
  f (translation Y):      7174263.37

Derived Parameters:
  Pixel size X:      1342.05 m/pixel
  Pixel size Y:      1383.50 m/pixel
  Rotation:           0.2525 degrees

QUALITY ASSESSMENT
--------------------------------------------------------------------------------
Overall quality: POOR (RMSE: 120090.46 m)

================================================================================