================================================================================
GEOREFERENCING REPORT
================================================================================
Date: 2026-09-09 22:32:17
Source Raster: atlas/2_general/10_biology/38_marine_biology_p_127-129/maps/P_129_VI_A/P_129_VI_A.tiff
Target Raster: atlas/2_general/10_biology/38_marine_biology_p_127-129/maps/P_129_VI_A.tiff
Tie Points: atlas/2_general/10_biology/38_marine_biology_p_127-129/maps/P_129_VI_A/P_129_VI_A.gpkg

Source CRS (pixel lookup): EPSG:3031 — WGS 84 / Antarctic Polar Stereographic
Target CRS (output):       EPSG:3031 — WGS 84 / Antarctic Polar Stereographic
Number of tie points: 13
Source dimensions: 1400 x 1678 pixels
Source bands: 3
Source declared CRS: EPSG:3031

--------------------------------------------------------------------------------
CONTROL POINTS
--------------------------------------------------------------------------------
ID    Pixel X    Pixel Y    Src X        Src Y        Target X     Target Y    
--------------------------------------------------------------------------------
1     14.4       152.6      -2860096     2863546      -2553329     2142497     
2     1392.5     158.7      2888687      2837927      2553329      2142497     
3     1387.8     1500.3     2869304      -2758760     2553329      -2142497    
4     -76.4      1344.0     -3238728     -2106642     -2886579     -1666567    
5     700.3      826.5      1147         52347        0            0           
6     102.4      823.4      -2492877     65103        -2194494     0           
7     705.6      128.1      23551        2965583      0            2194494     
8     1301.2     829.2      2508174      41032        2194494      0           
9     699.9      1523.0     -285         -2853438     0            -2194494    
10    700.6      1176.1     2389         -1406298     0            -1089179    
11    1001.0     827.8      1255775      46768        1089179      0           
12    402.1      824.9      -1242710     58770        -1089179     0           
13    701.6      478.2      6667         1505155      0            1089179     

--------------------------------------------------------------------------------
RESIDUAL ANALYSIS
--------------------------------------------------------------------------------
ID    dX (m)       dY (m)       Residual (m)   
--------------------------------------------------------------------------------
1     7128.10      -15321.06    16898.07       
2     -9364.03     -14538.82    17293.42       
3     -11986.97    15032.29     19226.47       
4     18039.92     13403.10     22474.03       
5     -5490.22     -191.54      5493.57        
6     -19293.39    717.87       19306.74       
7     6778.99      20427.36     21522.82       
8     19821.94     41.43        19821.98       
9     790.08       -15070.82    15091.51       
10    -601.57      -20065.66    20074.68       
11    16219.97     -11.56       16219.98       
12    -17665.75    308.75       17668.45       
13    -4377.08     15268.66     15883.66       
--------------------------------------------------------------------------------

TRANSFORMATION STATISTICS
--------------------------------------------------------------------------------
Transformation type: Affine (1st-order polynomial, 6 parameters)
Number of GCPs used: 13
Observations:        26 (2 per GCP)
Degrees of freedom:  20

Residual Errors:
  Mean error:       17459.64 m
  RMSE (total):     17924.45 m
  RMSE X:           12539.70 m
  RMSE Y:           12807.88 m
  Std deviation:     4055.46 m
  Maximum error:    22474.03 m  (point 4)
  Minimum error:     5493.57 m
  RMSE excl. worst point:   17491.99 m (2% lower)

Map scale: 1:120,000,000
  RMSE on the sheet:     0.15 mm
  Max error on sheet:    0.19 mm
  (0.5 mm is the conventional plotting accuracy)

Transformation Matrix:
  a (scale X):        3693.655905
  b (rotation):         10.836848
  c (translation X):     -2601021.12
  d (rotation):         14.702481
  e (scale Y):       -3171.836786
  f (translation Y):      2610882.82

Derived Parameters:
  Pixel size X:      3693.66 m/pixel
  Pixel size Y:      3171.84 m/pixel
  Rotation:           0.1681 degrees

QUALITY ASSESSMENT
--------------------------------------------------------------------------------
Overall quality: EXCELLENT (RMSE 17924 m = 0.15 mm at 1:120,000,000)

================================================================================