================================================================================
GEOREFERENCING REPORT
================================================================================
Date: 2026-09-05 23:50:49
Source Raster: atlas/2_general/8_glaciation/30_nourishment_and_physical_properties_p_96/maps/P_96_III/P_96_III.tiff
Target Raster: atlas/2_general/8_glaciation/30_nourishment_and_physical_properties_p_96/maps/P_96_III.tiff
Tie Points: atlas/2_general/8_glaciation/30_nourishment_and_physical_properties_p_96/maps/P_96_III/P_96_III.gpkg

Target CRS: EPSG:3031
Number of tie points: 13
Source dimensions: 2409 x 2371 pixels
Source bands: 3

--------------------------------------------------------------------------------
CONTROL POINTS
--------------------------------------------------------------------------------
ID    Pixel X    Pixel Y    Map X        Map Y        Target X     Target Y    
--------------------------------------------------------------------------------
1     179.2      342.3      -2979146     2450183      -2553329     2142497     
2     2156.0     341.1      2764706      2453777      2553329      2142497     
3     2157.6     2001.1     2769378      -2370024     2553329      -2142497    
4     52.0       1818.0     -3348964     -1837760     -2886579     -1666567    
5     1169.0     1170.1     -103267      44752        0            0           
6     305.9      1171.3     -2611126     41158        -2194494     0           
7     1167.1     309.5      -108658      2545423      0            2194494     
8     2031.3     1170.2     2402436      44393        2194494      0           
9     1169.0     2032.9     -103087      -2462209     0            -2194494    
10    1169.0     1603.5     -103267      -1214569     0            -1089179    
11    1601.9     1170.2     1154616      44393        1089179      0           
12    735.6      1170.6     -1362587     43314        -1089179     0           
13    1168.3     737.8      -105064      1300838      0            1089179     

--------------------------------------------------------------------------------
RESIDUAL ANALYSIS
--------------------------------------------------------------------------------
ID    dX (m)       dY (m)       Residual (m)   
--------------------------------------------------------------------------------
1     13186.24     -15673.04    20482.22       
2     -14306.25    -16161.19    21583.63       
3     -14117.42    12480.25     18842.99       
4     15910.00     10098.82     18844.48       
5     968.35       2525.10      2704.41        
6     -22184.79    951.65       22205.19       
7     -1754.86     14537.33     14642.87       
8     22211.43     611.64       22219.85       
9     -921.76      -15033.37    15061.60       
10    -60.93       -19474.90    19475.00       
11    24106.69     1406.60      24147.69       
12    -23442.67    2058.92      23532.91       
13    405.96       21672.19     21675.99       
--------------------------------------------------------------------------------

TRANSFORMATION STATISTICS
--------------------------------------------------------------------------------
Transformation type: Affine (1st-order polynomial, 6 parameters)
Number of GCPs used: 13
Degrees of freedom:  10

Residual Errors:
  Mean error:       18878.37 m
  RMSE (total):     19644.83 m
  RMSE X:           15069.62 m
  RMSE Y:           12602.62 m
  Std deviation:     5433.82 m
  Maximum error:    24147.69 m
  Minimum error:     2704.41 m

Transformation Matrix:
  a (scale X):        2569.508312
  b (rotation):         -2.374968
  c (translation X):     -2999908.95
  d (rotation):         -1.851223
  e (scale Y):       -2563.947810
  f (translation Y):      3004761.72

Derived Parameters:
  Pixel size X:      2569.51 m/pixel
  Pixel size Y:      2563.95 m/pixel
  Rotation:          -0.0530 degrees

QUALITY ASSESSMENT
--------------------------------------------------------------------------------
Overall quality: POOR (RMSE: 19644.83 m)

================================================================================