================================================================================
GEOREFERENCING REPORT
================================================================================
Date: 2026-08-26 23:53:27
Source Raster: atlas/2_general/5_aeronomy_and_physics_of_the_earth/15_ionosphere_p_25-30/maps/P_28_IV_Z/P_28_IV_Z.tiff
Target Raster: atlas/2_general/5_aeronomy_and_physics_of_the_earth/15_ionosphere_p_25-30/maps/P_28_IV_Z.tiff
Tie Points: atlas/2_general/5_aeronomy_and_physics_of_the_earth/15_ionosphere_p_25-30/maps/P_28_IV_Z/P_28_IV_Z.gpkg

Target CRS: EPSG:3031
Number of tie points: 13
Source dimensions: 1593 x 1830 pixels
Source bands: 3

--------------------------------------------------------------------------------
CONTROL POINTS
--------------------------------------------------------------------------------
ID    Pixel X    Pixel Y    Map X        Map Y        Target X     Target Y    
--------------------------------------------------------------------------------
1     764.8      897.1      -121304      68595        0            0           
2     766.5      608.3      -114829      1173078      0            2194494     
3     768.0      323.6      -109072      2262331      0            4524538     
4     49.7       894.1      -2856609     80107        -5791904     0           
5     1477.9     899.0      2606565      61160        5791904      0           
6     760.8      1610.3     -136415      -2659754     0            -5791904    
7     763.4      1183.9     -126581      -1028573     0            -2194494    
8     475.4      896.0      -1228186     72552        -2194494     0           
9     762.6      1325.5     -129699      -1570141     0            -3333134    
10    1271.4     393.7      1816398      1994185      4095495      4095495     
11    1048.8     1393.3     964951       -1829413     2262269      -3918365    
12    475.5      1391.5     -1227946     -1822697     -2262269     -3918365    
13    262.6      389.3      -2042337     2010854      -3199331     3199331     

--------------------------------------------------------------------------------
RESIDUAL ANALYSIS
--------------------------------------------------------------------------------
ID    dX (m)       dY (m)       Residual (m)   
--------------------------------------------------------------------------------
1     85581.60     -65593.15    107827.04      
2     153101.51    -23845.30    154947.31      
3     218400.55    -148527.87   264119.91      
4     280131.44    -237007.11   366941.40      
5     -123984.31   113545.22    168120.87      
6     -79394.88    202297.41    217319.56      
7     20875.38     -92447.52    94775.13       
8     14989.10     -136377.94   137199.18      
9     -12114.75    -50314.98    51752.92       
10    50289.63     -125217.96   134939.19      
11    -46874.73    88002.47     99707.95       
12    -9865.34     -54509.25    55394.80       
13    -551135.21   529995.97    764621.31      
--------------------------------------------------------------------------------

TRANSFORMATION STATISTICS
--------------------------------------------------------------------------------
Transformation type: Affine (1st-order polynomial, 6 parameters)
Number of GCPs used: 13
Degrees of freedom:  10

Residual Errors:
  Mean error:      201358.97 m
  RMSE (total):    272012.72 m
  RMSE X:          193747.10 m
  RMSE Y:          190926.64 m
  Std deviation:   182881.07 m
  Maximum error:   764621.31 m
  Minimum error:    51752.92 m

Transformation Matrix:
  a (scale X):        7828.308651
  b (rotation):       -187.941620
  c (translation X):     -5732815.35
  d (rotation):        272.300559
  e (scale Y):       -7743.141102
  f (translation Y):      6672273.84

Derived Parameters:
  Pixel size X:      7828.31 m/pixel
  Pixel size Y:      7743.14 m/pixel
  Rotation:          -1.3753 degrees

QUALITY ASSESSMENT
--------------------------------------------------------------------------------
Overall quality: POOR (RMSE: 272012.72 m)
WARNING: Point 13 has unusually high residual.
         Consider checking this control point.

================================================================================