================================================================================
GEOREFERENCING REPORT
================================================================================
Date: 2026-09-11 00:22:30
Source Raster: atlas/3_regional/12_continent_and_islands/48_oceanic_islands_p_178-180/maps/P_180_X/P_180_X.tiff
Target Raster: atlas/3_regional/12_continent_and_islands/48_oceanic_islands_p_178-180/maps/P_180_X.tiff
Tie Points: atlas/3_regional/12_continent_and_islands/48_oceanic_islands_p_178-180/maps/P_180_X/P_180_X.gpkg

Source CRS (pixel lookup): EPSG:3031 — WGS 84 / Antarctic Polar Stereographic
Target CRS (output):       EPSG:3031 — WGS 84 / Antarctic Polar Stereographic
Number of tie points: 14
Source dimensions: 2778 x 3582 pixels
Source bands: 3
Source declared CRS: EPSG:3031

--------------------------------------------------------------------------------
CONTROL POINTS
--------------------------------------------------------------------------------
ID    Pixel X    Pixel Y    Src X        Src Y        Target X     Target Y    
--------------------------------------------------------------------------------
1     273.4      2860.4     -2180050     -2089896     764916       -2354169    
2     2295.4     2846.0     1771206      -2061705     640660       -2390975    
3     1621.6     2843.5     454496       -2056819     682290       -2379430    
4     947.5      2848.4     -862777      -2066404     723713       -2367160    
5     184.2      232.1      -2354458     3046511      817327       -2515475    
6     896.4      213.6      -962573      3082595      773302       -2529357    
7     213.5      1107.0     -2297231     1336630      799827       -2461613    
8     913.1      1091.4     -929965      1367265      756744       -2475197    
9     1613.7     1085.7     439179       1378353      713430       -2488027    
10    2315.4     1092.7     1810391      1364633      669900       -2500099    
11    2305.4     1968.7     1790845      -347314      655267       -2445490    
12    1617.0     1965.0     445569       -339985      697847       -2433682    
13    930.1      1970.3     -896700      -350321      740214       -2421132    
14    243.9      1983.0     -2237842     -375223      782356       -2407845    

--------------------------------------------------------------------------------
RESIDUAL ANALYSIS
--------------------------------------------------------------------------------
ID    dX (m)       dY (m)       Residual (m)   
--------------------------------------------------------------------------------
1     227.64       -42.01       231.48         
2     -246.35      -146.14      286.43         
3     -183.37      155.95       240.72         
4     -25.33       197.08       198.70         
5     -311.17      43.06        314.14         
6     12.57        93.04        93.89          
7     -52.14       -141.87      151.15         
8     58.49        8.06         59.05          
9     163.79       6.45         163.92         
10    197.12       14.48        197.65         
11    -2.57        -151.64      151.66         
12    36.87        70.16        79.26          
13    34.32        83.21        90.01          
14    90.13        -189.84      210.15         
--------------------------------------------------------------------------------

TRANSFORMATION STATISTICS
--------------------------------------------------------------------------------
Transformation type: Affine (1st-order polynomial, 6 parameters)
Number of GCPs used: 14
Observations:        28 (2 per GCP)
Degrees of freedom:  22

Residual Errors:
  Mean error:         176.30 m
  RMSE (total):       191.68 m
  RMSE X:             152.66 m
  RMSE Y:             115.92 m
  Std deviation:       75.22 m
  Maximum error:      314.14 m  (point 5)
  Minimum error:       59.05 m
  RMSE excl. worst point:     178.82 m (7% lower)

Map scale: 1:100,000
  RMSE on the sheet:     1.92 mm
  Max error on sheet:    3.14 mm
  (0.5 mm is the conventional plotting accuracy)

Transformation Matrix:
  a (scale X):         -61.814876
  b (rotation):        -17.636821
  c (translation X):       832494.73
  d (rotation):        -17.813238
  e (scale Y):          61.943853
  f (translation Y):     -2526525.74

Derived Parameters:
  Pixel size X:        61.81 m/pixel
  Pixel size Y:        61.94 m/pixel
  Rotation:        -164.0757 degrees

QUALITY ASSESSMENT
--------------------------------------------------------------------------------
Overall quality: POOR (RMSE 192 m = 1.92 mm at 1:100,000)

================================================================================