================================================================================
GEOREFERENCING REPORT
================================================================================
Date: 2026-09-05 23:50:48
Source Raster: atlas/2_general/8_glaciation/30_nourishment_and_physical_properties_p_96/maps/P_96_II/P_96_II.tiff
Target Raster: atlas/2_general/8_glaciation/30_nourishment_and_physical_properties_p_96/maps/P_96_II.tiff
Tie Points: atlas/2_general/8_glaciation/30_nourishment_and_physical_properties_p_96/maps/P_96_II/P_96_II.gpkg

Target CRS: EPSG:3031
Number of tie points: 13
Source dimensions: 2425 x 2402 pixels
Source bands: 3

--------------------------------------------------------------------------------
CONTROL POINTS
--------------------------------------------------------------------------------
ID    Pixel X    Pixel Y    Map X        Map Y        Target X     Target Y    
--------------------------------------------------------------------------------
1     233.9      376.2      -2824786     2381000      -2553329     2142497     
2     2212.9     377.3      2887799      2377765      2553329      2142497     
3     2215.7     2037.9     2895885      -2415847     2553329      -2142497    
4     106.5      1853.2     -3192447     -1882774     -2886579     -1666567    
5     1224.5     1206.7     34741        -16525       0            0           
6     361.4      1206.0     -2456766     -14369       -2194494     0           
7     1224.8     345.3      35639        2470130      0            2194494     
8     2086.0     1205.5     2521575      -12931       2194494      0           
9     1224.5     2070.7     34561        -2510368     0            -2194494    
10    1224.4     1641.3     34292        -1271083     0            -1089179    
11    1657.4     1206.5     1284178      -15806       1089179      0           
12    791.9      1205.7     -1213977     -13650       -1089179     0           
13    1225.0     774.3      36179        1231654      0            1089179     

--------------------------------------------------------------------------------
RESIDUAL ANALYSIS
--------------------------------------------------------------------------------
ID    dX (m)       dY (m)       Residual (m)   
--------------------------------------------------------------------------------
1     11259.04     -14157.45    18088.65       
2     -14524.45    -16664.18    22105.53       
3     -9853.38     14519.34     17547.09       
4     15262.07     11245.97     18957.91       
5     -15.91       978.20       978.33         
6     -21511.20    2733.17      21684.14       
7     2091.03      13120.82     13286.40       
8     17326.91     4325.73      17858.71       
9     -1487.33     -17542.86    17605.79       
10    -1075.29     -23127.16    23152.14       
11    22076.78     1695.57      22141.79       
12    -21467.41    3450.12      21742.89       
13    1919.15      19422.72     19517.31       
--------------------------------------------------------------------------------

TRANSFORMATION STATISTICS
--------------------------------------------------------------------------------
Transformation type: Affine (1st-order polynomial, 6 parameters)
Number of GCPs used: 13
Degrees of freedom:  10

Residual Errors:
  Mean error:       18051.28 m
  RMSE (total):     18891.80 m
  RMSE X:           13560.00 m
  RMSE Y:           13153.95 m
  Std deviation:     5572.36 m
  Maximum error:    23152.14 m
  Minimum error:      978.33 m

Transformation Matrix:
  a (scale X):        2567.391970
  b (rotation):         -1.518151
  c (translation X):     -3142045.93
  d (rotation):          0.183724
  e (scale Y):       -2561.543049
  f (translation Y):      3091830.51

Derived Parameters:
  Pixel size X:      2567.39 m/pixel
  Pixel size Y:      2561.54 m/pixel
  Rotation:          -0.0339 degrees

QUALITY ASSESSMENT
--------------------------------------------------------------------------------
Overall quality: POOR (RMSE: 18891.80 m)

================================================================================