================================================================================
GEOREFERENCING REPORT
================================================================================
Date: 2026-09-09 22:32:19
Source Raster: atlas/1_introductory/2_history_of_exploration/5_main_expeditions_by_periods_p_7-12/maps/P_12_IX_A/P_12_IX_A.tiff
Target Raster: atlas/1_introductory/2_history_of_exploration/5_main_expeditions_by_periods_p_7-12/maps/P_12_IX_A.tiff
Tie Points: atlas/1_introductory/2_history_of_exploration/5_main_expeditions_by_periods_p_7-12/maps/P_12_IX_A/P_12_IX_A.gpkg

Source CRS (pixel lookup): EPSG:3031 — WGS 84 / Antarctic Polar Stereographic
Target CRS (output):       EPSG:3031 — WGS 84 / Antarctic Polar Stereographic
Number of tie points: 4
Source dimensions: 1249 x 2270 pixels
Source bands: 3
Source declared CRS: EPSG:3031

--------------------------------------------------------------------------------
CONTROL POINTS
--------------------------------------------------------------------------------
ID    Pixel X    Pixel Y    Src X        Src Y        Target X     Target Y    
--------------------------------------------------------------------------------
1     250.2      2186.8     -1154334     -3243326     -2592144     943463      
2     495.0      1620.4     -399475      -1496688     -2500052     1165793     
3     785.5      1078.0     496502       175741       -2388933     1379251     
4     1125.2     559.0      1543938      1776091      -2259633     1582212     

--------------------------------------------------------------------------------
RESIDUAL ANALYSIS
--------------------------------------------------------------------------------
ID    dX (m)       dY (m)       Residual (m)   
--------------------------------------------------------------------------------
1     -109.98      -96.07       146.03         
2     324.98       283.87       431.50         
3     -319.65      -279.22      424.43         
4     104.65       91.42        138.96         
--------------------------------------------------------------------------------

TRANSFORMATION STATISTICS
--------------------------------------------------------------------------------
Transformation type: Affine (1st-order polynomial, 6 parameters)
Number of GCPs used: 4
Observations:        8 (2 per GCP)
Degrees of freedom:  2

Residual Errors:
  Mean error:         285.23 m
  RMSE (total):       318.97 m
  RMSE X:             240.23 m
  RMSE Y:             209.84 m
  Std deviation:      142.78 m
  Maximum error:      431.50 m  (point 2)
  Minimum error:      138.96 m
  RMSE excl. worst point:     271.28 m (15% lower)

Map scale: 1:6,000,000
  RMSE on the sheet:     0.05 mm
  Max error on sheet:    0.07 mm
  (0.5 mm is the conventional plotting accuracy)

Transformation Matrix:
  a (scale X):         389.554644
  b (rotation):          4.999906
  c (translation X):     -2700640.89
  d (rotation):         -6.289965
  e (scale Y):        -395.914341
  f (translation Y):      1810712.08

Derived Parameters:
  Pixel size X:       389.55 m/pixel
  Pixel size Y:       395.91 m/pixel
  Rotation:           0.7353 degrees

QUALITY ASSESSMENT
--------------------------------------------------------------------------------
Overall quality: EXCELLENT (RMSE 319 m = 0.05 mm at 1:6,000,000)

================================================================================