================================================================================
GEOREFERENCING REPORT
================================================================================
Date: 2026-09-08 22:48:26
Source Raster: atlas/3_regional/13_southern_ocean/50_indian_sector_and_davis_sea_p_190-207/maps/P_203_XII/P_203_XII.tiff
Target Raster: atlas/3_regional/13_southern_ocean/50_indian_sector_and_davis_sea_p_190-207/maps/P_203_XII.tiff
Tie Points: atlas/3_regional/13_southern_ocean/50_indian_sector_and_davis_sea_p_190-207/maps/P_203_XII/P_203_XII.gpkg

Target CRS: EPSG:9354
Number of tie points: 3
Source dimensions: 2755 x 1578 pixels
Source bands: 3

--------------------------------------------------------------------------------
CONTROL POINTS
--------------------------------------------------------------------------------
ID    Pixel X    Pixel Y    Map X        Map Y        Target X     Target Y    
--------------------------------------------------------------------------------
1     615.3      611.4      -1936529     451182       2692673      235578      
2     1341.9     583.6      -90549       521898       2702959      0           
3     2067.4     611.4      1753037      451182       2692673      -235578     

--------------------------------------------------------------------------------
RESIDUAL ANALYSIS
--------------------------------------------------------------------------------
ID    dX (m)       dY (m)       Residual (m)   
--------------------------------------------------------------------------------
1     0.00         -0.00        0.00           
2     0.00         -0.00        0.00           
3     0.00         -0.00        0.00           
--------------------------------------------------------------------------------

TRANSFORMATION STATISTICS
--------------------------------------------------------------------------------
Transformation type: Affine (1st-order polynomial, 6 parameters)
Number of GCPs used: 3
Degrees of freedom:  0

Residual Errors:
  Mean error:           0.00 m
  RMSE (total):         0.00 m
  RMSE X:               0.00 m
  RMSE Y:               0.00 m
  Std deviation:        0.00 m
  Maximum error:        0.00 m
  Minimum error:        0.00 m

Transformation Matrix:
  a (scale X):          -0.000000
  b (rotation):       -369.562463
  c (translation X):      2918634.02
  d (rotation):       -324.464073
  e (scale Y):          -5.492230
  f (translation Y):       438591.41

Derived Parameters:
  Pixel size X:         0.00 m/pixel
  Pixel size Y:         5.49 m/pixel
  Rotation:         -90.0000 degrees

QUALITY ASSESSMENT
--------------------------------------------------------------------------------
Overall quality: EXCELLENT (RMSE: 0.00 m)
WARNING: Less than 4 GCPs used. Consider adding more points.

================================================================================