================================================================================
GEOREFERENCING REPORT
================================================================================
Date: 2026-09-09 23:48:51
Source Raster: atlas/3_regional/12_continent_and_islands/47_ellsworth_land_and_antarctic_peninsula_p_172-177/maps/P_176_VI/P_176_VI.tiff
Target Raster: atlas/3_regional/12_continent_and_islands/47_ellsworth_land_and_antarctic_peninsula_p_172-177/maps/P_176_VI.tiff
Tie Points: atlas/3_regional/12_continent_and_islands/47_ellsworth_land_and_antarctic_peninsula_p_172-177/maps/P_176_VI/P_176_VI.gpkg

Source CRS (pixel lookup): EPSG:3031 — WGS 84 / Antarctic Polar Stereographic
Target CRS (output):       EPSG:3031 — WGS 84 / Antarctic Polar Stereographic
Number of tie points: 8
Source dimensions: 4796 x 5908 pixels
Source bands: 3
Source declared CRS: EPSG:3031

--------------------------------------------------------------------------------
CONTROL POINTS
--------------------------------------------------------------------------------
ID    Pixel X    Pixel Y    Src X        Src Y        Target X     Target Y    
--------------------------------------------------------------------------------
1     454.9      1472.7     -2302211     1755079      -2614432     1464152     
2     1787.9     1474.8     -722855      1752636      -2612301     1467952     
3     3118.3     1474.7     853494       1752730      -2610161     1471753     
4     4449.0     1473.1     2430124      1754609      -2608019     1475546     
5     456.5      4394.9     -2300332     -1707250     -2606097     1459484     
6     1792.1     4394.9     -717875      -1707250     -2603972     1463272     
7     3117.6     4394.6     852554       -1706874     -2601839     1467060     
8     4447.3     4393.0     2428057      -1704994     -2599704     1470842     

--------------------------------------------------------------------------------
RESIDUAL ANALYSIS
--------------------------------------------------------------------------------
ID    dX (m)       dY (m)       Residual (m)   
--------------------------------------------------------------------------------
1     -5.06        7.32         8.90           
2     8.59         3.27         9.19           
3     3.98         -6.03        7.23           
4     -7.50        -4.56        8.78           
5     -9.29        -11.32       14.64          
6     9.48         7.52         12.10          
7     2.99         -3.52        4.62           
8     -3.19        7.33         7.99           
--------------------------------------------------------------------------------

TRANSFORMATION STATISTICS
--------------------------------------------------------------------------------
Transformation type: Affine (1st-order polynomial, 6 parameters)
Number of GCPs used: 8
Observations:        16 (2 per GCP)
Degrees of freedom:  10

Residual Errors:
  Mean error:           9.18 m
  RMSE (total):         9.61 m
  RMSE X:               6.77 m
  RMSE Y:               6.82 m
  Std deviation:        2.84 m
  Maximum error:       14.64 m  (point 5)
  Minimum error:        4.62 m
  RMSE excl. worst point:       8.66 m (10% lower)

Map scale: 1:50,000
  RMSE on the sheet:     0.19 mm
  Max error on sheet:    0.29 mm
  (0.5 mm is the conventional plotting accuracy)

Transformation Matrix:
  a (scale X):           1.604838
  b (rotation):          2.850181
  c (translation X):     -2619364.89
  d (rotation):          2.849809
  e (scale Y):          -1.605401
  f (translation Y):      1465227.54

Derived Parameters:
  Pixel size X:         1.60 m/pixel
  Pixel size Y:         1.61 m/pixel
  Rotation:          60.6177 degrees

QUALITY ASSESSMENT
--------------------------------------------------------------------------------
Overall quality: EXCELLENT (RMSE 10 m = 0.19 mm at 1:50,000)

================================================================================