================================================================================
GEOREFERENCING REPORT
================================================================================
Date: 2026-09-07 23:57:27
Source Raster: atlas/3_regional/13_southern_ocean/50_indian_sector_and_davis_sea_p_190-207/maps/P_205-206_XIVb/P_205-206_XIVb.tiff
Target Raster: atlas/3_regional/13_southern_ocean/50_indian_sector_and_davis_sea_p_190-207/maps/P_205-206_XIVb.tiff
Tie Points: atlas/3_regional/13_southern_ocean/50_indian_sector_and_davis_sea_p_190-207/maps/P_205-206_XIVb/P_205-206_XIVb.gpkg

Target CRS: EPSG:9354
Number of tie points: 6
Source dimensions: 5214 x 8220 pixels
Source bands: 3

--------------------------------------------------------------------------------
CONTROL POINTS
--------------------------------------------------------------------------------
ID    Pixel X    Pixel Y    Map X        Map Y        Target X     Target Y    
--------------------------------------------------------------------------------
1     3012.6     821.7      345440       2800230      2799243      -294212     
2     226.7      820.4      -2027042     2801381      2810805      -147308     
3     3007.0     2986.6     340652       956690       2688152      -282536     
4     221.7      2982.1     -2031277     960465       2699255      -141462     
5     3000.5     5234.7     335128       -957796      2577474      -270903     
6     216.1      5224.3     -2036065     -948957      2588119      -135638     

--------------------------------------------------------------------------------
RESIDUAL ANALYSIS
--------------------------------------------------------------------------------
ID    dX (m)       dY (m)       Residual (m)   
--------------------------------------------------------------------------------
1     -441.61      2947.36      2980.26        
2     -1100.26     -2822.48     3029.35        
3     1536.55      -136.17      1542.58        
4     1489.57      -120.61      1494.45        
5     -1095.42     -2812.70     3018.48        
6     -388.83      2944.61      2970.17        
--------------------------------------------------------------------------------

TRANSFORMATION STATISTICS
--------------------------------------------------------------------------------
Transformation type: Affine (1st-order polynomial, 6 parameters)
Number of GCPs used: 6
Degrees of freedom:  3

Residual Errors:
  Mean error:        2505.88 m
  RMSE (total):      2601.44 m
  RMSE X:            1105.78 m
  RMSE Y:            2354.73 m
  Std deviation:      698.61 m
  Maximum error:     3029.35 m
  Minimum error:     1494.45 m

Transformation Matrix:
  a (scale X):          -3.889069
  b (rotation):        -50.412655
  c (translation X):      2851943.87
  d (rotation):        -50.660831
  e (scale Y):           3.837618
  f (translation Y):      -141795.34

Derived Parameters:
  Pixel size X:         3.89 m/pixel
  Pixel size Y:         3.84 m/pixel
  Rotation:         -94.4113 degrees

QUALITY ASSESSMENT
--------------------------------------------------------------------------------
Overall quality: POOR (RMSE: 2601.44 m)

================================================================================