================================================================================
GEOREFERENCING REPORT
================================================================================
Date: 2026-09-06 23:14:54
Source Raster: atlas/2_general/8_glaciation/29_ice_sheet_morphology_p_94-95/maps/P_94-95_II_V/P_94-95_II_V.tiff
Target Raster: atlas/2_general/8_glaciation/29_ice_sheet_morphology_p_94-95/maps/P_94-95_II_V.tiff
Tie Points: atlas/2_general/8_glaciation/29_ice_sheet_morphology_p_94-95/maps/P_94-95_II_V/P_94-95_II_V.gpkg

Target CRS: EPSG:3031
Number of tie points: 4
Source dimensions: 1628 x 1151 pixels
Source bands: 3

--------------------------------------------------------------------------------
CONTROL POINTS
--------------------------------------------------------------------------------
ID    Pixel X    Pixel Y    Map X        Map Y        Target X     Target Y    
--------------------------------------------------------------------------------
1     293.6      536.0      -2237560     169709       2167457      788890      
2     703.6      523.0      -474492      225716       2193669      712766      
3     1121.8     526.9      1323532      208989       2217208      635774      
4     1535.7     546.4      3102950      125121       2238045      558007      

--------------------------------------------------------------------------------
RESIDUAL ANALYSIS
--------------------------------------------------------------------------------
ID    dX (m)       dY (m)       Residual (m)   
--------------------------------------------------------------------------------
1     22.99        -109.53      111.92         
2     -70.00       333.54       340.80         
3     71.73        -341.83      349.27         
4     -24.73       117.82       120.39         
--------------------------------------------------------------------------------

TRANSFORMATION STATISTICS
--------------------------------------------------------------------------------
Transformation type: Affine (1st-order polynomial, 6 parameters)
Number of GCPs used: 4
Degrees of freedom:  1

Residual Errors:
  Mean error:         230.60 m
  RMSE (total):       257.47 m
  RMSE X:              52.88 m
  RMSE Y:             251.98 m
  Std deviation:      114.52 m
  Maximum error:      349.27 m
  Minimum error:      111.92 m

Transformation Matrix:
  a (scale X):          58.230328
  b (rotation):       -172.110208
  c (translation X):      2242639.67
  d (rotation):       -185.468868
  e (scale Y):         -28.315502
  f (translation Y):       858413.42

Derived Parameters:
  Pixel size X:        58.23 m/pixel
  Pixel size Y:        28.32 m/pixel
  Rotation:         -71.3077 degrees

QUALITY ASSESSMENT
--------------------------------------------------------------------------------
Overall quality: GOOD (RMSE: 257.47 m)

================================================================================