================================================================================
GEOREFERENCING REPORT
================================================================================
Date: 2026-09-09 23:29:31
Source Raster: atlas/3_regional/12_continent_and_islands/47_ellsworth_land_and_antarctic_peninsula_p_172-177/maps/P_174_III/P_174_III.tiff
Target Raster: atlas/3_regional/12_continent_and_islands/47_ellsworth_land_and_antarctic_peninsula_p_172-177/maps/P_174_III.tiff
Tie Points: atlas/3_regional/12_continent_and_islands/47_ellsworth_land_and_antarctic_peninsula_p_172-177/maps/P_174_III/P_174_III.gpkg

Source CRS (pixel lookup): EPSG:3031 — WGS 84 / Antarctic Polar Stereographic
Target CRS (output):       EPSG:3031 — WGS 84 / Antarctic Polar Stereographic
Number of tie points: 6
Source dimensions: 3565 x 4170 pixels
Source bands: 3
Source declared CRS: EPSG:3031

--------------------------------------------------------------------------------
CONTROL POINTS
--------------------------------------------------------------------------------
ID    Pixel X    Pixel Y    Src X        Src Y        Target X     Target Y    
--------------------------------------------------------------------------------
1     1013.6     3809.5     -1290717     -2894844     -2459342     1592036     
2     2100.7     3806.7     534183       -2890146     -2457024     1595610     
3     3190.3     3804.9     2363217      -2887139     -2454702     1599181     
4     2096.9     1367.8     527793       1203945      -2465021     1600803     
5     1006.0     1369.1     -1303497     1201689      -2467346     1597218     
6     3190.1     1365.8     2362842      1207327      -2462691     1604385     

--------------------------------------------------------------------------------
RESIDUAL ANALYSIS
--------------------------------------------------------------------------------
ID    dX (m)       dY (m)       Residual (m)   
--------------------------------------------------------------------------------
1     1.75         1.14         2.08           
2     -1.12        -3.10        3.30           
3     -0.62        1.96         2.06           
4     0.88         -4.05        4.15           
5     -1.62        2.44         2.93           
6     0.74         1.61         1.77           
--------------------------------------------------------------------------------

TRANSFORMATION STATISTICS
--------------------------------------------------------------------------------
Transformation type: Affine (1st-order polynomial, 6 parameters)
Number of GCPs used: 6
Observations:        12 (2 per GCP)
Degrees of freedom:  6

Residual Errors:
  Mean error:           2.71 m
  RMSE (total):         2.84 m
  RMSE X:               1.20 m
  RMSE Y:               2.57 m
  Std deviation:        0.83 m
  Maximum error:        4.15 m  (point 4)
  Minimum error:        1.77 m
  RMSE excl. worst point:       2.50 m (12% lower)

Map scale: 1:60,000
  RMSE on the sheet:     0.05 mm
  Max error on sheet:    0.07 mm
  (0.5 mm is the conventional plotting accuracy)

Transformation Matrix:
  a (scale X):           2.137293
  b (rotation):          3.274520
  c (translation X):     -2473980.56
  d (rotation):          3.278064
  e (scale Y):          -2.133922
  f (translation Y):      1596844.15

Derived Parameters:
  Pixel size X:         2.14 m/pixel
  Pixel size Y:         2.13 m/pixel
  Rotation:          56.8673 degrees

QUALITY ASSESSMENT
--------------------------------------------------------------------------------
Overall quality: EXCELLENT (RMSE 3 m = 0.05 mm at 1:60,000)

================================================================================