================================================================================
GEOREFERENCING REPORT
================================================================================
Date: 2026-09-09 22:34:30
Source Raster: atlas/3_regional/13_southern_ocean/50_indian_sector_and_davis_sea_p_190-207/maps/P_195_IV_A/P_195_IV_A.tiff
Target Raster: atlas/3_regional/13_southern_ocean/50_indian_sector_and_davis_sea_p_190-207/maps/P_195_IV_A.tiff
Tie Points: atlas/3_regional/13_southern_ocean/50_indian_sector_and_davis_sea_p_190-207/maps/P_195_IV_A/P_195_IV_A.gpkg

Source CRS (pixel lookup): EPSG:3031 — WGS 84 / Antarctic Polar Stereographic
Target CRS (output):       EPSG:9354 — WGS 84 / IBCSO Polar Stereographic
Number of tie points: 12
Source dimensions: 4170 x 2061 pixels
Source bands: 3
Source declared CRS: EPSG:3031

--------------------------------------------------------------------------------
CONTROL POINTS
--------------------------------------------------------------------------------
ID    Pixel X    Pixel Y    Src X        Src Y        Target X     Target Y    
--------------------------------------------------------------------------------
1     2157.6     1975.5     121898       -1586331     1067249      0           
2     1998.0     1977.1     -146008      -1588969     1002886      365021      
3     1313.4     1910.6     -1295222     -1477322     735448       2020628     
4     2844.9     1906.5     1275549      -1470516     1382191      -1647231    
5     281.5      1128.2     -3027438     -164084      1941061      5333021     
6     1075.1     471.9      -1695223     937761       4347519      3648001     
7     2077.9     233.8      -11995       1337341      5589062      985502      
8     3382.6     642.2      2178143      651866       4914939      -2837641    
9     2627.4     757.7      910502       457857       4366081      -769858     
10    2761.5     336.3      1135574      1165388      5589062      -985502     
11    3679.8     1625.4     2677072      -998692      2216718      -3839467    
12    1031.3     1008.6     -1768775     36782        2849757      3396208     

--------------------------------------------------------------------------------
RESIDUAL ANALYSIS
--------------------------------------------------------------------------------
ID    dX (m)       dY (m)       Residual (m)   
--------------------------------------------------------------------------------
1     -175741.38   -27960.58    177951.75      
2     -191066.46   29908.43     193393.14      
3     -72651.32    220332.35    232001.21      
4     16250.99     -174585.23   175339.94      
5     292400.80    -11585.18    292630.22      
6     -10668.01    -146153.52   146542.34      
7     -150987.30   -40960.60    156444.67      
8     65942.06     141062.39    155714.33      
9     -46889.81    27011.97     54113.77       
10    -96988.21    70919.92     120151.35      
11    316784.92    -75463.39    325649.21      
12    53613.71     -12526.56    55057.65       
--------------------------------------------------------------------------------

TRANSFORMATION STATISTICS
--------------------------------------------------------------------------------
Transformation type: Affine (1st-order polynomial, 6 parameters)
Number of GCPs used: 12
Observations:        24 (2 per GCP)
Degrees of freedom:  18

Residual Errors:
  Mean error:      173749.13 m
  RMSE (total):    190593.10 m
  RMSE X:          158251.85 m
  RMSE Y:          106217.16 m
  Std deviation:    78338.82 m
  Maximum error:   325649.21 m  (point 11)
  Minimum error:    54113.77 m
  RMSE excl. worst point:  173168.70 m (9% lower)

Map scale: 1:40,000,000
  RMSE on the sheet:     4.76 mm
  Max error on sheet:    8.14 mm
  (0.5 mm is the conventional plotting accuracy)

Transformation Matrix:
  a (scale X):         473.391872
  b (rotation):      -2632.139108
  c (translation X):      5069899.96
  d (rotation):      -2654.060329
  e (scale Y):        -436.826595
  f (translation Y):      6561434.08

Derived Parameters:
  Pixel size X:       473.39 m/pixel
  Pixel size Y:       436.83 m/pixel
  Rotation:         -79.8043 degrees

QUALITY ASSESSMENT
--------------------------------------------------------------------------------
Overall quality: POOR (RMSE 190593 m = 4.76 mm at 1:40,000,000)

================================================================================