================================================================================
GEOREFERENCING REPORT
================================================================================
Date: 2026-09-09 22:34:17
Source Raster: atlas/3_regional/13_southern_ocean/50_indian_sector_and_davis_sea_p_190-207/maps/P_190-191_Ib/P_190-191_Ib.tiff
Target Raster: atlas/3_regional/13_southern_ocean/50_indian_sector_and_davis_sea_p_190-207/maps/P_190-191_Ib.tiff
Tie Points: atlas/3_regional/13_southern_ocean/50_indian_sector_and_davis_sea_p_190-207/maps/P_190-191_Ib/P_190-191_Ib.gpkg

Source CRS (pixel lookup): EPSG:3031 — WGS 84 / Antarctic Polar Stereographic
Target CRS (output):       EPSG:9354 — WGS 84 / IBCSO Polar Stereographic
Number of tie points: 23
Source dimensions: 8101 x 8288 pixels
Source bands: 3
Source declared CRS: EPSG:3031

--------------------------------------------------------------------------------
CONTROL POINTS
--------------------------------------------------------------------------------
ID    Pixel X    Pixel Y    Src X        Src Y        Target X     Target Y    
--------------------------------------------------------------------------------
1     2400.0     7490.3     -1393967     -2826298     1051035      185326      
2     2401.3     5721.9     -1392889     -1332652     2117640      373397      
3     2400.3     4014.7     -1393787     109241       3216402      567139      
4     2399.2     2305.3     -1394686     1552931      4366081      769858      
5     2399.3     548.9      -1394596     3036424      5589062      985502      
6     1779.7     7587.5     -1917875     -2908330     924264       533624      
7     1241.9     5903.2     -2372151     -1485844     1862221      1075154     
8     721.3      4274.1     -2811848     -109855      2828457      1633010     
9     212.8      2647.7     -3241325     1263753      3839467      2216718     
10    3031.9     7584.4     -860333      -2905770     1051035      -185326     
11    3601.2     7865.1     -379462      -3142791     924264       -533624     
12    3850.1     8069.6     -169216      -3315570     817560       -686014     
13    5785.4     7733.7     1465313      -3031872     1075154      -1862221    
14    7284.4     6918.3     2731327      -2343181     1633010      -2828457    
15    7629.8     7693.6     3023066      -2997999     1117045      -3069055    
16    6397.6     1480.3     1982348      2249708      5333021      -1941061    
17    5620.0     3056.7     1325553      918329       4166066      -1516324    
18    4867.6     4591.1     690143       -377650      3069055      -1117045    
19    4110.0     6122.8     50240        -1671292     2020628      -735448     
20    5077.7     6799.4     867594       -2242731     1647231      -1382191    
21    7440.8     4333.5     2863405      -160081      3396208      -2849757    
22    3774.1     648.3      -233413      2952416      5675282      0           
23    7590.3     2180.8     2989733      1658144      4914939      -2837641    

--------------------------------------------------------------------------------
RESIDUAL ANALYSIS
--------------------------------------------------------------------------------
ID    dX (m)       dY (m)       Residual (m)   
--------------------------------------------------------------------------------
1     -76895.24    84177.44     114011.93      
2     19082.99     45516.08     49354.58       
3     42437.04     -2481.82     42509.55       
4     16273.62     -59276.83    61470.10       
5     -52120.00    -125762.96   136135.29      
6     -63755.67    135721.83    149950.67      
7     62216.08     91138.56     110349.80      
8     125106.33    14195.67     125909.13      
9     142339.91    -96798.51    172135.42      
10    -88035.56    31163.95     93388.71       
11    -100038.18   -18950.99    101817.38      
12    -107825.39   -47711.21    117909.60      
13    10705.89     -116171.62   116663.88      
14    109154.77    -66811.69    127978.77      
15    143209.75    -119330.94   186410.58      
16    -87458.81    91215.45     126369.70      
17    -19109.59    44157.35     48114.95       
18    8879.21      9460.93      12974.96       
19    -10324.28    -3818.20     11007.70       
20    -3995.90     -51230.62    51386.22       
21    57580.10     71211.35     91577.97       
22    -93376.50    -53206.77    107471.54      
23    -34050.57    143593.55    147575.57      
--------------------------------------------------------------------------------

TRANSFORMATION STATISTICS
--------------------------------------------------------------------------------
Transformation type: Affine (1st-order polynomial, 6 parameters)
Number of GCPs used: 23
Observations:        46 (2 per GCP)
Degrees of freedom:  40

Residual Errors:
  Mean error:      100107.56 m
  RMSE (total):    110405.87 m
  RMSE X:           77526.84 m
  RMSE Y:           78606.90 m
  Std deviation:    46561.05 m
  Maximum error:   186410.58 m  (point 15)
  Minimum error:    11007.70 m
  RMSE excl. worst point:  105659.96 m (4% lower)

Map scale: 1:10,000,000
  RMSE on the sheet:    11.04 mm
  Max error on sheet:   18.64 mm
  (0.5 mm is the conventional plotting accuracy)

Transformation Matrix:
  a (scale X):          80.261175
  b (rotation):       -657.334357
  c (translation X):      5705165.17
  d (rotation):       -657.891147
  e (scale Y):         -84.959946
  f (translation Y):      2484849.02

Derived Parameters:
  Pixel size X:        80.26 m/pixel
  Pixel size Y:        84.96 m/pixel
  Rotation:         -83.0386 degrees

QUALITY ASSESSMENT
--------------------------------------------------------------------------------
Overall quality: POOR (RMSE 110406 m = 11.04 mm at 1:10,000,000)

================================================================================