================================================================================
GEOREFERENCING REPORT
================================================================================
Date: 2026-08-23 23:17:14
Source Raster: atlas/2_general/6_geology_and_relief/23_relief_and_bottom_sediments_p_64-72/maps/P_64-65_Ib/P_64-65_Ib.tiff
Target Raster: atlas/2_general/6_geology_and_relief/23_relief_and_bottom_sediments_p_64-72/maps/P_64-65_Ib.tiff
Tie Points: atlas/2_general/6_geology_and_relief/23_relief_and_bottom_sediments_p_64-72/maps/P_64-65_Ib/P_64-65_Ib.gpkg

Target CRS: EPSG:3031
Number of tie points: 16
Source dimensions: 8269 x 5171 pixels
Source bands: 3

--------------------------------------------------------------------------------
CONTROL POINTS
--------------------------------------------------------------------------------
ID    Pixel X    Pixel Y    Map X        Map Y        Target X     Target Y    
--------------------------------------------------------------------------------
1     3939.1     148.2      -165385      2063268      0            0           
2     5652.0     147.0      1284632      2064268      2194494      0           
3     6507.4     147.8      2008765      2063622      3333134      0           
4     7365.4     146.6      2735087      2064644      4524538      0           
5     512.5      144.3      -3066149     2066562      -4524538     0           
6     1370.2     147.3      -2340056     2064060      -3333134     0           
7     2226.0     148.0      -1615631     2063393      -2194494     0           
8     3081.7     149.0      -891207      2062559      -1089179     0           
9     3938.2     989.9      -166198      1350728      0            -1089179    
10    3938.7     1851.2     -165781      621632       0            -2194494    
11    3939.7     3573.1     -164947      -836057      0            -4524538    
12    3940.9     4428.3     -163863      -1559982     0            -5791904    
13    3939.8     2711.7     -164780      -106796      0            -3333134    
14    7229.5     2890.6     2619993      -258252      4436856      -3722964    
15    647.5      2893.3     -2951889     -260588      -4436856     -3722964    
16    5427.7     990.5      1094748      1350227      1900488      -1097247    

--------------------------------------------------------------------------------
RESIDUAL ANALYSIS
--------------------------------------------------------------------------------
ID    dX (m)       dY (m)       Residual (m)   
--------------------------------------------------------------------------------
1     90.84        10415.43     10415.82       
2     65763.03     12943.95     67024.78       
3     55839.94     12392.28     57198.49       
4     -3432.34     14482.57     14883.74       
5     3165.29      13741.58     14101.42       
6     -56469.21    10253.60     57392.58       
7     -65937.33    9669.11      66642.51       
8     -42080.69    8820.57      42995.20       
9     -2131.92     -28374.52    28454.50       
10    -2459.38     -77235.60    77274.75       
11    -3113.64     -54751.73    54840.19       
12    -2394.18     66624.65     66667.66       
13    -1875.96     -91715.10    91734.28       
14    -98263.42    60168.06     115221.07      
15    90462.29     52843.07     104765.53      
16    62836.68     -20277.92    66027.59       
--------------------------------------------------------------------------------

TRANSFORMATION STATISTICS
--------------------------------------------------------------------------------
Transformation type: Affine (1st-order polynomial, 6 parameters)
Number of GCPs used: 16
Degrees of freedom:  13

Residual Errors:
  Mean error:       58477.51 m
  RMSE (total):     65734.40 m
  RMSE X:           49110.26 m
  RMSE Y:           43694.31 m
  Std deviation:    30023.19 m
  Maximum error:   115221.07 m
  Minimum error:    10415.82 m

Transformation Matrix:
  a (scale X):        1319.508253
  b (rotation):         -1.134907
  c (translation X):     -5197459.55
  d (rotation):          0.551239
  e (scale Y):       -1340.086754
  f (translation Y):       206833.38

Derived Parameters:
  Pixel size X:      1319.51 m/pixel
  Pixel size Y:      1340.09 m/pixel
  Rotation:          -0.0493 degrees

QUALITY ASSESSMENT
--------------------------------------------------------------------------------
Overall quality: POOR (RMSE: 65734.40 m)

================================================================================