================================================================================
GEOREFERENCING REPORT
================================================================================
Date: 2026-09-09 22:35:53
Source Raster: atlas/2_general/5_aeronomy_and_physics_of_the_earth/18_geomagnetism_p_34-41/maps/P_40-41_Ia/P_40-41_Ia.tiff
Target Raster: atlas/2_general/5_aeronomy_and_physics_of_the_earth/18_geomagnetism_p_34-41/maps/P_40-41_Ia.tiff
Tie Points: atlas/2_general/5_aeronomy_and_physics_of_the_earth/18_geomagnetism_p_34-41/maps/P_40-41_Ia/P_40-41_Ia.gpkg

Source CRS (pixel lookup): EPSG:3031 — WGS 84 / Antarctic Polar Stereographic
Target CRS (output):       EPSG:3031 — WGS 84 / Antarctic Polar Stereographic
Number of tie points: 13
Source dimensions: 5155 x 5581 pixels
Source bands: 3
Source declared CRS: EPSG:3031

--------------------------------------------------------------------------------
CONTROL POINTS
--------------------------------------------------------------------------------
ID    Pixel X    Pixel Y    Src X        Src Y        Target X     Target Y    
--------------------------------------------------------------------------------
1     297.2      507.4      -2860096     2863546      -2553329     2142497     
2     4880.6     527.9      2888687      2837927      2553329      2142497     
3     4865.2     4990.0     2869304      -2758760     2553329      -2142497    
4     -4.7       4470.1     -3238728     -2106642     -2886579     -1666567    
5     2578.4     2748.8     1147         52347        0            0           
6     590.0      2738.6     -2492877     65103        -2194494     0           
7     2596.3     426.1      23551        2965583      0            2194494     
8     4577.2     2757.8     2508174      41032        2194494      0           
9     2577.3     5065.5     -285         -2853438     0            -2194494    
10    2579.4     3911.7     2389         -1406298     0            -1089179    
11    3578.7     2753.2     1255775      46768        1089179      0           
12    1586.7     2743.6     -1242710     58770        -1089179     0           
13    2582.8     1590.5     6667         1505155      0            1089179     

--------------------------------------------------------------------------------
RESIDUAL ANALYSIS
--------------------------------------------------------------------------------
ID    dX (m)       dY (m)       Residual (m)   
--------------------------------------------------------------------------------
1     7128.10      -15321.06    16898.07       
2     -9364.03     -14538.82    17293.42       
3     -11986.97    15032.29     19226.47       
4     18039.92     13403.10     22474.03       
5     -5490.22     -191.54      5493.57        
6     -19293.39    717.87       19306.74       
7     6778.99      20427.36     21522.82       
8     19821.94     41.43        19821.98       
9     790.08       -15070.82    15091.51       
10    -601.57      -20065.66    20074.68       
11    16219.97     -11.56       16219.98       
12    -17665.75    308.75       17668.45       
13    -4377.08     15268.66     15883.66       
--------------------------------------------------------------------------------

TRANSFORMATION STATISTICS
--------------------------------------------------------------------------------
Transformation type: Affine (1st-order polynomial, 6 parameters)
Number of GCPs used: 13
Observations:        26 (2 per GCP)
Degrees of freedom:  20

Residual Errors:
  Mean error:       17459.64 m
  RMSE (total):     17924.45 m
  RMSE X:           12539.70 m
  RMSE Y:           12807.88 m
  Std deviation:     4055.46 m
  Maximum error:    22474.03 m  (point 4)
  Minimum error:     5493.57 m
  RMSE excl. worst point:   17491.99 m (2% lower)

Map scale: 1:7,000,000
  RMSE on the sheet:     2.56 mm
  Max error on sheet:    3.21 mm
  (0.5 mm is the conventional plotting accuracy)

Transformation Matrix:
  a (scale X):        1110.545531
  b (rotation):          3.258239
  c (translation X):     -2877893.09
  d (rotation):          4.420492
  e (scale Y):        -953.653848
  f (translation Y):      2609780.74

Derived Parameters:
  Pixel size X:      1110.55 m/pixel
  Pixel size Y:       953.65 m/pixel
  Rotation:           0.1681 degrees

QUALITY ASSESSMENT
--------------------------------------------------------------------------------
Overall quality: POOR (RMSE 17924 m = 2.56 mm at 1:7,000,000)

================================================================================