================================================================================
GEOREFERENCING REPORT
================================================================================
Date: 2026-09-09 23:33:49
Source Raster: atlas/3_regional/12_continent_and_islands/47_ellsworth_land_and_antarctic_peninsula_p_172-177/maps/P_174_IV/P_174_IV.tiff
Target Raster: atlas/3_regional/12_continent_and_islands/47_ellsworth_land_and_antarctic_peninsula_p_172-177/maps/P_174_IV.tiff
Tie Points: atlas/3_regional/12_continent_and_islands/47_ellsworth_land_and_antarctic_peninsula_p_172-177/maps/P_174_IV/P_174_IV.gpkg

Source CRS (pixel lookup): EPSG:3031 — WGS 84 / Antarctic Polar Stereographic
Target CRS (output):       EPSG:3031 — WGS 84 / Antarctic Polar Stereographic
Number of tie points: 6
Source dimensions: 4829 x 4078 pixels
Source bands: 3
Source declared CRS: EPSG:3031

--------------------------------------------------------------------------------
CONTROL POINTS
--------------------------------------------------------------------------------
ID    Pixel X    Pixel Y    Src X        Src Y        Target X     Target Y    
--------------------------------------------------------------------------------
1     357.0      3650.1     -2982555     -2335346     -2243891     933274      
2     2193.0     3650.1     -321133      -2335346     -2241166     939799      
3     4029.4     3649.9     2340947      -2335064     -2238423     946316      
4     349.1      1697.7     -2993925     494752       -2328940     968648      
5     2188.6     1697.0     -327429      495692       -2326112     975420      
6     4030.6     1695.2     2342638      498323       -2323264     982183      

--------------------------------------------------------------------------------
RESIDUAL ANALYSIS
--------------------------------------------------------------------------------
ID    dX (m)       dY (m)       Residual (m)   
--------------------------------------------------------------------------------
1     -77.61       -103.08      129.03         
2     8.88         -4.42        9.92           
3     68.64        107.38       127.44         
4     61.86        111.42       127.44         
5     22.25        -12.77       25.65          
6     -84.02       -98.53       129.49         
--------------------------------------------------------------------------------

TRANSFORMATION STATISTICS
--------------------------------------------------------------------------------
Transformation type: Affine (1st-order polynomial, 6 parameters)
Number of GCPs used: 6
Observations:        12 (2 per GCP)
Degrees of freedom:  6

Residual Errors:
  Mean error:          91.50 m
  RMSE (total):       105.40 m
  RMSE X:              60.82 m
  RMSE Y:              86.08 m
  Std deviation:       52.32 m
  Maximum error:      129.49 m  (point 6)
  Minimum error:        9.92 m
  RMSE excl. worst point:      99.89 m (5% lower)

Map scale: 1:60,000
  RMSE on the sheet:     1.76 mm
  Max error on sheet:    2.16 mm
  (0.5 mm is the conventional plotting accuracy)

Transformation Matrix:
  a (scale X):           1.531218
  b (rotation):         43.484607
  c (translation X):     -2403236.56
  d (rotation):          3.607415
  e (scale Y):         -18.242654
  f (translation Y):       998470.38

Derived Parameters:
  Pixel size X:         1.53 m/pixel
  Pixel size Y:        18.24 m/pixel
  Rotation:          87.9833 degrees

QUALITY ASSESSMENT
--------------------------------------------------------------------------------
Overall quality: POOR (RMSE 105 m = 1.76 mm at 1:60,000)

================================================================================