================================================================================
GEOREFERENCING REPORT
================================================================================
Date: 2026-09-08 22:48:25
Source Raster: atlas/3_regional/13_southern_ocean/50_indian_sector_and_davis_sea_p_190-207/maps/P_203_X/P_203_X.tiff
Target Raster: atlas/3_regional/13_southern_ocean/50_indian_sector_and_davis_sea_p_190-207/maps/P_203_X.tiff
Tie Points: atlas/3_regional/13_southern_ocean/50_indian_sector_and_davis_sea_p_190-207/maps/P_203_X/P_203_X.gpkg

Target CRS: EPSG:9354
Number of tie points: 3
Source dimensions: 2750 x 1560 pixels
Source bands: 3

--------------------------------------------------------------------------------
CONTROL POINTS
--------------------------------------------------------------------------------
ID    Pixel X    Pixel Y    Map X        Map Y        Target X     Target Y    
--------------------------------------------------------------------------------
1     679.3      594.5      -1770788     472175       2692673      235578      
2     1406.6     569.0      80348        536998       2702959      0           
3     2131.6     598.8      1925959      461126       2692673      -235578     

--------------------------------------------------------------------------------
RESIDUAL ANALYSIS
--------------------------------------------------------------------------------
ID    dX (m)       dY (m)       Residual (m)   
--------------------------------------------------------------------------------
1     -0.00        0.00         0.00           
2     -0.00        0.00         0.00           
3     -0.00        -0.00        0.00           
--------------------------------------------------------------------------------

TRANSFORMATION STATISTICS
--------------------------------------------------------------------------------
Transformation type: Affine (1st-order polynomial, 6 parameters)
Number of GCPs used: 3
Degrees of freedom:  0

Residual Errors:
  Mean error:           0.00 m
  RMSE (total):         0.00 m
  RMSE X:               0.00 m
  RMSE Y:               0.00 m
  Std deviation:        0.00 m
  Maximum error:        0.00 m
  Minimum error:        0.00 m

Transformation Matrix:
  a (scale X):           1.112272
  b (rotation):       -372.129119
  c (translation X):      2913149.35
  d (rotation):       -324.384417
  e (scale Y):         -12.737608
  f (translation Y):       463515.99

Derived Parameters:
  Pixel size X:         1.11 m/pixel
  Pixel size Y:        12.74 m/pixel
  Rotation:         -89.8287 degrees

QUALITY ASSESSMENT
--------------------------------------------------------------------------------
Overall quality: EXCELLENT (RMSE: 0.00 m)
WARNING: Less than 4 GCPs used. Consider adding more points.

================================================================================