================================================================================
GEOREFERENCING REPORT
================================================================================
Date: 2026-09-09 22:37:11
Source Raster: atlas/2_general/8_glaciation/30_nourishment_and_physical_properties_p_96/maps/P_96_I/P_96_I.tiff
Target Raster: atlas/2_general/8_glaciation/30_nourishment_and_physical_properties_p_96/maps/P_96_I.tiff
Tie Points: atlas/2_general/8_glaciation/30_nourishment_and_physical_properties_p_96/maps/P_96_I/P_96_I.gpkg

Source CRS (pixel lookup): EPSG:3031 — WGS 84 / Antarctic Polar Stereographic
Target CRS (output):       EPSG:3031 — WGS 84 / Antarctic Polar Stereographic
Number of tie points: 13
Source dimensions: 4843 x 4147 pixels
Source bands: 3
Source declared CRS: EPSG:3031

--------------------------------------------------------------------------------
CONTROL POINTS
--------------------------------------------------------------------------------
ID    Pixel X    Pixel Y    Src X        Src Y        Target X     Target Y    
--------------------------------------------------------------------------------
1     439.3      447.1      -2865045     2350709      -2553329     2142497     
2     4400.7     451.3      2860742      2344695      2553329      2142497     
3     4394.6     3777.7     2851862      -2463192     2553329      -2142497    
4     175.0      3402.4     -3246987     -1920797     -2886579     -1666567    
5     2414.2     2108.7     -10562       -50932       0            0           
6     687.5      2108.6     -2506267     -50698       -2194494     0           
7     2419.0     383.8      -3655        2442236      0            2194494     
8     4143.3     2111.3     2488621      -54644       2194494      0           
9     2412.8     3840.1     -12629       -2553357     0            -2194494    
10    2414.7     2972.8     -9857        -1299842     0            -1089179    
11    3280.5     2109.9     1241637      -52671       1089179      0           
12    1552.0     2108.6     -1256699     -50791       -1089179     0           
13    2416.8     1245.6     -6850        1196568      0            1089179     

--------------------------------------------------------------------------------
RESIDUAL ANALYSIS
--------------------------------------------------------------------------------
ID    dX (m)       dY (m)       Residual (m)   
--------------------------------------------------------------------------------
1     13736.50     -15864.50    20985.08       
2     -11965.40    -16268.14    20194.63       
3     -11613.29    11705.85     16489.25       
4     15373.18     10782.95     18777.83       
5     -2470.60     2618.25      3599.87        
6     -22614.19    681.17       22624.45       
7     -610.51      15637.90     15649.81       
8     20764.28     1479.79      20816.94       
9     -20.40       -18592.77    18592.78       
10    293.22       -14014.95    14018.02       
11    19528.30     2155.26      19646.88       
12    -19088.29    1671.99      19161.37       
13    -1312.81     18007.20     18054.99       
--------------------------------------------------------------------------------

TRANSFORMATION STATISTICS
--------------------------------------------------------------------------------
Transformation type: Affine (1st-order polynomial, 6 parameters)
Number of GCPs used: 13
Observations:        26 (2 per GCP)
Degrees of freedom:  20

Residual Errors:
  Mean error:       17585.53 m
  RMSE (total):     18180.98 m
  RMSE X:           13586.27 m
  RMSE Y:           12081.44 m
  Std deviation:     4614.86 m
  Maximum error:    22624.45 m  (point 6)
  Minimum error:     3599.87 m
  RMSE excl. worst point:   17760.58 m (2% lower)

Map scale: 1:20,000,000
  RMSE on the sheet:     0.91 mm
  Max error on sheet:    1.13 mm
  (0.5 mm is the conventional plotting accuracy)

Transformation Matrix:
  a (scale X):        1282.604878
  b (rotation):          2.474826
  c (translation X):     -3104144.80
  d (rotation):          1.242322
  e (scale Y):       -1279.776899
  f (translation Y):      2698333.19

Derived Parameters:
  Pixel size X:      1282.60 m/pixel
  Pixel size Y:      1279.78 m/pixel
  Rotation:           0.1106 degrees

QUALITY ASSESSMENT
--------------------------------------------------------------------------------
Overall quality: ACCEPTABLE (RMSE 18181 m = 0.91 mm at 1:20,000,000)

================================================================================