================================================================================
GEOREFERENCING REPORT
================================================================================
Date: 2026-09-11 00:22:31
Source Raster: atlas/3_regional/12_continent_and_islands/48_oceanic_islands_p_178-180/maps/P_180_XI/P_180_XI.tiff
Target Raster: atlas/3_regional/12_continent_and_islands/48_oceanic_islands_p_178-180/maps/P_180_XI.tiff
Tie Points: atlas/3_regional/12_continent_and_islands/48_oceanic_islands_p_178-180/maps/P_180_XI/P_180_XI.gpkg

Source CRS (pixel lookup): EPSG:3031 — WGS 84 / Antarctic Polar Stereographic
Target CRS (output):       EPSG:3031 — WGS 84 / Antarctic Polar Stereographic
Number of tie points: 5
Source dimensions: 2778 x 2260 pixels
Source bands: 3
Source declared CRS: EPSG:3031

--------------------------------------------------------------------------------
CONTROL POINTS
--------------------------------------------------------------------------------
ID    Pixel X    Pixel Y    Src X        Src Y        Target X     Target Y    
--------------------------------------------------------------------------------
1     326.5      1436.5     -2677340     -772279      -2324920     -40582      
2     1171.5     1428.7     -548154      -752721      -2325117     -27057      
3     2017.7     1430.0     1584203      -755893      -2325235     -13526      
4     1167.7     256.9      -557669      2200018      -2343829     -27274      
5     2021.9     259.2      1594775      2194203      -2343948     -13635      

--------------------------------------------------------------------------------
RESIDUAL ANALYSIS
--------------------------------------------------------------------------------
ID    dX (m)       dY (m)       Residual (m)   
--------------------------------------------------------------------------------
1     20.77        8.16         22.32          
2     -21.79       -5.49        22.47          
3     0.84         -2.74        2.86           
4     -19.53       -10.71       22.28          
5     19.71        10.78        22.47          
--------------------------------------------------------------------------------

TRANSFORMATION STATISTICS
--------------------------------------------------------------------------------
Transformation type: Affine (1st-order polynomial, 6 parameters)
Number of GCPs used: 5
Observations:        10 (2 per GCP)
Degrees of freedom:  4

Residual Errors:
  Mean error:          18.48 m
  RMSE (total):        20.06 m
  RMSE X:              18.32 m
  RMSE Y:               8.19 m
  Std deviation:        7.81 m
  Maximum error:       22.47 m  (point 2)
  Minimum error:        2.86 m
  RMSE excl. worst point:      19.41 m (3% lower)

Map scale: 1:250,000
  RMSE on the sheet:     0.08 mm
  Max error on sheet:    0.09 mm
  (0.5 mm is the conventional plotting accuracy)

Transformation Matrix:
  a (scale X):          -0.136528
  b (rotation):         15.967000
  c (translation X):     -2347791.49
  d (rotation):         15.991480
  e (scale Y):           0.138741
  f (translation Y):       -45993.65

Derived Parameters:
  Pixel size X:         0.14 m/pixel
  Pixel size Y:         0.14 m/pixel
  Rotation:          90.4899 degrees

QUALITY ASSESSMENT
--------------------------------------------------------------------------------
Overall quality: EXCELLENT (RMSE 20 m = 0.08 mm at 1:250,000)

================================================================================