================================================================================
GEOREFERENCING REPORT
================================================================================
Date: 2026-09-09 22:34:40
Source Raster: atlas/3_regional/13_southern_ocean/50_indian_sector_and_davis_sea_p_190-207/maps/P_198_VI_B/P_198_VI_B.tiff
Target Raster: atlas/3_regional/13_southern_ocean/50_indian_sector_and_davis_sea_p_190-207/maps/P_198_VI_B.tiff
Tie Points: atlas/3_regional/13_southern_ocean/50_indian_sector_and_davis_sea_p_190-207/maps/P_198_VI_B/P_198_VI_B.gpkg

Source CRS (pixel lookup): EPSG:3031 — WGS 84 / Antarctic Polar Stereographic
Target CRS (output):       EPSG:9354 — WGS 84 / IBCSO Polar Stereographic
Number of tie points: 13
Source dimensions: 4170 x 2052 pixels
Source bands: 3
Source declared CRS: EPSG:3031

--------------------------------------------------------------------------------
CONTROL POINTS
--------------------------------------------------------------------------------
ID    Pixel X    Pixel Y    Src X        Src Y        Target X     Target Y    
--------------------------------------------------------------------------------
1     381.2      -679.9     -2860096     2863546      -2501917     2099358     
2     3805.8     -664.6     2888687      2837927      2501917      2099358     
3     3794.3     2669.4     2869304      -2758760     2501917      -2099358    
4     155.6      2281.0     -3238728     -2106642     -2828457     -1633010    
5     2085.7     994.8      1147         52347        0            0           
6     600.0      987.2      -2492877     65103        -2150308     0           
7     2099.0     -740.6     23551        2965583      0            2150308     
8     3579.2     1001.6     2508174      41032        2150308      0           
9     2084.8     2725.8     -285         -2853438     0            -2150308    
10    2086.4     1863.8     2389         -1406298     0            -1067249    
11    2833.1     998.1      1255775      46768        1067249      0           
12    1344.7     991.0      -1242710     58770        -1067249     0           
13    2089.0     129.4      6667         1505155      0            1067249     

--------------------------------------------------------------------------------
RESIDUAL ANALYSIS
--------------------------------------------------------------------------------
ID    dX (m)       dY (m)       Residual (m)   
--------------------------------------------------------------------------------
1     6984.58      -15012.56    16557.82       
2     -9175.48     -14246.08    16945.21       
3     -11745.61    14729.61     18839.34       
4     17676.68     13133.22     22021.51       
5     -5379.68     -187.68      5382.95        
6     -18904.92    703.41       18918.00       
7     6642.50      20016.05     21089.46       
8     19422.82     40.60        19422.86       
9     774.17       -14767.36    14787.64       
10    -589.45      -19661.64    19670.47       
11    15893.38     -11.33       15893.38       
12    -17310.04    302.53       17312.69       
13    -4288.94     14961.22     15563.84       
--------------------------------------------------------------------------------

TRANSFORMATION STATISTICS
--------------------------------------------------------------------------------
Transformation type: Affine (1st-order polynomial, 6 parameters)
Number of GCPs used: 13
Observations:        26 (2 per GCP)
Degrees of freedom:  20

Residual Errors:
  Mean error:       17108.09 m
  RMSE (total):     17563.54 m
  RMSE X:           12287.21 m
  RMSE Y:           12549.99 m
  Std deviation:     3973.81 m
  Maximum error:    22021.51 m  (point 4)
  Minimum error:     5382.95 m
  RMSE excl. worst point:   17139.78 m (2% lower)

Map scale: 1:40,000,000
  RMSE on the sheet:     0.44 mm
  Max error on sheet:    0.55 mm
  (0.5 mm is the conventional plotting accuracy)

Transformation Matrix:
  a (scale X):        1456.392624
  b (rotation):          4.272922
  c (translation X):     -3047204.25
  d (rotation):          5.797125
  e (scale Y):       -1250.641592
  f (translation Y):      1231880.10

Derived Parameters:
  Pixel size X:      1456.39 m/pixel
  Pixel size Y:      1250.64 m/pixel
  Rotation:           0.1681 degrees

QUALITY ASSESSMENT
--------------------------------------------------------------------------------
Overall quality: GOOD (RMSE 17564 m = 0.44 mm at 1:40,000,000)

================================================================================