================================================================================
GEOREFERENCING REPORT
================================================================================
Date: 2026-08-26 23:58:27
Source Raster: atlas/2_general/5_aeronomy_and_physics_of_the_earth/15_ionosphere_p_25-30/maps/P_28_IV_I/P_28_IV_I.tiff
Target Raster: atlas/2_general/5_aeronomy_and_physics_of_the_earth/15_ionosphere_p_25-30/maps/P_28_IV_I.tiff
Tie Points: atlas/2_general/5_aeronomy_and_physics_of_the_earth/15_ionosphere_p_25-30/maps/P_28_IV_I/P_28_IV_I.gpkg

Target CRS: EPSG:3031
Number of tie points: 14
Source dimensions: 1593 x 1830 pixels
Source bands: 3

--------------------------------------------------------------------------------
CONTROL POINTS
--------------------------------------------------------------------------------
ID    Pixel X    Pixel Y    Map X        Map Y        Target X     Target Y    
--------------------------------------------------------------------------------
1     828.1      894.2      120759       79418        0            0           
2     542.4      893.0      -972032      84155        -2194494     0           
3     828.6      608.6      122617       1171849      0            2194494     
4     1115.7     896.0      1220864      72642        2194494      0           
5     827.7      1180.9     119260       -1017210     0            -2194494    
6     827.2      1037.8     117341       -469646      0            -1089179    
7     971.8      895.4      670662       75041        1089179      0           
8     685.7      893.6      -423748      81996        -1089179     0           
9     828.2      752.5      121178       621646       0            1089179     
10    470.6      1509.8     -1246534     -2275194     -2895952     -5015936    
11    1185.2     1512.7     1486732      -2286227     2895952      -5015936    
12    829.7      183.0      126815       2799912      0            5791904     
13    325.3      389.8      -1802253     2008905      -4095495     4095495     
14    1334.7     393.6      2058521      1994515      4095495      4095495     

--------------------------------------------------------------------------------
RESIDUAL ANALYSIS
--------------------------------------------------------------------------------
ID    dX (m)       dY (m)       Residual (m)   
--------------------------------------------------------------------------------
1     -3949.90     5801.43      7018.43        
2     -98879.15    6171.67      99071.57       
3     -4014.57     121332.16    121398.56      
4     106312.26    1184.86      106318.86      
5     -3116.31     -118601.51   118642.44      
6     -9120.43     -66076.15    66702.62       
7     58938.38     1399.77      58955.00       
8     -55525.96    6446.99      55898.98       
9     -5035.55     63198.35     63398.65       
10    36044.78     30705.00     47350.01       
11    -29602.47    31502.45     43228.59       
12    -1121.17     -33406.20    33425.01       
13    55825.29     -26654.35    61862.08       
14    -46755.20    -23004.49    52108.11       
--------------------------------------------------------------------------------

TRANSFORMATION STATISTICS
--------------------------------------------------------------------------------
Transformation type: Affine (1st-order polynomial, 6 parameters)
Number of GCPs used: 14
Degrees of freedom:  11

Residual Errors:
  Mean error:       66812.78 m
  RMSE (total):     74075.70 m
  RMSE X:           50189.30 m
  RMSE Y:           54481.59 m
  Std deviation:    31988.46 m
  Maximum error:   121398.56 m
  Minimum error:     7018.43 m

Transformation Matrix:
  a (scale X):        8013.695954
  b (rotation):         13.861905
  c (translation X):     -6652244.81
  d (rotation):         33.765172
  e (scale Y):       -8088.473626
  f (translation Y):      7210861.31

Derived Parameters:
  Pixel size X:      8013.70 m/pixel
  Pixel size Y:      8088.47 m/pixel
  Rotation:           0.0991 degrees

QUALITY ASSESSMENT
--------------------------------------------------------------------------------
Overall quality: POOR (RMSE: 74075.70 m)

================================================================================