================================================================================
GEOREFERENCING REPORT
================================================================================
Date: 2026-09-09 22:36:48
Source Raster: atlas/1_introductory/2_history_of_exploration/5_main_expeditions_by_periods_p_7-12/maps/P_7_II_B/P_7_II_B.tiff
Target Raster: atlas/1_introductory/2_history_of_exploration/5_main_expeditions_by_periods_p_7-12/maps/P_7_II_B.tiff
Tie Points: atlas/1_introductory/2_history_of_exploration/5_main_expeditions_by_periods_p_7-12/maps/P_7_II_B/P_7_II_B.gpkg

Source CRS (pixel lookup): EPSG:3031 — WGS 84 / Antarctic Polar Stereographic
Target CRS (output):       EPSG:3031 — WGS 84 / Antarctic Polar Stereographic
Number of tie points: 6
Source dimensions: 764 x 1647 pixels
Source bands: 3
Source declared CRS: EPSG:3031

--------------------------------------------------------------------------------
CONTROL POINTS
--------------------------------------------------------------------------------
ID    Pixel X    Pixel Y    Src X        Src Y        Target X     Target Y    
--------------------------------------------------------------------------------
1     151.2      1080.3     -981021      -1091276     0            -2194494    
2     450.1      1110.3     289324       -1218897     381070       -2161155    
3     750.8      1085.3     1567430      -1112488     750561       -2062150    
4     305.4      232.2      -325498      2513324      0            -1089179    
5     454.7      247.2      308984       2449341      189134       -1072632    
6     604.5      233.7      945795       2506684      372521       -1023494    

--------------------------------------------------------------------------------
RESIDUAL ANALYSIS
--------------------------------------------------------------------------------
ID    dX (m)       dY (m)       Residual (m)   
--------------------------------------------------------------------------------
1     553.60       1014.20      1155.45        
2     -419.85      -1359.76     1423.10        
3     -119.86      410.28       427.43         
4     -694.19      -37.89       695.23         
5     26.61        -1190.80     1191.10        
6     653.69       1163.98      1334.97        
--------------------------------------------------------------------------------

TRANSFORMATION STATISTICS
--------------------------------------------------------------------------------
Transformation type: Affine (1st-order polynomial, 6 parameters)
Number of GCPs used: 6
Observations:        12 (2 per GCP)
Degrees of freedom:  6

Residual Errors:
  Mean error:        1037.88 m
  RMSE (total):      1097.51 m
  RMSE X:             484.26 m
  RMSE Y:             984.90 m
  Std deviation:      356.84 m
  Maximum error:     1423.10 m  (point 2)
  Minimum error:      427.43 m
  RMSE excl. worst point:    1020.00 m (7% lower)

Map scale: 1:20,000,000
  RMSE on the sheet:     0.05 mm
  Max error on sheet:    0.07 mm
  (0.5 mm is the conventional plotting accuracy)

Transformation Matrix:
  a (scale X):        1248.714938
  b (rotation):        228.559224
  c (translation X):      -435130.53
  d (rotation):        230.197729
  e (scale Y):       -1260.163296
  f (translation Y):      -866975.27

Derived Parameters:
  Pixel size X:      1248.71 m/pixel
  Pixel size Y:      1260.16 m/pixel
  Rotation:          10.3723 degrees

QUALITY ASSESSMENT
--------------------------------------------------------------------------------
Overall quality: EXCELLENT (RMSE 1098 m = 0.05 mm at 1:20,000,000)

================================================================================