================================================================================
GEOREFERENCING REPORT
================================================================================
Date: 2026-09-21 00:08:06
Source Raster: atlas/2_general/6_geology_and_relief/22_geology_p_58-63/maps/P_63_V/P_63_V.tiff
Target Raster: maps/6_geology_and_relief/22_geology_p_58-63/P_63_V.tiff
Tie Points: atlas/2_general/6_geology_and_relief/22_geology_p_58-63/maps/P_63_V/P_63_V.gpkg

Source CRS (pixel lookup): EPSG:3031 — WGS 84 / Antarctic Polar Stereographic
Target CRS (output):       EPSG:3031 — WGS 84 / Antarctic Polar Stereographic
Number of tie points: 14
Source dimensions: 3534 x 4832 pixels
Source bands: 3
Source declared CRS: EPSG:3031

--------------------------------------------------------------------------------
CONTROL POINTS
--------------------------------------------------------------------------------
ID    Pixel X    Pixel Y    Src X        Src Y        Target X     Target Y    
--------------------------------------------------------------------------------
1     1786.0     2467.0     27496        -73861       0            0           
2     924.7      2465.1     -1220286     -71136       -2194494     0           
3     1789.1     1602.8     32007        1178009      0            2194494     
4     2649.6     2470.7     1278614      -79217       2194494      0           
5     1782.3     3330.4     22234        -1324603     0            -2194494    
6     1784.7     2898.7     25617        -699326      0            -1089179    
7     2218.2     2469.6     653713       -77620       1089179      0           
8     1355.8     2466.3     -595714      -72921       -1089179     0           
9     1787.5     2035.0     29657        551980       0            1089179     
10    1795.5     313.9      41216        3045242      0            5791904     
11    690.5      1147.4     -1559471     1837726      -2908317     3465997     
12    2654.5     977.6      1285662      2083740      2262269      3918365     
13    571.2      2905.4     -1732282     -709052      -3132121     -1139999    
14    2430.1     3591.0     960666       -1702222     1666567      -2886579    

--------------------------------------------------------------------------------
RESIDUAL ANALYSIS
--------------------------------------------------------------------------------
ID    dX (m)       dY (m)       Residual (m)   
--------------------------------------------------------------------------------
1     -3198.19     16818.67     17120.05       
2     -35399.31    12102.22     37410.90       
3     -5314.35     92411.99     92564.67       
4     34977.30     16789.77     38798.30       
5     -2432.70     -56735.69    56787.82       
6     -1473.16     -28190.76    28229.22       
7     25139.83     14849.72     29198.04       
8     -26147.23    13698.92     29518.44       
9     -4423.20     62511.87     62668.16       
10    -4042.81     -119017.23   119085.88      
11    57645.61     4875.70      57851.44       
12    -37783.94    20633.83     43050.92       
13    -6251.79     -8613.90     10643.50       
14    8703.95      -42135.13    43024.73       
--------------------------------------------------------------------------------

TRANSFORMATION STATISTICS
--------------------------------------------------------------------------------
Transformation type: Affine (1st-order polynomial, 6 parameters)
Number of GCPs used: 14
Observations:        28 (2 per GCP)
Degrees of freedom:  22

Residual Errors:
  Mean error:       47568.00 m
  RMSE (total):     55281.83 m
  RMSE X:           24985.95 m
  RMSE Y:           49313.12 m
  Std deviation:    28166.75 m
  Maximum error:   119085.88 m  (point 10)
  Minimum error:    10643.50 m
  RMSE excl. worst point:   46907.18 m (15% lower)

Map scale: 1:40,000,000
  RMSE on the sheet:     1.38 mm
  Max error on sheet:    2.98 mm
  (0.5 mm is the conventional plotting accuracy)

Transformation Matrix:
  a (scale X):        2585.168218
  b (rotation):         11.763368
  c (translation X):     -4649277.52
  d (rotation):         11.212951
  e (scale Y):       -2626.925993
  f (translation Y):      6477380.36

Derived Parameters:
  Pixel size X:      2585.17 m/pixel
  Pixel size Y:      2626.93 m/pixel
  Rotation:           0.2607 degrees

QUALITY ASSESSMENT
--------------------------------------------------------------------------------
Overall quality: POOR (RMSE 55282 m = 1.38 mm at 1:40,000,000)

================================================================================