================================================================================
GEOREFERENCING REPORT
================================================================================
Date: 2026-08-26 23:13:58
Source Raster: atlas/2_general/9_waters_of_the_southern_ocean/31_oceanographic_coverage_and_boundaries_p_97-99/maps/P_97-98_Ia/P_97-98_Ia.tiff
Target Raster: atlas/2_general/9_waters_of_the_southern_ocean/31_oceanographic_coverage_and_boundaries_p_97-99/maps/P_97-98_Ia.tiff
Tie Points: atlas/2_general/9_waters_of_the_southern_ocean/31_oceanographic_coverage_and_boundaries_p_97-99/maps/P_97-98_Ia/P_97-98_Ia.gpkg

Target CRS: EPSG:3031
Number of tie points: 15
Source dimensions: 8278 x 5241 pixels
Source bands: 3

--------------------------------------------------------------------------------
CONTROL POINTS
--------------------------------------------------------------------------------
ID    Pixel X    Pixel Y    Map X        Map Y        Target X     Target Y    
--------------------------------------------------------------------------------
1     3929.6     4412.3     -177093      -1515145     0            1089179     
2     3931.2     3547.9     -175745      -784251      0            2194494     
3     3936.5     1825.1     -171253      672595       0            4524538     
4     3939.5     968.2      -168707      1397199      0            5791904     
5     945.3      3539.9     -2700630     -777438      -3918365     2262269     
6     534.0      4665.1     -3048482     -1728902     -4455800     785678      
7     1690.0     3974.0     -2070887     -1144532     -2886579     1666567     
8     2209.0     2282.5     -1632067     285810       -2262269     3918365     
9     7328.0     4687.3     2696693      -1747695     4455800      785678      
10    5628.2     4977.7     1259314      -1993273     2161155      381070      
11    6705.0     1985.6     2169824      536853       3722964      4436856     
12    5252.9     4169.2     941934       -1309586     1681080      1410594     
13    3934.3     2687.7     -173124      -56839       0            3333134     
14    5413.2     1231.5     1077489      1174532      1980948      5442609     
15    2305.0     4678.8     -1550869     -1740507     -2062150     750561      

--------------------------------------------------------------------------------
RESIDUAL ANALYSIS
--------------------------------------------------------------------------------
ID    dX (m)       dY (m)       Residual (m)   
--------------------------------------------------------------------------------
1     -2959.36     12599.32     12942.21       
2     5052.49      69758.98     69941.71       
3     23818.14     56827.49     61617.10       
4     33633.68     -58052.05    67091.47       
5     14381.99     -18558.03    23478.55       
6     5550.40      -59556.93    59815.01       
7     -45396.67    1121.49      45410.52       
8     21282.41     29679.33     36521.28       
9     -11377.96    -18046.31    21333.71       
10    55889.30     -21883.90    60020.99       
11    -75733.83    -42288.06    86740.37       
12    50131.91     32025.85     59488.35       
13    15006.71     88072.26     89341.61       
14    -19728.23    -47413.62    51354.21       
15    -69551.00    -24285.84    73669.14       
--------------------------------------------------------------------------------

TRANSFORMATION STATISTICS
--------------------------------------------------------------------------------
Transformation type: Affine (1st-order polynomial, 6 parameters)
Number of GCPs used: 15
Degrees of freedom:  12

Residual Errors:
  Mean error:       54584.42 m
  RMSE (total):     58906.14 m
  RMSE X:           37804.67 m
  RMSE Y:           45174.55 m
  Std deviation:    22146.66 m
  Maximum error:    89341.61 m
  Minimum error:    12942.21 m

Transformation Matrix:
  a (scale X):        1309.202101
  b (rotation):         -6.855368
  c (translation X):     -5117320.04
  d (rotation):         10.509101
  e (scale Y):       -1344.917200
  f (translation Y):      6994616.14

Derived Parameters:
  Pixel size X:      1309.20 m/pixel
  Pixel size Y:      1344.92 m/pixel
  Rotation:          -0.3000 degrees

QUALITY ASSESSMENT
--------------------------------------------------------------------------------
Overall quality: POOR (RMSE: 58906.14 m)

================================================================================