================================================================================
GEOREFERENCING REPORT
================================================================================
Date: 2026-09-09 22:56:29
Source Raster: atlas/3_regional/12_continent_and_islands/47_ellsworth_land_and_antarctic_peninsula_p_172-177/maps/P_172_I/P_172_I.tiff
Target Raster: atlas/3_regional/12_continent_and_islands/47_ellsworth_land_and_antarctic_peninsula_p_172-177/maps/P_172_I.tiff
Tie Points: atlas/3_regional/12_continent_and_islands/47_ellsworth_land_and_antarctic_peninsula_p_172-177/maps/P_172_I/P_172_I.gpkg

Source CRS (pixel lookup): EPSG:3031 — WGS 84 / Antarctic Polar Stereographic
Target CRS (output):       EPSG:3031 — WGS 84 / Antarctic Polar Stereographic
Number of tie points: 12
Source dimensions: 4823 x 8283 pixels
Source bands: 3
Source declared CRS: EPSG:3031

--------------------------------------------------------------------------------
CONTROL POINTS
--------------------------------------------------------------------------------
ID    Pixel X    Pixel Y    Src X        Src Y        Target X     Target Y    
--------------------------------------------------------------------------------
1     525.1      1361.1     -1594193     2349769      -1361482     71352       
2     748.3      7958.8     -1405595     -3226042     -1197070     62736       
3     1585.6     7936.2     -697953      -3206919     -1195793     83618       
4     2422.4     7930.6     9172         -3202220     -1194152     104475      
5     3260.5     7938.4     717519       -3208798     -1192146     125300      
6     4099.2     7960.2     1426312      -3227169     -1189778     146086      
7     4175.9     5763.8     1491081      -1371001     -1244201     152769      
8     2421.2     5732.7     8232         -1344760     -1248775     109254      
9     670.9      5762.8     -1470951     -1370132     -1251827     65605       
10    596.7      3562.2     -1533676     489537       -1306631     68478       
11    2423.5     3530.3     10112        516506       -1303445     114037      
12    1476.3     1336.2     -790326      2370795      -1360029     95103       

--------------------------------------------------------------------------------
RESIDUAL ANALYSIS
--------------------------------------------------------------------------------
ID    dX (m)       dY (m)       Residual (m)   
--------------------------------------------------------------------------------
1     5.81         61.43        61.70          
2     -2.39        22.85        22.97          
3     -28.93       23.91        37.54          
4     3.01         -1.52        3.37           
5     5.83         12.10        13.44          
6     -6.63        46.99        47.45          
7     14.19        1.29         14.24          
8     17.56        -75.11       77.13          
9     26.23        -42.01       49.53          
10    -2.67        -22.25       22.41          
11    -26.42       -60.03       65.59          
12    -5.58        32.37        32.84          
--------------------------------------------------------------------------------

TRANSFORMATION STATISTICS
--------------------------------------------------------------------------------
Transformation type: Affine (1st-order polynomial, 6 parameters)
Number of GCPs used: 12
Observations:        24 (2 per GCP)
Degrees of freedom:  18

Residual Errors:
  Mean error:          37.35 m
  RMSE (total):        43.47 m
  RMSE X:              15.54 m
  RMSE Y:              40.60 m
  Std deviation:       22.24 m
  Maximum error:       77.13 m  (point 8)
  Minimum error:        3.37 m
  RMSE excl. worst point:      39.00 m (10% lower)

Map scale: 1:400,000
  RMSE on the sheet:     0.11 mm
  Max error on sheet:    0.19 mm
  (0.5 mm is the conventional plotting accuracy)

Transformation Matrix:
  a (scale X):           2.165006
  b (rotation):         24.844790
  c (translation X):     -1396428.14
  d (rotation):         24.881740
  e (scale Y):          -2.153419
  f (translation Y):        61278.85

Derived Parameters:
  Pixel size X:         2.17 m/pixel
  Pixel size Y:         2.15 m/pixel
  Rotation:          85.0198 degrees

QUALITY ASSESSMENT
--------------------------------------------------------------------------------
Overall quality: EXCELLENT (RMSE 43 m = 0.11 mm at 1:400,000)

================================================================================