================================================================================
GEOREFERENCING REPORT
================================================================================
Date: 2026-09-09 22:34:20
Source Raster: atlas/3_regional/13_southern_ocean/50_indian_sector_and_davis_sea_p_190-207/maps/P_190-191_Ic/P_190-191_Ic.tiff
Target Raster: atlas/3_regional/13_southern_ocean/50_indian_sector_and_davis_sea_p_190-207/maps/P_190-191_Ic.tiff
Tie Points: atlas/3_regional/13_southern_ocean/50_indian_sector_and_davis_sea_p_190-207/maps/P_190-191_Ic/P_190-191_Ic.gpkg

Source CRS (pixel lookup): EPSG:3031 — WGS 84 / Antarctic Polar Stereographic
Target CRS (output):       EPSG:9354 — WGS 84 / IBCSO Polar Stereographic
Number of tie points: 15
Source dimensions: 7409 x 8276 pixels
Source bands: 3
Source declared CRS: EPSG:3031

--------------------------------------------------------------------------------
CONTROL POINTS
--------------------------------------------------------------------------------
ID    Pixel X    Pixel Y    Src X        Src Y        Target X     Target Y    
--------------------------------------------------------------------------------
1     410.1      8097.8     -2786466     -3349308     817560       -686014     
2     1639.4     6826.5     -1746736     -2273998     1647231      -1382191    
3     2825.2     5595.3     -743754      -1232651     2501917      -2099358    
4     4013.7     4364.9     261564       -191932      3396208      -2849757    
5     5238.0     3095.0     1297071      882210       4347519      -3648001    
6     6521.1     1764.1     2382355      2007925      5377646      -4512381    
7     5234.2     702.5      1293837      2905784      6079514      -3510009    
8     2980.2     1507.2     -612664      2225180      5333021      -1941061    
9     1171.0     2671.8     -2142879     1240167      4366081      -769858     
10    651.7      4297.7     -2582150     -135058      3216402      -567139     
11    135.7      5923.2     -3018590     -1509969     2117640      -373397     
12    2345.4     7763.1     -1149556     -3066195     1075154      -1862221    
13    3850.1     6952.1     123175       -2380199     1633010      -2828457    
14    5355.5     6138.4     1396489      -1691935     2216718      -3839467    
15    5807.7     7157.4     1778885      -2553854     1516324      -4166066    

--------------------------------------------------------------------------------
RESIDUAL ANALYSIS
--------------------------------------------------------------------------------
ID    dX (m)       dY (m)       Residual (m)   
--------------------------------------------------------------------------------
1     -133421.61   81785.18     156493.27      
2     -31289.59    10627.16     33045.04       
3     16166.65     -12176.65    20239.35       
4     23646.30     -3655.22     23927.14       
5     2944.29      30563.64     30705.13       
6     -51889.93    94188.19     107535.94      
7     -91400.69    17291.71     93021.98       
8     -8486.25     -66707.32    67244.95       
9     70738.72     -72525.55    101311.02      
10    81367.21     -6638.67     81637.58       
11    41501.53     65979.66     77946.73       
12    -65096.22    -35157.77    73983.69       
13    7521.54      -46254.83    46862.38       
14    56159.31     -12907.63    57623.57       
15    81538.74     -44411.89    92849.25       
--------------------------------------------------------------------------------

TRANSFORMATION STATISTICS
--------------------------------------------------------------------------------
Transformation type: Affine (1st-order polynomial, 6 parameters)
Number of GCPs used: 15
Observations:        30 (2 per GCP)
Degrees of freedom:  24

Residual Errors:
  Mean error:       70961.80 m
  RMSE (total):     79524.19 m
  RMSE X:           62274.50 m
  RMSE Y:           49456.88 m
  Std deviation:    35895.95 m
  Maximum error:   156493.27 m  (point 1)
  Minimum error:    20239.35 m
  RMSE excl. worst point:   70897.97 m (11% lower)

Map scale: 1:10,000,000
  RMSE on the sheet:     7.95 mm
  Max error on sheet:   15.65 mm
  (0.5 mm is the conventional plotting accuracy)

Transformation Matrix:
  a (scale X):          50.004112
  b (rotation):       -684.589842
  c (translation X):      6207329.87
  d (rotation):       -677.021672
  e (scale Y):         -51.048654
  f (translation Y):        86802.33

Derived Parameters:
  Pixel size X:        50.00 m/pixel
  Pixel size Y:        51.05 m/pixel
  Rotation:         -85.8224 degrees

QUALITY ASSESSMENT
--------------------------------------------------------------------------------
Overall quality: POOR (RMSE 79524 m = 7.95 mm at 1:10,000,000)

================================================================================