================================================================================
GEOREFERENCING REPORT
================================================================================
Date: 2026-09-22 23:38:11
Source Raster: atlas/2_general/6_geology_and_relief/22_geology_p_58-63/maps/P_60_III/P_60_III.tiff
Target Raster: maps/6_geology_and_relief/22_geology_p_58-63/P_60_III.tiff
Tie Points: atlas/2_general/6_geology_and_relief/22_geology_p_58-63/maps/P_60_III/P_60_III.gpkg

Source CRS (pixel lookup): EPSG:3031 — WGS 84 / Antarctic Polar Stereographic
Target CRS (output):       EPSG:3031 — WGS 84 / Antarctic Polar Stereographic
Number of tie points: 20
Source dimensions: 4138 x 4841 pixels
Source bands: 3
Source declared CRS: EPSG:3031

--------------------------------------------------------------------------------
CONTROL POINTS
--------------------------------------------------------------------------------
ID    Pixel X    Pixel Y    Src X        Src Y        Target X     Target Y    
--------------------------------------------------------------------------------
1     955.2      1627.3     -1610497     1146999      -2553329     2142497     
2     2941.1     1632.9     1261042      1138917      2553329      2142497     
3     2934.1     3299.4     1250893      -1270853     2553329      -2142497    
4     822.5      3107.3     -1802384     -993077      -2886579     -1666567    
5     1945.3     2462.6     -178862      -60893       0            0           
6     1080.3     2458.3     -1429698     -54691       -2194494     0           
7     1948.3     1597.0     -174540      1190789      0            2194494     
8     2811.6     2465.0     1073853      -64370       2194494      0           
9     1942.1     3326.8     -183561      -1310508     0            -2194494    
10    1943.6     2894.4     -181305      -685231      0            -1089179    
11    2376.6     2463.9     444723       -62773       1089179      0           
12    1512.9     2460.1     -804045      -57322       -1089179     0           
13    1946.5     2029.8     -177077      564948       0            1089179     
14    3325.2     4117.7     1816405      -2454124     3722964      -4436856    
15    1938.0     4616.3     -189481      -3175063     0            -5791904    
16    1951.5     308.3      -169935      3054216      0            5791904     
17    565.2      806.7      -2174506     2333465      -3722964     4436856     
18    3337.3     815.7      1833884      2320497      3722964      4436856     
19    3671.7     2467.3     2317454      -67659       4524538      0           
20    221.3      2455.1     -2671796     -49993       -4524538     0           

--------------------------------------------------------------------------------
RESIDUAL ANALYSIS
--------------------------------------------------------------------------------
ID    dX (m)       dY (m)       Residual (m)   
--------------------------------------------------------------------------------
1     -49475.91    74967.10     89821.67       
2     48569.03     72050.43     86891.97       
3     56705.72     -78028.42    96457.11       
4     -40455.86    -55443.27    68634.05       
5     5306.72      375.66       5320.00        
6     -67385.95    6581.79      67706.62       
7     -639.41      109542.15    109544.01      
8     81375.77     -807.21      81379.77       
9     10548.81     -104987.58   105516.20      
10    7752.27      -59509.29    60012.11       
11    46386.05     -486.74      46388.60       
12    -38686.66    4344.44      38929.83       
13    1652.38      63025.01     63046.66       
14    -74921.06    40946.88     85380.40       
15    20347.15     60799.87     64114.20       
16    -12809.80    -58326.13    59716.23       
17    84840.81     -38121.77    93012.00       
18    -95809.49    -45297.95    105978.12      
19    5372.57      -1682.14     5629.76        
20    11326.84     10057.18     15147.41       
--------------------------------------------------------------------------------

TRANSFORMATION STATISTICS
--------------------------------------------------------------------------------
Transformation type: Affine (1st-order polynomial, 6 parameters)
Number of GCPs used: 20
Observations:        40 (2 per GCP)
Degrees of freedom:  34

Residual Errors:
  Mean error:       67431.34 m
  RMSE (total):     74281.71 m
  RMSE X:           48682.01 m
  RMSE Y:           56105.56 m
  Std deviation:    31157.45 m
  Maximum error:   109544.01 m  (point 7)
  Minimum error:     5320.00 m
  RMSE excl. worst point:   71948.65 m (3% lower)

Map scale: 1:40,000,000
  RMSE on the sheet:     1.86 mm
  Max error on sheet:    2.74 mm
  (0.5 mm is the conventional plotting accuracy)

Transformation Matrix:
  a (scale X):        2620.817264
  b (rotation):         15.920025
  c (translation X):     -5132184.43
  d (rotation):          6.020872
  e (scale Y):       -2661.240231
  f (translation Y):      6542265.49

Derived Parameters:
  Pixel size X:      2620.82 m/pixel
  Pixel size Y:      2661.24 m/pixel
  Rotation:           0.3480 degrees

QUALITY ASSESSMENT
--------------------------------------------------------------------------------
Overall quality: POOR (RMSE 74282 m = 1.86 mm at 1:40,000,000)

================================================================================