================================================================================
GEOREFERENCING REPORT
================================================================================
Date: 2026-09-09 22:37:10
Source Raster: atlas/2_general/8_glaciation/29_ice_sheet_morphology_p_94-95/maps/P_94-95_II_G/P_94-95_II_G.tiff
Target Raster: atlas/2_general/8_glaciation/29_ice_sheet_morphology_p_94-95/maps/P_94-95_II_G.tiff
Tie Points: atlas/2_general/8_glaciation/29_ice_sheet_morphology_p_94-95/maps/P_94-95_II_G/P_94-95_II_G.gpkg

Source CRS (pixel lookup): EPSG:3031 — WGS 84 / Antarctic Polar Stereographic
Target CRS (output):       EPSG:3031 — WGS 84 / Antarctic Polar Stereographic
Number of tie points: 3
Source dimensions: 1433 x 1144 pixels
Source bands: 3
Source declared CRS: EPSG:3031

--------------------------------------------------------------------------------
CONTROL POINTS
--------------------------------------------------------------------------------
ID    Pixel X    Pixel Y    Src X        Src Y        Target X     Target Y    
--------------------------------------------------------------------------------
1     248.0      387.9      -2288679     899481       2638484      184501      
2     720.6      379.3      19979        941204       2643316      92307       
3     1191.3     387.7      2319427      900233       2644927      0           

--------------------------------------------------------------------------------
RESIDUAL ANALYSIS
--------------------------------------------------------------------------------
ID    dX (m)       dY (m)       Residual (m)   
--------------------------------------------------------------------------------
1     -0.00        0.00         0.00           
2     -0.00        0.00         0.00           
3     -0.00        0.00         0.00           
--------------------------------------------------------------------------------

TRANSFORMATION STATISTICS
--------------------------------------------------------------------------------
Transformation type: Affine (1st-order polynomial, 6 parameters)
Number of GCPs used: 3
Observations:        6 (2 per GCP)
Degrees of freedom:  0

Residual Errors:
  Mean error:           0.00 m
  RMSE (total):         0.00 m
  RMSE X:               0.00 m
  RMSE Y:               0.00 m
  Std deviation:        0.00 m
  Maximum error:        0.00 m  (point 3)
  Minimum error:        0.00 m
  RMSE excl. worst point:       0.00 m (1% lower)

Map scale: 1:3,000,000
  RMSE on the sheet:     0.00 mm
  Max error on sheet:    0.00 mm
  (0.5 mm is the conventional plotting accuracy)

Transformation Matrix:
  a (scale X):           6.798942
  b (rotation):       -189.481655
  c (translation X):      2710291.38
  d (rotation):       -195.586048
  e (scale Y):         -28.424459
  f (translation Y):       244025.99

Derived Parameters:
  Pixel size X:         6.80 m/pixel
  Pixel size Y:        28.42 m/pixel
  Rotation:         -87.9450 degrees

QUALITY ASSESSMENT
--------------------------------------------------------------------------------
Overall quality: EXCELLENT (RMSE 0 m = 0.00 mm at 1:3,000,000)
WARNING: Only 3 GCP(s) used, so the fit has 0 degree(s) of freedom and the residuals below understate the true error. Add more points.

================================================================================