================================================================================
GEOREFERENCING REPORT
================================================================================
Date: 2026-07-05 23:21:07
Source Raster: atlas/2_general/5_aeronomy_and_physics_of_the_earth/15_ionosphere_p_25-30/maps/P_26_II_V/P_26_II_V.tiff
Target Raster: atlas/2_general/5_aeronomy_and_physics_of_the_earth/15_ionosphere_p_25-30/maps/P_26_II_V.tiff
Tie Points: atlas/2_general/5_aeronomy_and_physics_of_the_earth/15_ionosphere_p_25-30/maps/P_26_II_V/P_26_II_V.gpkg

Target CRS: EPSG:3031
Number of tie points: 17
Source dimensions: 1582 x 1822 pixels
Source bands: 3

--------------------------------------------------------------------------------
CONTROL POINTS
--------------------------------------------------------------------------------
ID    Pixel X    Pixel Y    Map X        Map Y        Target X     Target Y    
--------------------------------------------------------------------------------
1     820.9      936.5      114688       -97853       0            0           
2     534.7      937.4      -984654      -101598      -2194494     0           
3     820.5      649.4      113274       1004984      0            2194494     
4     1109.6     935.0      1223934      -92028       2194494      0           
5     821.2      1224.9     116103       -1206100     0            -2194494    
6     820.9      1080.6     115021       -651477      0            -1089179    
7     965.8      935.8      671391       -95357       1089179      0           
8     677.4      936.9      -436273      -99434       -1089179     0           
9     820.8      791.8      114356       457851       0            1089179     
10    820.4      221.7      112774       2648382      0            5791904     
11    822.2      1651.9     119764       -2846418     0            -5791904    
12    1536.5     933.2      2864252      -85371       5791904      0           
13    111.1      938.9      -2612074     -107090      -5791904     0           
14    518.7      1241.2     -1046316     -1268594     -2356882     -2356882    
15    1127.1     1239.0     1291087      -1260106     2356882      -2356882    
16    1124.7     632.1      1282100      1071639      2356882      2356882     
17    517.2      634.0      -1051891     1064316      -4095495     4095495     

--------------------------------------------------------------------------------
RESIDUAL ANALYSIS
--------------------------------------------------------------------------------
ID    dX (m)       dY (m)       Residual (m)   
--------------------------------------------------------------------------------
1     -109630.92   102688.61    150212.82      
2     -291879.86   198737.37    353115.27      
3     -203486.04   287529.43    352249.55      
4     93858.38     10189.96     94409.91       
5     -15330.48    -93821.12    95065.37       
6     -63331.49    -2521.32     63381.66       
7     4713.89      55344.63     55545.02       
8     -211635.95   151463.48    260251.73      
9     -156101.62   212386.59    263582.59      
10    -339866.04   235541.12    413507.61      
11    127633.35    -35490.02    132475.71      
12    42675.23     -130815.49   137600.40      
13    -212903.52   341034.44    402035.32      
14    -166741.91   43847.19     172410.68      
15    172841.73    -159235.11   235010.82      
16    -38562.57    158230.30    162861.60      
17    1367747.82   -1375110.08  1939500.40     
--------------------------------------------------------------------------------

TRANSFORMATION STATISTICS
--------------------------------------------------------------------------------
Transformation type: Affine (1st-order polynomial, 6 parameters)
Number of GCPs used: 17
Degrees of freedom:  14

Residual Errors:
  Mean error:      310777.44 m
  RMSE (total):    524451.52 m
  RMSE X:          370190.80 m
  RMSE Y:          371494.50 m
  Std deviation:   422453.29 m
  Maximum error:  1939500.40 m
  Minimum error:    55545.02 m

Transformation Matrix:
  a (scale X):        8307.209084
  b (rotation):        316.305157
  c (translation X):     -7224828.25
  d (rotation):       -363.899007
  e (scale Y):       -8288.371257
  f (translation Y):      8163205.19

Derived Parameters:
  Pixel size X:      8307.21 m/pixel
  Pixel size Y:      8288.37 m/pixel
  Rotation:           2.1805 degrees

QUALITY ASSESSMENT
--------------------------------------------------------------------------------
Overall quality: POOR (RMSE: 524451.52 m)
WARNING: Point 17 has unusually high residual.
         Consider checking this control point.

================================================================================