================================================================================
GEOREFERENCING REPORT
================================================================================
Date: 2026-09-22 23:38:10
Source Raster: atlas/2_general/6_geology_and_relief/22_geology_p_58-63/maps/P_60_II/P_60_II.tiff
Target Raster: maps/6_geology_and_relief/22_geology_p_58-63/P_60_II.tiff
Tie Points: atlas/2_general/6_geology_and_relief/22_geology_p_58-63/maps/P_60_II/P_60_II.gpkg

Source CRS (pixel lookup): EPSG:3031 — WGS 84 / Antarctic Polar Stereographic
Target CRS (output):       EPSG:3031 — WGS 84 / Antarctic Polar Stereographic
Number of tie points: 21
Source dimensions: 4135 x 4849 pixels
Source bands: 3
Source declared CRS: EPSG:3031

--------------------------------------------------------------------------------
CONTROL POINTS
--------------------------------------------------------------------------------
ID    Pixel X    Pixel Y    Src X        Src Y        Target X     Target Y    
--------------------------------------------------------------------------------
1     1017.1     1641.6     -1516292     1130225      -2553329     2142497     
2     2998.2     1643.0     1343501      1128158      2553329      2142497     
3     3124.6     3123.1     1526085      -1008535     2553329      -2142497    
4     885.9      3120.3     -1705736     -1004400     -2886579     -1666567    
5     2006.2     2472.3     -88463       -68975       0            0           
6     1142.3     2472.9     -1335681     -69867       -2194494     0           
7     2008.4     1609.8     -85315       1176082      0            2194494     
8     2869.7     2475.0     1158004      -72968       2194494      0           
9     2004.0     3339.6     -91705       -1320986     0            -2194494    
10    2004.5     2906.4     -90953       -695708      0            -1089179    
11    2434.6     2474.7     529954       -72405       1089179      0           
12    1574.9     2473.9     -711062      -71371       -1089179     0           
13    2006.9     2041.4     -87476       553061       0            1089179     
14    2012.6     322.8      -79301       3034060      0            5791904     
15    2000.1     4629.5     -97249       -3183097     0            -5791904    
16    285.1      2470.5     -2573080     -66391       -4524538     0           
17    3728.4     2476.7     2397658      -75412       4524538      0           
18    3669.1     501.3      2312051      2776394      4605106      5488152     
19    357.3      500.3      -2468773     2777709      -4605106     5488152     
20    3658.3     4455.1     2296452      -2931352     4605106      -5488152    
21    355.5      3856.2     -2471404     -2066826     4436856      -3722964    

--------------------------------------------------------------------------------
RESIDUAL ANALYSIS
--------------------------------------------------------------------------------
ID    dX (m)       dY (m)       Residual (m)   
--------------------------------------------------------------------------------
1     586940.92    134880.86    602239.56      
2     -547222.07   70605.39     551758.21      
3     452379.26    327623.31    558555.30      
4     1402386.24   -72282.91    1404247.84     
5     435326.00    -11271.56    435471.89      
6     897954.55    13381.05     898054.24      
7     4988.33      139035.24    139124.70      
8     -26640.53    -45111.15    52390.20       
9     867961.06    -174672.74   885362.62      
10    650690.60    -102393.05   658697.65      
11    206222.17    -30788.58    208507.84      
12    660656.37    -2638.88     660661.64      
13    219513.73    71032.78     230720.47      
14    -635368.91   40703.93     636671.39      
15    1510414.46   -84138.38    1512756.13     
16    1508244.83   46055.79     1508947.85     
17    -634159.51   -75886.75    638683.87      
18    -1829324.44  -191308.10   1839300.60     
19    740664.86    -87887.60    745861.02      
20    141861.25    35691.96     146282.37      
21    -6613489.16  -630.62      6613489.19     
--------------------------------------------------------------------------------

TRANSFORMATION STATISTICS
--------------------------------------------------------------------------------
Transformation type: Affine (1st-order polynomial, 6 parameters)
Number of GCPs used: 21
Observations:        42 (2 per GCP)
Degrees of freedom:  36

Residual Errors:
  Mean error:      996561.17 m
  RMSE (total):   1673288.60 m
  RMSE X:         1669490.50 m
  RMSE Y:          112677.49 m
  Std deviation:  1344157.94 m
  Maximum error:  6613489.19 m  (point 21)
  Minimum error:    52390.20 m
  RMSE excl. worst point:  867742.77 m (48% lower)

Map scale: 1:40,000,000
  RMSE on the sheet:    41.83 mm
  Max error on sheet:  165.34 mm
  (0.5 mm is the conventional plotting accuracy)

Transformation Matrix:
  a (scale X):        2004.913812
  b (rotation):        504.029472
  c (translation X):     -4833074.94
  d (rotation):        -30.480249
  e (scale Y):       -2718.785210
  f (translation Y):      6771476.19

Derived Parameters:
  Pixel size X:      2004.91 m/pixel
  Pixel size Y:      2718.79 m/pixel
  Rotation:          14.1116 degrees

QUALITY ASSESSMENT
--------------------------------------------------------------------------------
Overall quality: POOR (RMSE 1673289 m = 41.83 mm at 1:40,000,000)
WARNING: Point 21 has an unusually high residual (6613489 m vs 996561 m mean).
         Dropping it would reduce RMSE to 867743 m. Check that point's lon/lat against its plotted position.

================================================================================