================================================================================
GEOREFERENCING REPORT
================================================================================
Date: 2026-09-09 22:32:34
Source Raster: atlas/3_regional/12_continent_and_islands/43_queen_maud_land_and_enderby_land_p_136-141/maps/P_136-137_I_V/P_136-137_I_V.tiff
Target Raster: atlas/3_regional/12_continent_and_islands/43_queen_maud_land_and_enderby_land_p_136-141/maps/P_136-137_I_V.tiff
Tie Points: atlas/3_regional/12_continent_and_islands/43_queen_maud_land_and_enderby_land_p_136-141/maps/P_136-137_I_V/P_136-137_I_V.gpkg

Source CRS (pixel lookup): EPSG:3031 — WGS 84 / Antarctic Polar Stereographic
Target CRS (output):       EPSG:3031 — WGS 84 / Antarctic Polar Stereographic
Number of tie points: 8
Source dimensions: 3577 x 1553 pixels
Source bands: 3
Source declared CRS: EPSG:3031

--------------------------------------------------------------------------------
CONTROL POINTS
--------------------------------------------------------------------------------
ID    Pixel X    Pixel Y    Src X        Src Y        Target X     Target Y    
--------------------------------------------------------------------------------
1     99.3       880.6      -3305666     -203710      414779       2069507     
2     1062.8     881.1      -1420086     -204790      420799       2068291     
3     2021.7     882.4      456360       -207281      426814       2067058     
4     2982.6     879.9      2336792      -202298      432823       2065809     
5     2982.0     297.7      2335630      936955       433586       2069448     
6     2022.8     297.8      458602       936789       427566       2070700     
7     1063.0     297.7      -1419837     936955       421540       2071935     
8     100.0      297.9      -3304254     936622       415510       2073153     

--------------------------------------------------------------------------------
RESIDUAL ANALYSIS
--------------------------------------------------------------------------------
ID    dX (m)       dY (m)       Residual (m)   
--------------------------------------------------------------------------------
1     -12.37       15.00        19.44          
2     5.04         -10.82       11.93          
3     -4.16        -17.63       18.11          
4     11.50        13.53        17.76          
5     -11.68       11.29        16.24          
6     -2.71        -8.94        9.35           
7     9.19         -10.41       13.89          
8     5.18         7.99         9.52           
--------------------------------------------------------------------------------

TRANSFORMATION STATISTICS
--------------------------------------------------------------------------------
Transformation type: Affine (1st-order polynomial, 6 parameters)
Number of GCPs used: 8
Observations:        16 (2 per GCP)
Degrees of freedom:  10

Residual Errors:
  Mean error:          14.53 m
  RMSE (total):        14.99 m
  RMSE X:               8.54 m
  RMSE Y:              12.33 m
  Std deviation:        3.70 m
  Maximum error:       19.44 m  (point 1)
  Minimum error:        9.35 m
  RMSE excl. worst point:      14.25 m (5% lower)

Map scale: 1:100,000
  RMSE on the sheet:     0.15 mm
  Max error on sheet:    0.19 mm
  (0.5 mm is the conventional plotting accuracy)

Transformation Matrix:
  a (scale X):           6.266016
  b (rotation):         -1.276318
  c (translation X):       415268.55
  d (rotation):         -1.284765
  e (scale Y):          -6.246074
  f (translation Y):      2075149.75

Derived Parameters:
  Pixel size X:         6.27 m/pixel
  Pixel size Y:         6.25 m/pixel
  Rotation:         -11.5130 degrees

QUALITY ASSESSMENT
--------------------------------------------------------------------------------
Overall quality: EXCELLENT (RMSE 15 m = 0.15 mm at 1:100,000)

================================================================================