================================================================================
GEOREFERENCING REPORT
================================================================================
Date: 2026-09-09 22:34:31
Source Raster: atlas/3_regional/13_southern_ocean/50_indian_sector_and_davis_sea_p_190-207/maps/P_195_IV_B/P_195_IV_B.tiff
Target Raster: atlas/3_regional/13_southern_ocean/50_indian_sector_and_davis_sea_p_190-207/maps/P_195_IV_B.tiff
Tie Points: atlas/3_regional/13_southern_ocean/50_indian_sector_and_davis_sea_p_190-207/maps/P_195_IV_B/P_195_IV_B.gpkg

Source CRS (pixel lookup): EPSG:3031 — WGS 84 / Antarctic Polar Stereographic
Target CRS (output):       EPSG:9354 — WGS 84 / IBCSO Polar Stereographic
Number of tie points: 14
Source dimensions: 4170 x 2033 pixels
Source bands: 3
Source declared CRS: EPSG:3031

--------------------------------------------------------------------------------
CONTROL POINTS
--------------------------------------------------------------------------------
ID    Pixel X    Pixel Y    Src X        Src Y        Target X     Target Y    
--------------------------------------------------------------------------------
1     2075.0     1951.8     -16732       -1570022     1051035      185326      
2     2075.5     1511.4     -16013       -830821      2117640      373397      
3     2075.9     1084.7     -15293       -114406      3216402      567139      
4     2076.3     216.5      -14574       1342888      5589062      985502      
5     2075.6     656.9      -15773       603687       4366081      769858      
6     470.2      1606.3     -2710723     -990078      769858       4366081     
7     269.0      1106.2     -3048364     -150503      1941061      5333021     
8     2841.9     1890.1     1270512      -1466409     1382191      -1647231    
9     3869.6     1105.0     2995712      -148584      3648001      -4347519    
10    3639.3     246.5      2609083      1292640      6079514      -3510009    
11    1066.6     450.2      -1709553     950622       4347519      3648001     
12    1518.4     1686.5     -951166      -1124751     1382191      1647231     
13    2502.5     1610.6     700882       -997273      2020628      -735448     
14    2882.4     845.8      1338628      286613       4166066      -1516324    

--------------------------------------------------------------------------------
RESIDUAL ANALYSIS
--------------------------------------------------------------------------------
ID    dX (m)       dY (m)       Residual (m)   
--------------------------------------------------------------------------------
1     -194552.00   -11050.54    194865.58      
2     -101826.00   -17493.53    103317.76      
3     -76986.71    -35240.62    84669.09       
4     -164294.18   -94423.15    189494.88      
5     -100786.30   -59644.42    117112.49      
6     197373.68    233390.05    305658.78      
7     242588.24    10683.12     242823.36      
8     18371.73     -198807.44   199654.50      
9     330444.29    85305.40     341277.66      
10    44254.41     218651.93    223085.45      
11    -40332.83    -159929.03   164936.44      
12    -104508.43   122318.75    160884.71      
13    -53296.98    -89229.13    103934.62      
14    3551.06      -4531.40     5757.05        
--------------------------------------------------------------------------------

TRANSFORMATION STATISTICS
--------------------------------------------------------------------------------
Transformation type: Affine (1st-order polynomial, 6 parameters)
Number of GCPs used: 14
Observations:        28 (2 per GCP)
Degrees of freedom:  22

Residual Errors:
  Mean error:      174105.17 m
  RMSE (total):    194174.64 m
  RMSE X:          150236.29 m
  RMSE Y:          123015.65 m
  Std deviation:    85971.98 m
  Maximum error:   341277.66 m  (point 9)
  Minimum error:     5757.05 m
  RMSE excl. worst point:  177889.90 m (8% lower)

Map scale: 1:40,000,000
  RMSE on the sheet:     4.85 mm
  Max error on sheet:    8.53 mm
  (0.5 mm is the conventional plotting accuracy)

Transformation Matrix:
  a (scale X):         497.643751
  b (rotation):      -2632.251745
  c (translation X):      4961443.23
  d (rotation):      -2668.039863
  e (scale Y):        -415.058417
  f (translation Y):      6520648.82

Derived Parameters:
  Pixel size X:       497.64 m/pixel
  Pixel size Y:       415.06 m/pixel
  Rotation:         -79.2942 degrees

QUALITY ASSESSMENT
--------------------------------------------------------------------------------
Overall quality: POOR (RMSE 194175 m = 4.85 mm at 1:40,000,000)

================================================================================