================================================================================
GEOREFERENCING REPORT
================================================================================
Date: 2026-08-26 23:53:27
Source Raster: atlas/2_general/5_aeronomy_and_physics_of_the_earth/15_ionosphere_p_25-30/maps/P_28_IV_K/P_28_IV_K.tiff
Target Raster: atlas/2_general/5_aeronomy_and_physics_of_the_earth/15_ionosphere_p_25-30/maps/P_28_IV_K.tiff
Tie Points: atlas/2_general/5_aeronomy_and_physics_of_the_earth/15_ionosphere_p_25-30/maps/P_28_IV_K/P_28_IV_K.gpkg

Target CRS: EPSG:3031
Number of tie points: 13
Source dimensions: 1593 x 1821 pixels
Source bands: 3

--------------------------------------------------------------------------------
CONTROL POINTS
--------------------------------------------------------------------------------
ID    Pixel X    Pixel Y    Map X        Map Y        Target X     Target Y    
--------------------------------------------------------------------------------
1     767.6      887.9      -110931      86943        0            0           
2     481.4      887.3      -1211217     89102        -2194494     0           
3     768.5      601.7      -107813      1186869      0            2194494     
4     1054.1     889.1      990374       82146        2194494      0           
5     766.8      1173.4     -114049      -1010705     0            -2194494    
6     767.1      1030.4     -112970      -460981      0            -1089179    
7     910.6      888.4      438432       84904        1089179      0           
8     624.9      887.5      -659695      88382        -1089179     0           
9     768.4      745.2      -108173      635587       0            1089179     
10    769.4      176.2      -104275      2822607      0            5791904     
11    54.9       887.2      -2850733     89581        -5791904     0           
12    1481.8     891.1      2634507      74711        5791904      0           
13    766.0      1599.7     -117227      -2649441     0            -5791904    

--------------------------------------------------------------------------------
RESIDUAL ANALYSIS
--------------------------------------------------------------------------------
ID    dX (m)       dY (m)       Residual (m)   
--------------------------------------------------------------------------------
1     -1345.24     1698.13      2166.41        
2     -108289.39   -191.49      108289.56      
3     -557.54      113170.66    113172.03      
4     107744.77    -1937.37     107762.18      
5     -2144.82     -104997.58   105019.48      
6     -2753.07     -57834.60    57900.09       
7     58569.06     627.10       58572.42       
8     -60002.24    1515.59      60021.38       
9     1563.85      62743.52     62763.01       
10    -1685.17     -54962.04    54987.86       
11    59803.17     -8744.76     60439.15       
12    -50654.32    -7939.07     51272.69       
13    -249.06      56851.92     56852.46       
--------------------------------------------------------------------------------

TRANSFORMATION STATISTICS
--------------------------------------------------------------------------------
Transformation type: Affine (1st-order polynomial, 6 parameters)
Number of GCPs used: 13
Degrees of freedom:  10

Residual Errors:
  Mean error:       69170.67 m
  RMSE (total):     75469.59 m
  RMSE X:           53008.02 m
  RMSE Y:           53719.72 m
  Std deviation:    30184.06 m
  Maximum error:   113172.03 m
  Minimum error:     2166.41 m

Transformation Matrix:
  a (scale X):        8040.440149
  b (rotation):         20.039472
  c (translation X):     -6191318.10
  d (rotation):         22.412025
  e (scale Y):       -8058.871713
  f (translation Y):      7139824.22

Derived Parameters:
  Pixel size X:      8040.44 m/pixel
  Pixel size Y:      8058.87 m/pixel
  Rotation:           0.1428 degrees

QUALITY ASSESSMENT
--------------------------------------------------------------------------------
Overall quality: POOR (RMSE: 75469.59 m)

================================================================================