================================================================================
GEOREFERENCING REPORT
================================================================================
Date: 2026-09-06 23:14:55
Source Raster: atlas/2_general/8_glaciation/29_ice_sheet_morphology_p_94-95/maps/P_94-95_II_Zh/P_94-95_II_Zh.tiff
Target Raster: atlas/2_general/8_glaciation/29_ice_sheet_morphology_p_94-95/maps/P_94-95_II_Zh.tiff
Tie Points: atlas/2_general/8_glaciation/29_ice_sheet_morphology_p_94-95/maps/P_94-95_II_Zh/P_94-95_II_Zh.gpkg

Target CRS: EPSG:3031
Number of tie points: 12
Source dimensions: 1137 x 875 pixels
Source bands: 3

--------------------------------------------------------------------------------
CONTROL POINTS
--------------------------------------------------------------------------------
ID    Pixel X    Pixel Y    Map X        Map Y        Target X     Target Y    
--------------------------------------------------------------------------------
1     192.6      705.8      -2314286     -1651948     -2886579     -1666567    
2     562.2      492.3      -38706       -337118      0            0           
3     276.5      492.1      -1797451     -335991      -2194494     0           
4     561.5      209.9      -42840       1401329      0            2194494     
5     846.5      492.0      1711394      -335803      2194494      0           
6     563.2      775.5      -32692       -2081204     0            -2194494    
7     562.6      631.8      -36451       -1196381     0            -1089179    
8     704.5      492.4      837096       -338246      1089179      0           
9     421.6      492.4      -904359      -337870      -1089179     0           
10    561.8      352.3      -41337       524775       0            1089179     
11    931.2      279.1      2232740      975080       2886579      1666567     
12    190.4      279.4      -2327818     973201       -2886579     1666567     

--------------------------------------------------------------------------------
RESIDUAL ANALYSIS
--------------------------------------------------------------------------------
ID    dX (m)       dY (m)       Residual (m)   
--------------------------------------------------------------------------------
1     8891.76      4618.44      10019.65       
2     -651.38      1386.04      1531.47        
3     -23248.06    2319.27      23363.46       
4     5252.29      5282.25      7449.07        
5     11062.60     3540.02      11615.20       
6     -4221.90     -9639.55     10523.57       
7     -3302.61     3966.51      5161.44        
8     14209.54     205.44       14211.03       
9     -2730.63     192.85       2737.44        
10    1542.83      2132.76      2632.30        
11    -15423.59    -5174.81     16268.55       
12    8619.15      -8829.21     12338.75       
--------------------------------------------------------------------------------

TRANSFORMATION STATISTICS
--------------------------------------------------------------------------------
Transformation type: Affine (1st-order polynomial, 6 parameters)
Number of GCPs used: 12
Degrees of freedom:  9

Residual Errors:
  Mean error:        9820.99 m
  RMSE (total):     11581.82 m
  RMSE X:           10498.35 m
  RMSE Y:            4891.15 m
  Std deviation:     6138.95 m
  Maximum error:    23363.46 m
  Minimum error:     1531.47 m

Transformation Matrix:
  a (scale X):        7761.035623
  b (rotation):        -39.366002
  c (translation X):     -4344628.86
  d (rotation):          1.724917
  e (scale Y):       -7785.403499
  f (translation Y):      3832840.83

Derived Parameters:
  Pixel size X:      7761.04 m/pixel
  Pixel size Y:      7785.40 m/pixel
  Rotation:          -0.2906 degrees

QUALITY ASSESSMENT
--------------------------------------------------------------------------------
Overall quality: POOR (RMSE: 11581.82 m)

================================================================================