================================================================================
GEOREFERENCING REPORT
================================================================================
Date: 2026-09-08 22:48:25
Source Raster: atlas/3_regional/13_southern_ocean/50_indian_sector_and_davis_sea_p_190-207/maps/P_203_VIII/P_203_VIII.tiff
Target Raster: atlas/3_regional/13_southern_ocean/50_indian_sector_and_davis_sea_p_190-207/maps/P_203_VIII.tiff
Tie Points: atlas/3_regional/13_southern_ocean/50_indian_sector_and_davis_sea_p_190-207/maps/P_203_VIII/P_203_VIII.gpkg

Target CRS: EPSG:9354
Number of tie points: 3
Source dimensions: 2701 x 1560 pixels
Source bands: 3

--------------------------------------------------------------------------------
CONTROL POINTS
--------------------------------------------------------------------------------
ID    Pixel X    Pixel Y    Map X        Map Y        Target X     Target Y    
--------------------------------------------------------------------------------
1     615.4      615.6      -1905222     426136       2692673      235578      
2     1344.0     589.5      -16887       493722       2702959      0           
3     2069.9     619.1      1864451      417113       2692673      -235578     

--------------------------------------------------------------------------------
RESIDUAL ANALYSIS
--------------------------------------------------------------------------------
ID    dX (m)       dY (m)       Residual (m)   
--------------------------------------------------------------------------------
1     0.00         -0.00        0.00           
2     0.00         -0.00        0.00           
3     0.00         0.00         0.00           
--------------------------------------------------------------------------------

TRANSFORMATION STATISTICS
--------------------------------------------------------------------------------
Transformation type: Affine (1st-order polynomial, 6 parameters)
Number of GCPs used: 3
Degrees of freedom:  0

Residual Errors:
  Mean error:           0.00 m
  RMSE (total):         0.00 m
  RMSE X:               0.00 m
  RMSE Y:               0.00 m
  Std deviation:        0.00 m
  Maximum error:        0.00 m
  Minimum error:        0.00 m

Transformation Matrix:
  a (scale X):           0.884937
  b (rotation):       -369.686745
  c (translation X):      2919697.59
  d (rotation):       -323.880416
  e (scale Y):         -15.718334
  f (translation Y):       444556.02

Derived Parameters:
  Pixel size X:         0.88 m/pixel
  Pixel size Y:        15.72 m/pixel
  Rotation:         -89.8628 degrees

QUALITY ASSESSMENT
--------------------------------------------------------------------------------
Overall quality: EXCELLENT (RMSE: 0.00 m)
WARNING: Less than 4 GCPs used. Consider adding more points.

================================================================================