================================================================================
GEOREFERENCING REPORT
================================================================================
Date: 2026-09-09 22:34:36
Source Raster: atlas/3_regional/13_southern_ocean/50_indian_sector_and_davis_sea_p_190-207/maps/P_196-197_Vc/P_196-197_Vc.tiff
Target Raster: atlas/3_regional/13_southern_ocean/50_indian_sector_and_davis_sea_p_190-207/maps/P_196-197_Vc.tiff
Tie Points: atlas/3_regional/13_southern_ocean/50_indian_sector_and_davis_sea_p_190-207/maps/P_196-197_Vc/P_196-197_Vc.gpkg

Source CRS (pixel lookup): EPSG:3031 — WGS 84 / Antarctic Polar Stereographic
Target CRS (output):       EPSG:9354 — WGS 84 / IBCSO Polar Stereographic
Number of tie points: 13
Source dimensions: 8279 x 8266 pixels
Source bands: 3
Source declared CRS: EPSG:3031

--------------------------------------------------------------------------------
CONTROL POINTS
--------------------------------------------------------------------------------
ID    Pixel X    Pixel Y    Src X        Src Y        Target X     Target Y    
--------------------------------------------------------------------------------
1     756.8      746.2      -2860096     2863546      -2501917     2099358     
2     7556.0     776.5      2888687      2837927      2501917      2099358     
3     7533.1     7395.8     2869304      -2758760     2501917      -2099358    
4     309.0      6624.6     -3238728     -2106642     -2828457     -1633010    
5     4140.9     4071.1     1147         52347        0            0           
6     1191.1     4056.0     -2492877     65103        -2150308     0           
7     4167.4     625.6      23551        2965583      0            2150308     
8     7106.0     4084.5     2508174      41032        2150308      0           
9     4139.2     7507.8     -285         -2853438     0            -2150308    
10    4142.3     5796.2     2389         -1406298     0            -1067249    
11    5624.7     4077.7     1255775      46768        1067249      0           
12    2669.7     4063.5     -1242710     58770        -1067249     0           
13    4147.4     2352.8     6667         1505155      0            1067249     

--------------------------------------------------------------------------------
RESIDUAL ANALYSIS
--------------------------------------------------------------------------------
ID    dX (m)       dY (m)       Residual (m)   
--------------------------------------------------------------------------------
1     6984.58      -15012.56    16557.82       
2     -9175.48     -14246.08    16945.21       
3     -11745.61    14729.61     18839.34       
4     17676.68     13133.22     22021.51       
5     -5379.68     -187.68      5382.95        
6     -18904.92    703.41       18918.00       
7     6642.50      20016.05     21089.46       
8     19422.82     40.60        19422.86       
9     774.17       -14767.36    14787.64       
10    -589.45      -19661.64    19670.47       
11    15893.38     -11.33       15893.38       
12    -17310.04    302.53       17312.69       
13    -4288.94     14961.22     15563.84       
--------------------------------------------------------------------------------

TRANSFORMATION STATISTICS
--------------------------------------------------------------------------------
Transformation type: Affine (1st-order polynomial, 6 parameters)
Number of GCPs used: 13
Observations:        26 (2 per GCP)
Degrees of freedom:  20

Residual Errors:
  Mean error:       17108.09 m
  RMSE (total):     17563.54 m
  RMSE X:           12287.21 m
  RMSE Y:           12549.99 m
  Std deviation:     3973.81 m
  Maximum error:    22021.51 m  (point 4)
  Minimum error:     5382.95 m
  RMSE excl. worst point:   17139.78 m (2% lower)

Transformation Matrix:
  a (scale X):         733.561692
  b (rotation):          2.152203
  c (translation X):     -3051715.29
  d (rotation):          2.919919
  e (scale Y):        -629.928184
  f (translation Y):      2552215.02

Derived Parameters:
  Pixel size X:       733.56 m/pixel
  Pixel size Y:       629.93 m/pixel
  Rotation:           0.1681 degrees

QUALITY ASSESSMENT
--------------------------------------------------------------------------------
Overall quality: POOR (RMSE: 17563.54 m; map scale unknown)

================================================================================