================================================================================
GEOREFERENCING REPORT
================================================================================
Date: 2026-09-22 23:38:12
Source Raster: atlas/2_general/6_geology_and_relief/22_geology_p_58-63/maps/P_63_VI/P_63_VI.tiff
Target Raster: maps/6_geology_and_relief/22_geology_p_58-63/P_63_VI.tiff
Tie Points: atlas/2_general/6_geology_and_relief/22_geology_p_58-63/maps/P_63_VI/P_63_VI.gpkg

Source CRS (pixel lookup): EPSG:3031 — WGS 84 / Antarctic Polar Stereographic
Target CRS (output):       EPSG:3031 — WGS 84 / Antarctic Polar Stereographic
Number of tie points: 12
Source dimensions: 4749 x 4832 pixels
Source bands: 3
Source declared CRS: EPSG:3031

--------------------------------------------------------------------------------
CONTROL POINTS
--------------------------------------------------------------------------------
ID    Pixel X    Pixel Y    Src X        Src Y        Target X     Target Y    
--------------------------------------------------------------------------------
1     360.0      443.3      -2918373     2857819      -2553329     2142497     
2     4320.6     460.5      2819254      2832823      2553329      2142497     
3     4307.2     3787.2     2799850      -1986435     2553329      -2142497    
4     2335.7     2111.6     -56137       440907       0            0           
5     608.6      2103.9     -2558186     452184       -2194494     0           
6     2343.3     389.7      -45143       2935438      0            2194494     
7     4055.4     2121.4     2435058      426718       2194494      0           
8     2331.9     2974.9     -61681       -809647      0            -1089179    
9     3195.0     2117.0     1188685      433155       1089179      0           
10    1473.5     2107.8     -1305282     446451       -1089179     0           
11    2338.6     1253.1     -52003       1684696      0            1089179     
12    2328.1     3840.8     -67179       -2064054     0            -2194494    

--------------------------------------------------------------------------------
RESIDUAL ANALYSIS
--------------------------------------------------------------------------------
ID    dX (m)       dY (m)       Residual (m)   
--------------------------------------------------------------------------------
1     11909.11     -12580.31    17323.13       
2     -16483.72    -16621.16    23408.89       
3     -10739.40    11641.94     15838.86       
4     3325.43      4147.15      5315.76        
5     -16697.46    6241.57      17825.89       
6     1193.08      13013.44     13068.02       
7     13756.12     -554.39      13767.28       
8     4365.66      -11258.82    12075.59       
9     15925.42     1212.94      15971.55       
10    -13089.85    5117.27      14054.56       
11    1069.83      13572.67     13614.77       
12    5465.79      -13932.32    14966.11       
--------------------------------------------------------------------------------

TRANSFORMATION STATISTICS
--------------------------------------------------------------------------------
Transformation type: Affine (1st-order polynomial, 6 parameters)
Number of GCPs used: 12
Observations:        24 (2 per GCP)
Degrees of freedom:  18

Residual Errors:
  Mean error:       14769.20 m
  RMSE (total):     15310.82 m
  RMSE X:           11122.18 m
  RMSE Y:           10522.28 m
  Std deviation:     4036.32 m
  Maximum error:    23408.89 m  (point 2)
  Minimum error:     5315.76 m
  RMSE excl. worst point:   14349.78 m (6% lower)

Map scale: 1:20,000,000
  RMSE on the sheet:     0.77 mm
  Max error on sheet:    1.17 mm
  (0.5 mm is the conventional plotting accuracy)

Transformation Matrix:
  a (scale X):        1282.165051
  b (rotation):          6.889412
  c (translation X):     -3006038.66
  d (rotation):          4.554161
  e (scale Y):       -1279.561015
  f (translation Y):      2695492.34

Derived Parameters:
  Pixel size X:      1282.17 m/pixel
  Pixel size Y:      1279.56 m/pixel
  Rotation:           0.3079 degrees

QUALITY ASSESSMENT
--------------------------------------------------------------------------------
Overall quality: ACCEPTABLE (RMSE 15311 m = 0.77 mm at 1:20,000,000)

================================================================================