================================================================================
GEOREFERENCING REPORT
================================================================================
Date: 2026-09-09 22:36:25
Source Raster: atlas/2_general/6_geology_and_relief/23_relief_and_bottom_sediments_p_64-72/maps/P_67-68_IVa/P_67-68_IVa.tiff
Target Raster: atlas/2_general/6_geology_and_relief/23_relief_and_bottom_sediments_p_64-72/maps/P_67-68_IVa.tiff
Tie Points: atlas/2_general/6_geology_and_relief/23_relief_and_bottom_sediments_p_64-72/maps/P_67-68_IVa/P_67-68_IVa.gpkg

Source CRS (pixel lookup): EPSG:3031 — WGS 84 / Antarctic Polar Stereographic
Target CRS (output):       EPSG:3031 — WGS 84 / Antarctic Polar Stereographic
Number of tie points: 4
Source dimensions: 8295 x 5218 pixels
Source bands: 3
Source declared CRS: EPSG:3031

--------------------------------------------------------------------------------
CONTROL POINTS
--------------------------------------------------------------------------------
ID    Pixel X    Pixel Y    Src X        Src Y        Target X     Target Y    
--------------------------------------------------------------------------------
1     3944.5     3540.1     -171309      -785708      0            2194494     
2     1397.7     4816.8     -2320503     -1863109     -3282496     578793      
3     3945.7     4404.6     -170307      -1515264     0            1089179     
4     6378.2     4382.4     1882466      -1496500     3132121      1139999     

--------------------------------------------------------------------------------
RESIDUAL ANALYSIS
--------------------------------------------------------------------------------
ID    dX (m)       dY (m)       Residual (m)   
--------------------------------------------------------------------------------
1     54.68        -2111.51     2112.22        
2     121.56       -4693.87     4695.45        
3     -303.60      11723.05     11726.98       
4     127.36       -4917.67     4919.32        
--------------------------------------------------------------------------------

TRANSFORMATION STATISTICS
--------------------------------------------------------------------------------
Transformation type: Affine (1st-order polynomial, 6 parameters)
Number of GCPs used: 4
Observations:        8 (2 per GCP)
Degrees of freedom:  2

Residual Errors:
  Mean error:        5863.49 m
  RMSE (total):      6859.86 m
  RMSE X:             177.60 m
  RMSE Y:            6857.56 m
  Std deviation:     3560.49 m
  Maximum error:    11726.98 m  (point 3)
  Minimum error:     2112.22 m
  RMSE excl. worst point:    4111.30 m (40% lower)

Map scale: 1:20,000,000
  RMSE on the sheet:     0.34 mm
  Max error on sheet:    0.59 mm
  (0.5 mm is the conventional plotting accuracy)

Transformation Matrix:
  a (scale X):        1287.752404
  b (rotation):         -2.183181
  c (translation X):     -5071755.03
  d (rotation):          2.510347
  e (scale Y):       -1262.524580
  f (translation Y):      6651897.95

Derived Parameters:
  Pixel size X:      1287.75 m/pixel
  Pixel size Y:      1262.52 m/pixel
  Rotation:          -0.0971 degrees

QUALITY ASSESSMENT
--------------------------------------------------------------------------------
Overall quality: GOOD (RMSE 6860 m = 0.34 mm at 1:20,000,000)

================================================================================